../Middlewares/Third_Party/EasyLogger/src/elog.c:162:13:elog_init	16	static
../Middlewares/Third_Party/EasyLogger/src/elog.c:211:6:elog_deinit	8	static
../Middlewares/Third_Party/EasyLogger/src/elog.c:233:6:elog_start	24	static
../Middlewares/Third_Party/EasyLogger/src/elog.c:254:6:elog_stop	24	static
../Middlewares/Third_Party/EasyLogger/src/elog.c:278:6:elog_set_output_enabled	40	static
../Middlewares/Third_Party/EasyLogger/src/elog.c:290:6:elog_set_text_color_enabled	40	static
../Middlewares/Third_Party/EasyLogger/src/elog.c:301:6:elog_get_text_color_enabled	4	static
../Middlewares/Third_Party/EasyLogger/src/elog.c:311:6:elog_get_output_enabled	4	static
../Middlewares/Third_Party/EasyLogger/src/elog.c:321:6:elog_set_fmt	40	static
../Middlewares/Third_Party/EasyLogger/src/elog.c:334:6:elog_set_filter	48	static
../Middlewares/Third_Party/EasyLogger/src/elog.c:347:6:elog_set_filter_lvl	40	static
../Middlewares/Third_Party/EasyLogger/src/elog.c:358:6:elog_set_filter_tag	16	static
../Middlewares/Third_Party/EasyLogger/src/elog.c:367:6:elog_set_filter_kw	16	static
../Middlewares/Third_Party/EasyLogger/src/elog.c:374:6:elog_output_lock	8	static
../Middlewares/Third_Party/EasyLogger/src/elog.c:386:6:elog_output_unlock	8	static
../Middlewares/Third_Party/EasyLogger/src/elog.c:398:13:elog_set_filter_tag_lvl_default	16	static
../Middlewares/Third_Party/EasyLogger/src/elog.c:427:6:elog_set_filter_tag_lvl	48	static
../Middlewares/Third_Party/EasyLogger/src/elog.c:480:9:elog_get_filter_tag_lvl	48	static
../Middlewares/Third_Party/EasyLogger/src/elog.c:510:6:elog_raw_output	24	static
../Middlewares/Third_Party/EasyLogger/src/elog.c:564:6:elog_output	104	static
../Middlewares/Third_Party/EasyLogger/src/elog.c:736:13:get_fmt_enabled	40	static
../Middlewares/Third_Party/EasyLogger/src/elog.c:746:13:get_fmt_used_and_enabled_u32	24	static
../Middlewares/Third_Party/EasyLogger/src/elog.c:749:13:get_fmt_used_and_enabled_ptr	24	static
../Middlewares/Third_Party/EasyLogger/src/elog.c:759:6:elog_output_lock_enabled	16	static
../Middlewares/Third_Party/EasyLogger/src/elog.c:778:6:elog_assert_set_hook	16	static
../Middlewares/Third_Party/EasyLogger/src/elog.c:790:8:elog_find_lvl	56	static
../Middlewares/Third_Party/EasyLogger/src/elog.c:834:13:elog_find_tag	64	static
../Middlewares/Third_Party/EasyLogger/src/elog.c:866:6:elog_hexdump	56	static
../Middlewares/Third_Party/EasyLogger/src/elog.c:940:6:app_elog_init	8	static
