Archive member included to satisfy reference by file (symbol)

C:/gcc_vsc/arm_gcc/14.2 rel1/bin/../lib/gcc/arm-none-eabi/14.2.1/thumb/v7e-m+dp/hard\libc_nano.a(libc_a-exit.o)
                              C:/gcc_vsc/arm_gcc/14.2 rel1/bin/../lib/gcc/arm-none-eabi/14.2.1/thumb/v7e-m+dp/hard/crt0.o (exit)
C:/gcc_vsc/arm_gcc/14.2 rel1/bin/../lib/gcc/arm-none-eabi/14.2.1/thumb/v7e-m+dp/hard\libc_nano.a(libc_a-findfp.o)
                              C:/gcc_vsc/arm_gcc/14.2 rel1/bin/../lib/gcc/arm-none-eabi/14.2.1/thumb/v7e-m+dp/hard\libc_nano.a(libc_a-exit.o) (__stdio_exit_handler)
C:/gcc_vsc/arm_gcc/14.2 rel1/bin/../lib/gcc/arm-none-eabi/14.2.1/thumb/v7e-m+dp/hard\libc_nano.a(libc_a-fwalk.o)
                              C:/gcc_vsc/arm_gcc/14.2 rel1/bin/../lib/gcc/arm-none-eabi/14.2.1/thumb/v7e-m+dp/hard\libc_nano.a(libc_a-findfp.o) (_fwalk_sglue)
C:/gcc_vsc/arm_gcc/14.2 rel1/bin/../lib/gcc/arm-none-eabi/14.2.1/thumb/v7e-m+dp/hard\libc_nano.a(libc_a-stdio.o)
                              C:/gcc_vsc/arm_gcc/14.2 rel1/bin/../lib/gcc/arm-none-eabi/14.2.1/thumb/v7e-m+dp/hard\libc_nano.a(libc_a-findfp.o) (__sread)
C:/gcc_vsc/arm_gcc/14.2 rel1/bin/../lib/gcc/arm-none-eabi/14.2.1/thumb/v7e-m+dp/hard\libc_nano.a(libc_a-memset.o)
                              C:/gcc_vsc/arm_gcc/14.2 rel1/bin/../lib/gcc/arm-none-eabi/14.2.1/thumb/v7e-m+dp/hard/crt0.o (memset)
C:/gcc_vsc/arm_gcc/14.2 rel1/bin/../lib/gcc/arm-none-eabi/14.2.1/thumb/v7e-m+dp/hard\libc_nano.a(libc_a-closer.o)
                              C:/gcc_vsc/arm_gcc/14.2 rel1/bin/../lib/gcc/arm-none-eabi/14.2.1/thumb/v7e-m+dp/hard\libc_nano.a(libc_a-stdio.o) (_close_r)
C:/gcc_vsc/arm_gcc/14.2 rel1/bin/../lib/gcc/arm-none-eabi/14.2.1/thumb/v7e-m+dp/hard\libc_nano.a(libc_a-reent.o)
                              C:/gcc_vsc/arm_gcc/14.2 rel1/bin/../lib/gcc/arm-none-eabi/14.2.1/thumb/v7e-m+dp/hard\libc_nano.a(libc_a-closer.o) (errno)
C:/gcc_vsc/arm_gcc/14.2 rel1/bin/../lib/gcc/arm-none-eabi/14.2.1/thumb/v7e-m+dp/hard\libc_nano.a(libc_a-impure.o)
                              C:/gcc_vsc/arm_gcc/14.2 rel1/bin/../lib/gcc/arm-none-eabi/14.2.1/thumb/v7e-m+dp/hard\libc_nano.a(libc_a-reent.o) (_impure_ptr)
C:/gcc_vsc/arm_gcc/14.2 rel1/bin/../lib/gcc/arm-none-eabi/14.2.1/thumb/v7e-m+dp/hard\libc_nano.a(libc_a-lseekr.o)
                              C:/gcc_vsc/arm_gcc/14.2 rel1/bin/../lib/gcc/arm-none-eabi/14.2.1/thumb/v7e-m+dp/hard\libc_nano.a(libc_a-stdio.o) (_lseek_r)
C:/gcc_vsc/arm_gcc/14.2 rel1/bin/../lib/gcc/arm-none-eabi/14.2.1/thumb/v7e-m+dp/hard\libc_nano.a(libc_a-readr.o)
                              C:/gcc_vsc/arm_gcc/14.2 rel1/bin/../lib/gcc/arm-none-eabi/14.2.1/thumb/v7e-m+dp/hard\libc_nano.a(libc_a-stdio.o) (_read_r)
C:/gcc_vsc/arm_gcc/14.2 rel1/bin/../lib/gcc/arm-none-eabi/14.2.1/thumb/v7e-m+dp/hard\libc_nano.a(libc_a-writer.o)
                              C:/gcc_vsc/arm_gcc/14.2 rel1/bin/../lib/gcc/arm-none-eabi/14.2.1/thumb/v7e-m+dp/hard\libc_nano.a(libc_a-stdio.o) (_write_r)
C:/gcc_vsc/arm_gcc/14.2 rel1/bin/../lib/gcc/arm-none-eabi/14.2.1/thumb/v7e-m+dp/hard\libc_nano.a(libc_a-init.o)
                              C:/gcc_vsc/arm_gcc/14.2 rel1/bin/../lib/gcc/arm-none-eabi/14.2.1/thumb/v7e-m+dp/hard/crt0.o (__libc_init_array)
C:/gcc_vsc/arm_gcc/14.2 rel1/bin/../lib/gcc/arm-none-eabi/14.2.1/thumb/v7e-m+dp/hard\libc_nano.a(libc_a-lock.o)
                              C:/gcc_vsc/arm_gcc/14.2 rel1/bin/../lib/gcc/arm-none-eabi/14.2.1/thumb/v7e-m+dp/hard\libc_nano.a(libc_a-findfp.o) (__retarget_lock_init_recursive)
C:/gcc_vsc/arm_gcc/14.2 rel1/bin/../lib/gcc/arm-none-eabi/14.2.1/thumb/v7e-m+dp/hard\libc_nano.a(libc_a-memcpy-stub.o)
                              make_build/queue.o (memcpy)
C:/gcc_vsc/arm_gcc/14.2 rel1/bin/../lib/gcc/arm-none-eabi/14.2.1/thumb/v7e-m+dp/hard\libc_nano.a(libc_a-freer.o)
                              C:/gcc_vsc/arm_gcc/14.2 rel1/bin/../lib/gcc/arm-none-eabi/14.2.1/thumb/v7e-m+dp/hard\libc_nano.a(libc_a-reent.o) (_free_r)
C:/gcc_vsc/arm_gcc/14.2 rel1/bin/../lib/gcc/arm-none-eabi/14.2.1/thumb/v7e-m+dp/hard\libc_nano.a(libc_a-mallocr.o)
                              C:/gcc_vsc/arm_gcc/14.2 rel1/bin/../lib/gcc/arm-none-eabi/14.2.1/thumb/v7e-m+dp/hard\libc_nano.a(libc_a-findfp.o) (_malloc_r)
C:/gcc_vsc/arm_gcc/14.2 rel1/bin/../lib/gcc/arm-none-eabi/14.2.1/thumb/v7e-m+dp/hard\libc_nano.a(libc_a-mlock.o)
                              C:/gcc_vsc/arm_gcc/14.2 rel1/bin/../lib/gcc/arm-none-eabi/14.2.1/thumb/v7e-m+dp/hard\libc_nano.a(libc_a-freer.o) (__malloc_lock)
C:/gcc_vsc/arm_gcc/14.2 rel1/bin/../lib/gcc/arm-none-eabi/14.2.1/thumb/v7e-m+dp/hard\libc_nano.a(libc_a-fflush.o)
                              C:/gcc_vsc/arm_gcc/14.2 rel1/bin/../lib/gcc/arm-none-eabi/14.2.1/thumb/v7e-m+dp/hard\libc_nano.a(libc_a-findfp.o) (_fflush_r)
C:/gcc_vsc/arm_gcc/14.2 rel1/bin/../lib/gcc/arm-none-eabi/14.2.1/thumb/v7e-m+dp/hard\libc_nano.a(libc_a-sbrkr.o)
[...]
Memory Configuration

Name             Origin             Length             Attributes
DTCMRAM          0x20000000         0x00020000         xrw
RAM              0x24000000         0x00080000         xrw
RAM_D2           0x30000000         0x00048000         xrw
RAM_D3           0x38000000         0x00010000         xrw
ITCMRAM          0x00000000         0x00010000         xrw
FLASH            0x08000000         0x00200000         xr
*default*        0x00000000         0xffffffff

Linker script and memory map

LOAD C:/gcc_vsc/arm_gcc/14.2 rel1/bin/../lib/gcc/arm-none-eabi/14.2.1/thumb/v7e-m+dp/hard/crti.o
LOAD C:/gcc_vsc/arm_gcc/14.2 rel1/bin/../lib/gcc/arm-none-eabi/14.2.1/thumb/v7e-m+dp/hard/crtbegin.o
LOAD C:/gcc_vsc/arm_gcc/14.2 rel1/bin/../lib/gcc/arm-none-eabi/14.2.1/thumb/v7e-m+dp/hard/crt0.o
LOAD make_build/main.o
LOAD make_build/gpio.o
LOAD make_build/freertos.o
LOAD make_build/dma.o
LOAD make_build/i2c.o
LOAD make_build/memorymap.o
LOAD make_build/quadspi.o
LOAD make_build/rtc.o
LOAD make_build/stm32h7xx_it.o
LOAD make_build/stm32h7xx_hal_msp.o
LOAD make_build/stm32h7xx_hal_timebase_tim.o
LOAD make_build/stm32h7xx_hal_tim.o
LOAD make_build/stm32h7xx_hal_tim_ex.o
LOAD make_build/stm32h7xx_hal_cortex.o
LOAD make_build/stm32h7xx_hal_rcc.o
LOAD make_build/stm32h7xx_hal_rcc_ex.o
LOAD make_build/stm32h7xx_hal_flash.o
LOAD make_build/stm32h7xx_hal_flash_ex.o
LOAD make_build/stm32h7xx_hal_gpio.o
LOAD make_build/stm32h7xx_hal_hsem.o
LOAD make_build/stm32h7xx_hal_dma.o
LOAD make_build/stm32h7xx_hal_dma_ex.o
LOAD make_build/stm32h7xx_hal_mdma.o
LOAD make_build/stm32h7xx_hal_pwr.o
LOAD make_build/stm32h7xx_hal_pwr_ex.o
LOAD make_build/stm32h7xx_hal.o
LOAD make_build/stm32h7xx_hal_i2c.o
LOAD make_build/stm32h7xx_hal_i2c_ex.o
LOAD make_build/stm32h7xx_hal_exti.o
LOAD make_build/stm32h7xx_hal_qspi.o
LOAD make_build/stm32h7xx_ll_delayblock.o
LOAD make_build/stm32h7xx_hal_rtc.o
LOAD make_build/stm32h7xx_hal_rtc_ex.o
LOAD make_build/system_stm32h7xx.o
LOAD make_build/croutine.o
LOAD make_build/event_groups.o
LOAD make_build/list.o
LOAD make_build/queue.o
LOAD make_build/stream_buffer.o
LOAD make_build/tasks.o
LOAD make_build/timers.o
LOAD make_build/cmsis_os2.o
LOAD make_build/heap_4.o
LOAD make_build/port.o
LOAD make_build/driver_st77916.o
LOAD make_build/fonts.o
LOAD make_build/reg_def_st77916.o
LOAD make_build/startup_stm32h743xx.o
LOAD C:/gcc_vsc/arm_gcc/14.2 rel1/bin/../lib/gcc/arm-none-eabi/14.2.1/thumb/v7e-m+dp/hard\libc_nano.a
LOAD C:/gcc_vsc/arm_gcc/14.2 rel1/bin/../lib/gcc/arm-none-eabi/14.2.1/thumb/v7e-m+dp/hard\libm.a
LOAD C:/gcc_vsc/arm_gcc/14.2 rel1/bin/../lib/gcc/arm-none-eabi/14.2.1/thumb/v7e-m+dp/hard\libnosys.a
START GROUP
LOAD C:/gcc_vsc/arm_gcc/14.2 rel1/bin/../lib/gcc/arm-none-eabi/14.2.1/thumb/v7e-m+dp/hard\libgcc.a
LOAD C:/gcc_vsc/arm_gcc/14.2 rel1/bin/../lib/gcc/arm-none-eabi/14.2.1/thumb/v7e-m+dp/hard\libc_nano.a
END GROUP
START GROUP
LOAD C:/gcc_vsc/arm_gcc/14.2 rel1/bin/../lib/gcc/arm-none-eabi/14.2.1/thumb/v7e-m+dp/hard\libgcc.a
LOAD C:/gcc_vsc/arm_gcc/14.2 rel1/bin/../lib/gcc/arm-none-eabi/14.2.1/thumb/v7e-m+dp/hard\libc_nano.a
END GROUP
LOAD C:/gcc_vsc/arm_gcc/14.2 rel1/bin/../lib/gcc/arm-none-eabi/14.2.1/thumb/v7e-m+dp/hard/crtend.o
LOAD C:/gcc_vsc/arm_gcc/14.2 rel1/bin/../lib/gcc/arm-none-eabi/14.2.1/thumb/v7e-m+dp/hard/crtn.o
                0x20020000                        _estack = (ORIGIN (DTCMRAM) + LENGTH (DTCMRAM))
                0x00000200                        _Min_Heap_Size = 0x200
                0x00000400                        _Min_Stack_Size = 0x400

.isr_vector     0x08000000      0x298
                0x08000000                        . = ALIGN (0x4)
 *(.isr_vector)
 .isr_vector    0x08000000      0x298 make_build/startup_stm32h743xx.o
                0x08000000                g_pfnVectors
                0x08000298                        . = ALIGN (0x4)

.text           0x080002a0     0xb96c
                0x080002a0                        . = ALIGN (0x4)
 *(.text)
 *(.text*)
 .text.deregister_tm_clones
                0x080002a0       0x1c C:/gcc_vsc/arm_gcc/14.2 rel1/bin/../lib/gcc/arm-none-eabi/14.2.1/thumb/v7e-m+dp/hard/crtbegin.o
 .text.register_tm_clones
                0x080002bc       0x24 C:/gcc_vsc/arm_gcc/14.2 rel1/bin/../lib/gcc/arm-none-eabi/14.2.1/thumb/v7e-m+dp/hard/crtbegin.o
 .text.__do_global_dtors_aux
                0x080002e0       0x28 C:/gcc_vsc/arm_gcc/14.2 rel1/bin/../lib/gcc/arm-none-eabi/14.2.1/thumb/v7e-m+dp/hard/crtbegin.o
 .text.frame_dummy
                0x08000308       0x24 C:/gcc_vsc/arm_gcc/14.2 rel1/bin/../lib/gcc/arm-none-eabi/14.2.1/thumb/v7e-m+dp/hard/crtbegin.o
 .text.main     0x0800032c       0x38 make_build/main.o
                0x0800032c                main
 .text.SystemClock_Config
                0x08000364       0xf8 make_build/main.o
                0x08000364                SystemClock_Config
 .text.MPU_Config
                0x0800045c       0x58 make_build/main.o
 .text.HAL_TIM_PeriodElapsedCallback
                0x080004b4       0x24 make_build/main.o
                0x080004b4                HAL_TIM_PeriodElapsedCallback
 .text.Error_Handler
                0x080004d8        0xc make_build/main.o
                0x080004d8                Error_Handler
 .text.MX_GPIO_Init
                0x080004e4      0x14c make_build/gpio.o
                0x080004e4                MX_GPIO_Init
 .text.MX_FREERTOS_Init
                0x08000630       0x3c make_build/freertos.o
                0x08000630                MX_FREERTOS_Init
 .text.task_default_start
                0x0800066c       0x12 make_build/freertos.o
                0x0800066c                task_default_start
 *fill*         0x0800067e        0x2 
 .text.MX_DMA_Init
                0x08000680       0x40 make_build/dma.o
                0x08000680                MX_DMA_Init
 .text.MX_I2C3_Init
                0x080006c0       0x80 make_build/i2c.o
                0x080006c0                MX_I2C3_Init
 .text.HAL_I2C_MspInit
                0x08000740      0x188 make_build/i2c.o
                0x08000740                HAL_I2C_MspInit
 .text.MX_QUADSPI_Init
                0x080008c8       0x58 make_build/quadspi.o
                0x080008c8                MX_QUADSPI_Init
 .text.HAL_QSPI_MspInit
                0x08000920      0x18c make_build/quadspi.o
                0x08000920                HAL_QSPI_MspInit
 .text.MX_RTC_Init
                0x08000aac       0x50 make_build/rtc.o
                0x08000aac                MX_RTC_Init
 .text.HAL_RTC_MspInit
                0x08000afc       0x64 make_build/rtc.o
                0x08000afc                HAL_RTC_MspInit
 .text.NMI_Handler
                0x08000b60        0x8 make_build/stm32h7xx_it.o
                0x08000b60                NMI_Handler
 .text.HardFault_Handler
                0x08000b68        0x8 make_build/stm32h7xx_it.o
                0x08000b68                HardFault_Handler
 .text.MemManage_Handler
                0x08000b70        0x8 make_build/stm32h7xx_it.o
                0x08000b70                MemManage_Handler
 .text.BusFault_Handler
                0x08000b78        0x8 make_build/stm32h7xx_it.o
                0x08000b78                BusFault_Handler
 .text.UsageFault_Handler
                0x08000b80        0x8 make_build/stm32h7xx_it.o
                0x08000b80                UsageFault_Handler
 .text.DebugMon_Handler
                0x08000b88        0xe make_build/stm32h7xx_it.o
                0x08000b88                DebugMon_Handler
 *fill*         0x08000b96        0x2 
 .text.DMA1_Stream1_IRQHandler
                0x08000b98       0x14 make_build/stm32h7xx_it.o
                0x08000b98                DMA1_Stream1_IRQHandler
 .text.EXTI9_5_IRQHandler
                0x08000bac        0xe make_build/stm32h7xx_it.o
                0x08000bac                EXTI9_5_IRQHandler
 *fill*         0x08000bba        0x2 
 .text.TIM6_DAC_IRQHandler
                0x08000bbc       0x14 make_build/stm32h7xx_it.o
                0x08000bbc                TIM6_DAC_IRQHandler
 .text.HAL_MspInit
                0x08000bd0       0x3c make_build/stm32h7xx_hal_msp.o
                0x08000bd0                HAL_MspInit
 .text.HAL_InitTick
                0x08000c0c       0xd8 make_build/stm32h7xx_hal_timebase_tim.o
                0x08000c0c                HAL_InitTick
 .text.HAL_TIM_Base_Init
                0x08000ce4       0xae make_build/stm32h7xx_hal_tim.o
                0x08000ce4                HAL_TIM_Base_Init
 .text.HAL_TIM_Base_MspInit
                0x08000d92       0x14 make_build/stm32h7xx_hal_tim.o
                0x08000d92                HAL_TIM_Base_MspInit
 *fill*         0x08000da6        0x2 
 .text.HAL_TIM_Base_Start_IT
                0x08000da8       0xf0 make_build/stm32h7xx_hal_tim.o
                0x08000da8                HAL_TIM_Base_Start_IT
 .text.HAL_TIM_IRQHandler
                0x08000e98      0x20e make_build/stm32h7xx_hal_tim.o
                0x08000e98                HAL_TIM_IRQHandler
 .text.HAL_TIM_OC_DelayElapsedCallback
                0x080010a6       0x14 make_build/stm32h7xx_hal_tim.o
                0x080010a6                HAL_TIM_OC_DelayElapsedCallback
 .text.HAL_TIM_IC_CaptureCallback
                0x080010ba       0x14 make_build/stm32h7xx_hal_tim.o
                0x080010ba                HAL_TIM_IC_CaptureCallback
 .text.HAL_TIM_PWM_PulseFinishedCallback
                0x080010ce       0x14 make_build/stm32h7xx_hal_tim.o
                0x080010ce                HAL_TIM_PWM_PulseFinishedCallback
 .text.HAL_TIM_TriggerCallback
                0x080010e2       0x14 make_build/stm32h7xx_hal_tim.o
                0x080010e2                HAL_TIM_TriggerCallback
 *fill*         0x080010f6        0x2 
 .text.TIM_Base_SetConfig
                0x080010f8      0x140 make_build/stm32h7xx_hal_tim.o
                0x080010f8                TIM_Base_SetConfig
 .text.HAL_TIMEx_CommutCallback
                0x08001238       0x14 make_build/stm32h7xx_hal_tim_ex.o
                0x08001238                HAL_TIMEx_CommutCallback
 .text.HAL_TIMEx_BreakCallback
                0x0800124c       0x14 make_build/stm32h7xx_hal_tim_ex.o
                0x0800124c                HAL_TIMEx_BreakCallback
 .text.HAL_TIMEx_Break2Callback
                0x08001260       0x14 make_build/stm32h7xx_hal_tim_ex.o
                0x08001260                HAL_TIMEx_Break2Callback
 .text.__NVIC_SetPriorityGrouping
                0x08001274       0x48 make_build/stm32h7xx_hal_cortex.o
 .text.__NVIC_GetPriorityGrouping
                0x080012bc       0x1c make_build/stm32h7xx_hal_cortex.o
 .text.__NVIC_EnableIRQ
                0x080012d8       0x3c make_build/stm32h7xx_hal_cortex.o
 .text.__NVIC_SetPriority
                0x08001314       0x54 make_build/stm32h7xx_hal_cortex.o
 .text.NVIC_EncodePriority
                0x08001368       0x66 make_build/stm32h7xx_hal_cortex.o
 .text.HAL_NVIC_SetPriorityGrouping
                0x080013ce       0x16 make_build/stm32h7xx_hal_cortex.o
                0x080013ce                HAL_NVIC_SetPriorityGrouping
 .text.HAL_NVIC_SetPriority
                0x080013e4       0x34 make_build/stm32h7xx_hal_cortex.o
                0x080013e4                HAL_NVIC_SetPriority
 .text.HAL_NVIC_EnableIRQ
                0x08001418       0x1c make_build/stm32h7xx_hal_cortex.o
                0x08001418                HAL_NVIC_EnableIRQ
 .text.HAL_MPU_Disable
                0x08001434       0x30 make_build/stm32h7xx_hal_cortex.o
                0x08001434                HAL_MPU_Disable
 .text.HAL_MPU_Enable
                0x08001464       0x40 make_build/stm32h7xx_hal_cortex.o
                0x08001464                HAL_MPU_Enable
 .text.HAL_MPU_ConfigRegion
                0x080014a4       0x80 make_build/stm32h7xx_hal_cortex.o
                0x080014a4                HAL_MPU_ConfigRegion
 .text.HAL_RCC_OscConfig
                0x08001524      0x8b4 make_build/stm32h7xx_hal_rcc.o
                0x08001524                HAL_RCC_OscConfig
 .text.HAL_RCC_ClockConfig
                0x08001dd8      0x36c make_build/stm32h7xx_hal_rcc.o
                0x08001dd8                HAL_RCC_ClockConfig
 .text.HAL_RCC_GetSysClockFreq
                0x08002144      0x2f4 make_build/stm32h7xx_hal_rcc.o
                0x08002144                HAL_RCC_GetSysClockFreq
 .text.HAL_RCC_GetHCLKFreq
                0x08002438       0x60 make_build/stm32h7xx_hal_rcc.o
                0x08002438                HAL_RCC_GetHCLKFreq
 .text.HAL_RCC_GetPCLK1Freq
                0x08002498       0x2c make_build/stm32h7xx_hal_rcc.o
                0x08002498                HAL_RCC_GetPCLK1Freq
 .text.HAL_RCC_GetClockConfig
                0x080024c4       0x84 make_build/stm32h7xx_hal_rcc.o
                0x080024c4                HAL_RCC_GetClockConfig
 .text.HAL_RCCEx_PeriphCLKConfig
                0x08002548     0x1414 make_build/stm32h7xx_hal_rcc_ex.o
                0x08002548                HAL_RCCEx_PeriphCLKConfig
 .text.RCCEx_PLL2_Config
                0x0800395c      0x164 make_build/stm32h7xx_hal_rcc_ex.o
 .text.RCCEx_PLL3_Config
                0x08003ac0      0x164 make_build/stm32h7xx_hal_rcc_ex.o
 .text.HAL_GPIO_Init
                0x08003c24      0x360 make_build/stm32h7xx_hal_gpio.o
                0x08003c24                HAL_GPIO_Init
 .text.HAL_GPIO_WritePin
                0x08003f84       0x32 make_build/stm32h7xx_hal_gpio.o
                0x08003f84                HAL_GPIO_WritePin
 .text.HAL_GPIO_EXTI_IRQHandler
                0x08003fb6       0x34 make_build/stm32h7xx_hal_gpio.o
                0x08003fb6                HAL_GPIO_EXTI_IRQHandler
 .text.HAL_GPIO_EXTI_Callback
                0x08003fea       0x16 make_build/stm32h7xx_hal_gpio.o
                0x08003fea                HAL_GPIO_EXTI_Callback
 .text.HAL_DMA_Init
                0x08004000      0x6b8 make_build/stm32h7xx_hal_dma.o
                0x08004000                HAL_DMA_Init
 .text.HAL_DMA_IRQHandler
                0x080046b8      0xe54 make_build/stm32h7xx_hal_dma.o
                0x080046b8                HAL_DMA_IRQHandler
 .text.DMA_CalcBaseAndBitshift
                0x0800550c      0x164 make_build/stm32h7xx_hal_dma.o
 .text.DMA_CheckFifoParam
                0x08005670       0xf8 make_build/stm32h7xx_hal_dma.o
 .text.DMA_CalcDMAMUXChannelBaseAndMask
                0x08005768      0x134 make_build/stm32h7xx_hal_dma.o
 .text.DMA_CalcDMAMUXRequestGenBaseAndMask
                0x0800589c       0xe8 make_build/stm32h7xx_hal_dma.o
 .text.HAL_PWREx_ConfigSupply
                0x08005984       0x74 make_build/stm32h7xx_hal_pwr_ex.o
                0x08005984                HAL_PWREx_ConfigSupply
 .text.HAL_Init
                0x080059f8       0x78 make_build/stm32h7xx_hal.o
                0x080059f8                HAL_Init
 .text.HAL_IncTick
                0x08005a70       0x28 make_build/stm32h7xx_hal.o
                0x08005a70                HAL_IncTick
 .text.HAL_GetTick
                0x08005a98       0x18 make_build/stm32h7xx_hal.o
                0x08005a98                HAL_GetTick
 .text.HAL_Delay
                0x08005ab0       0x48 make_build/stm32h7xx_hal.o
                0x08005ab0                HAL_Delay
 .text.HAL_GetREVID
                0x08005af8       0x18 make_build/stm32h7xx_hal.o
                0x08005af8                HAL_GetREVID
 .text.HAL_I2C_Init
                0x08005b10      0x138 make_build/stm32h7xx_hal_i2c.o
                0x08005b10                HAL_I2C_Init
 .text.HAL_I2CEx_ConfigAnalogFilter
                0x08005c48       0x96 make_build/stm32h7xx_hal_i2c_ex.o
                0x08005c48                HAL_I2CEx_ConfigAnalogFilter
 .text.HAL_I2CEx_ConfigDigitalFilter
                0x08005cde       0x98 make_build/stm32h7xx_hal_i2c_ex.o
                0x08005cde                HAL_I2CEx_ConfigDigitalFilter
 *fill*         0x08005d76        0x2 
 .text.HAL_QSPI_Init
                0x08005d78       0xe8 make_build/stm32h7xx_hal_qspi.o
                0x08005d78                HAL_QSPI_Init
 .text.HAL_QSPI_Command
                0x08005e60       0xbc make_build/stm32h7xx_hal_qspi.o
                0x08005e60                HAL_QSPI_Command
 .text.HAL_QSPI_Transmit
                0x08005f1c      0x124 make_build/stm32h7xx_hal_qspi.o
                0x08005f1c                HAL_QSPI_Transmit
 .text.HAL_QSPI_SetTimeout
                0x08006040       0x1c make_build/stm32h7xx_hal_qspi.o
                0x08006040                HAL_QSPI_SetTimeout
 .text.QSPI_WaitFlagStateUntilTimeout
                0x0800605c       0x6e make_build/stm32h7xx_hal_qspi.o
 .text.QSPI_Config
                0x080060ca      0x32e make_build/stm32h7xx_hal_qspi.o
 .text.HAL_RTC_Init
                0x080063f8      0x104 make_build/stm32h7xx_hal_rtc.o
                0x080063f8                HAL_RTC_Init
 .text.HAL_RTC_WaitForSynchro
                0x080064fc       0x48 make_build/stm32h7xx_hal_rtc.o
                0x080064fc                HAL_RTC_WaitForSynchro
 .text.RTC_EnterInitMode
                0x08006544       0x66 make_build/stm32h7xx_hal_rtc.o
                0x08006544                RTC_EnterInitMode
 *fill*         0x080065aa        0x2 
 .text.RTC_ExitInitMode
                0x080065ac       0x7c make_build/stm32h7xx_hal_rtc.o
                0x080065ac                RTC_ExitInitMode
 .text.SystemInit
                0x08006628      0x140 make_build/system_stm32h7xx.o
                0x08006628                SystemInit
 .text.ExitRun0Mode
                0x08006768       0x30 make_build/system_stm32h7xx.o
                0x08006768                ExitRun0Mode
 .text.vListInitialise
                0x08006798       0x40 make_build/list.o
                0x08006798                vListInitialise
 .text.vListInitialiseItem
                0x080067d8       0x1a make_build/list.o
                0x080067d8                vListInitialiseItem
 .text.vListInsertEnd
                0x080067f2       0x48 make_build/list.o
                0x080067f2                vListInsertEnd
 .text.vListInsert
                0x0800683a       0x72 make_build/list.o
                0x0800683a                vListInsert
 .text.uxListRemove
                0x080068ac       0x54 make_build/list.o
                0x080068ac                uxListRemove
 .text.xQueueGenericReset
                0x08006900       0xd4 make_build/queue.o
                0x08006900                xQueueGenericReset
 .text.xQueueGenericCreateStatic
                0x080069d4       0xfa make_build/queue.o
                0x080069d4                xQueueGenericCreateStatic
 .text.xQueueGenericCreate
                0x08006ace       0x76 make_build/queue.o
                0x08006ace                xQueueGenericCreate
 .text.prvInitialiseNewQueue
                0x08006b44       0x46 make_build/queue.o
 *fill*         0x08006b8a        0x2 
 .text.xQueueGenericSend
                0x08006b8c      0x204 make_build/queue.o
                0x08006b8c                xQueueGenericSend
 .text.xQueueGenericSendFromISR
                0x08006d90      0x13c make_build/queue.o
                0x08006d90                xQueueGenericSendFromISR
 .text.xQueueReceive
                0x08006ecc      0x1c4 make_build/queue.o
                0x08006ecc                xQueueReceive
 .text.prvCopyDataToQueue
                0x08007090       0xd4 make_build/queue.o
 .text.prvCopyDataFromQueue
                0x08007164       0x4c make_build/queue.o
 .text.prvUnlockQueue
                0x080071b0       0xa4 make_build/queue.o
 .text.prvIsQueueEmpty
                0x08007254       0x2c make_build/queue.o
 .text.prvIsQueueFull
                0x08007280       0x30 make_build/queue.o
 .text.vQueueAddToRegistry
                0x080072b0       0x54 make_build/queue.o
                0x080072b0                vQueueAddToRegistry
 .text.vQueueWaitForMessageRestricted
                0x08007304       0x68 make_build/queue.o
                0x08007304                vQueueWaitForMessageRestricted
 .text.xTaskCreateStatic
                0x0800736c       0xc0 make_build/tasks.o
                0x0800736c                xTaskCreateStatic
 .text.xTaskCreate
                0x0800742c       0x8a make_build/tasks.o
                0x0800742c                xTaskCreate
 .text.prvInitialiseNewTask
                0x080074b6      0x120 make_build/tasks.o
 *fill*         0x080075d6        0x2 
 .text.prvAddNewTaskToReadyList
                0x080075d8       0xe0 make_build/tasks.o
 .text.vTaskStartScheduler
                0x080076b8       0xd0 make_build/tasks.o
                0x080076b8                vTaskStartScheduler
 .text.vTaskSuspendAll
                0x08007788       0x1c make_build/tasks.o
                0x08007788                vTaskSuspendAll
 .text.xTaskResumeAll
                0x080077a4      0x13c make_build/tasks.o
                0x080077a4                xTaskResumeAll
 .text.xTaskGetTickCount
                0x080078e0       0x20 make_build/tasks.o
                0x080078e0                xTaskGetTickCount
 .text.xTaskIncrementTick
                0x08007900      0x174 make_build/tasks.o
                0x08007900                xTaskIncrementTick
 .text.vTaskSwitchContext
                0x08007a74       0xbc make_build/tasks.o
                0x08007a74                vTaskSwitchContext
 .text.vTaskPlaceOnEventList
                0x08007b30       0x4c make_build/tasks.o
                0x08007b30                vTaskPlaceOnEventList
 .text.vTaskPlaceOnEventListRestricted
                0x08007b7c       0x58 make_build/tasks.o
                0x08007b7c                vTaskPlaceOnEventListRestricted
 .text.xTaskRemoveFromEventList
                0x08007bd4       0xc8 make_build/tasks.o
                0x08007bd4                xTaskRemoveFromEventList
 .text.vTaskInternalSetTimeOutState
                0x08007c9c       0x2c make_build/tasks.o
                0x08007c9c                vTaskInternalSetTimeOutState
 .text.xTaskCheckForTimeOut
                0x08007cc8       0xc8 make_build/tasks.o
                0x08007cc8                xTaskCheckForTimeOut
 .text.vTaskMissedYield
                0x08007d90       0x18 make_build/tasks.o
                0x08007d90                vTaskMissedYield
 .text.prvIdleTask
                0x08007da8       0x30 make_build/tasks.o
 .text.prvInitialiseTaskLists
                0x08007dd8       0x80 make_build/tasks.o
 .text.prvCheckTasksWaitingTermination
                0x08007e58       0x5c make_build/tasks.o
 .text.prvDeleteTCB
                0x08007eb4       0x60 make_build/tasks.o
 .text.prvResetNextTaskUnblockTime
                0x08007f14       0x40 make_build/tasks.o
 .text.xTaskGetSchedulerState
                0x08007f54       0x3c make_build/tasks.o
                0x08007f54                xTaskGetSchedulerState
 .text.xTaskPriorityDisinherit
                0x08007f90       0xe0 make_build/tasks.o
                0x08007f90                xTaskPriorityDisinherit
 .text.prvAddCurrentTaskToDelayedList
                0x08008070       0xa8 make_build/tasks.o
 .text.xTimerCreateTimerTask
                0x08008118       0x94 make_build/timers.o
                0x08008118                xTimerCreateTimerTask
 .text.xTimerGenericCommand
                0x080081ac       0x9c make_build/timers.o
                0x080081ac                xTimerGenericCommand
 .text.prvProcessExpiredTimer
                0x08008248       0x9c make_build/timers.o
 .text.prvTimerTask
                0x080082e4       0x26 make_build/timers.o
 *fill*         0x0800830a        0x2 
 .text.prvProcessTimerOrBlockTask
                0x0800830c       0x9c make_build/timers.o
 .text.prvGetNextExpireTime
                0x080083a8       0x48 make_build/timers.o
 .text.prvSampleTimeNow
                0x080083f0       0x40 make_build/timers.o
 .text.prvInsertTimerInActiveList
                0x08008430       0x84 make_build/timers.o
 .text.prvProcessReceivedCommands
                0x080084b4      0x1cc make_build/timers.o
 .text.prvSwitchTimerLists
                0x08008680       0xcc make_build/timers.o
 .text.prvCheckForValidListAndQueue
                0x0800874c       0x80 make_build/timers.o
 .text.__NVIC_SetPriority
                0x080087cc       0x54 make_build/cmsis_os2.o
 .text.SysTick_Handler
                0x08008820       0x20 make_build/cmsis_os2.o
                0x08008820                SysTick_Handler
 .text.SVC_Setup
                0x08008840       0x12 make_build/cmsis_os2.o
 *fill*         0x08008852        0x2 
 .text.osKernelInitialize
                0x08008854       0x48 make_build/cmsis_os2.o
                0x08008854                osKernelInitialize
 .text.osKernelStart
                0x0800889c       0x4c make_build/cmsis_os2.o
                0x0800889c                osKernelStart
 .text.osThreadNew
                0x080088e8      0x124 make_build/cmsis_os2.o
                0x080088e8                osThreadNew
 .text.osMessageQueueNew
                0x08008a0c       0xe6 make_build/cmsis_os2.o
                0x08008a0c                osMessageQueueNew
 *fill*         0x08008af2        0x2 
 .text.vApplicationGetIdleTaskMemory
                0x08008af4       0x34 make_build/cmsis_os2.o
                0x08008af4                vApplicationGetIdleTaskMemory
 .text.vApplicationGetTimerTaskMemory
                0x08008b28       0x34 make_build/cmsis_os2.o
                0x08008b28                vApplicationGetTimerTaskMemory
 .text.pvPortMalloc
                0x08008b5c      0x19c make_build/heap_4.o
                0x08008b5c                pvPortMalloc
 .text.vPortFree
                0x08008cf8       0xc8 make_build/heap_4.o
                0x08008cf8                vPortFree
 .text.prvHeapInit
                0x08008dc0       0xc4 make_build/heap_4.o
 .text.prvInsertBlockIntoFreeList
                0x08008e84       0xb4 make_build/heap_4.o
 .text.pxPortInitialiseStack
                0x08008f38       0x68 make_build/port.o
                0x08008f38                pxPortInitialiseStack
 .text.prvTaskExitError
                0x08008fa0       0x5c make_build/port.o
 *fill*         0x08008ffc        0x4 
 .text.SVC_Handler
                0x08009000       0x28 make_build/port.o
                0x08009000                SVC_Handler
 .text.prvPortStartFirstTask
                0x08009028       0x28 make_build/port.o
 .text.xPortStartScheduler
                0x08009050      0x148 make_build/port.o
                0x08009050                xPortStartScheduler
 .text.vPortEnterCritical
                0x08009198       0x64 make_build/port.o
                0x08009198                vPortEnterCritical
 .text.vPortExitCritical
                0x080091fc       0x54 make_build/port.o
                0x080091fc                vPortExitCritical
 .text.PendSV_Handler
                0x08009250       0x68 make_build/port.o
                0x08009250                PendSV_Handler
 .text.xPortSysTickHandler
                0x080092b8       0x44 make_build/port.o
                0x080092b8                xPortSysTickHandler
 .text.vPortSetupTimerInterrupt
                0x080092fc       0x48 make_build/port.o
                0x080092fc                vPortSetupTimerInterrupt
 .text.vPortEnableVFP
                0x08009344       0x14 make_build/port.o
 .text.vPortValidateInterruptPriority
                0x08009358       0x84 make_build/port.o
                0x08009358                vPortValidateInterruptPriority
 .text.driver_st77916_command
                0x080093dc       0x70 make_build/driver_st77916.o
                0x080093dc                driver_st77916_command
 .text.driver_st77916_fillscreen
                0x0800944c      0x114 make_build/driver_st77916.o
                0x0800944c                driver_st77916_fillscreen
 .text.driver_st77916_init
                0x08009560     0x25a6 make_build/driver_st77916.o
                0x08009560                driver_st77916_init
 *fill*         0x0800bb06        0x2 
 .text.convert_rgb888
                0x0800bb08       0x20 make_build/reg_def_st77916.o
                0x0800bb08                convert_rgb888
 .text.Reset_Handler
                0x0800bb28       0x54 make_build/startup_stm32h743xx.o
                0x0800bb28                Reset_Handler
 .text.Default_Handler
                0x0800bb7c        0x2 make_build/startup_stm32h743xx.o
                0x0800bb7c                RTC_Alarm_IRQHandler
                0x0800bb7c                EXTI2_IRQHandler
                0x0800bb7c                TIM8_CC_IRQHandler
                0x0800bb7c                HRTIM1_Master_IRQHandler
                0x0800bb7c                UART8_IRQHandler
                0x0800bb7c                SPI4_IRQHandler
                0x0800bb7c                TIM1_CC_IRQHandler
                0x0800bb7c                BDMA_Channel6_IRQHandler
                0x0800bb7c                DMA2_Stream5_IRQHandler
                0x0800bb7c                HRTIM1_FLT_IRQHandler
                0x0800bb7c                JPEG_IRQHandler
                0x0800bb7c                DMA1_Stream5_IRQHandler
                0x0800bb7c                BDMA_Channel1_IRQHandler
                0x0800bb7c                HRTIM1_TIMD_IRQHandler
                0x0800bb7c                TAMP_STAMP_IRQHandler
                0x0800bb7c                EXTI3_IRQHandler
                0x0800bb7c                LPTIM4_IRQHandler
                0x0800bb7c                TIM8_TRG_COM_TIM14_IRQHandler
                0x0800bb7c                LPTIM2_IRQHandler
                0x0800bb7c                DFSDM1_FLT1_IRQHandler
                0x0800bb7c                DMAMUX2_OVR_IRQHandler
                0x0800bb7c                TIM8_UP_TIM13_IRQHandler
                0x0800bb7c                I2C3_ER_IRQHandler
                0x0800bb7c                DFSDM1_FLT2_IRQHandler
                0x0800bb7c                MDMA_IRQHandler
                0x0800bb7c                LPTIM3_IRQHandler
                0x0800bb7c                HSEM1_IRQHandler
                0x0800bb7c                EXTI0_IRQHandler
                0x0800bb7c                I2C2_EV_IRQHandler
                0x0800bb7c                DMA1_Stream2_IRQHandler
                0x0800bb7c                FPU_IRQHandler
                0x0800bb7c                OTG_HS_WKUP_IRQHandler
                0x0800bb7c                FDCAN1_IT1_IRQHandler
                0x0800bb7c                LTDC_ER_IRQHandler
                0x0800bb7c                DMA2_Stream2_IRQHandler
                0x0800bb7c                HRTIM1_TIME_IRQHandler
                0x0800bb7c                SPI1_IRQHandler
                0x0800bb7c                DCMI_IRQHandler
                0x0800bb7c                HRTIM1_TIMC_IRQHandler
                0x0800bb7c                DMA2_Stream3_IRQHandler
                0x0800bb7c                SAI2_IRQHandler
                0x0800bb7c                DFSDM1_FLT3_IRQHandler
                0x0800bb7c                USART6_IRQHandler
                0x0800bb7c                TIM17_IRQHandler
                0x0800bb7c                USART3_IRQHandler
                0x0800bb7c                BDMA_Channel7_IRQHandler
                0x0800bb7c                LPTIM5_IRQHandler
                0x0800bb7c                UART5_IRQHandler
                0x0800bb7c                ADC3_IRQHandler
                0x0800bb7c                DMA2_Stream0_IRQHandler
                0x0800bb7c                TIM4_IRQHandler
                0x0800bb7c                BDMA_Channel2_IRQHandler
                0x0800bb7c                QUADSPI_IRQHandler
                0x0800bb7c                I2C1_EV_IRQHandler
                0x0800bb7c                DMA1_Stream6_IRQHandler
                0x0800bb7c                DMAMUX1_OVR_IRQHandler
                0x0800bb7c                TIM16_IRQHandler
                0x0800bb7c                UART4_IRQHandler
                0x0800bb7c                BDMA_Channel5_IRQHandler
                0x0800bb7c                TIM3_IRQHandler
                0x0800bb7c                RCC_IRQHandler
                0x0800bb7c                TIM8_BRK_TIM12_IRQHandler
                0x0800bb7c                TIM1_TRG_COM_IRQHandler
                0x0800bb7c                Default_Handler
                0x0800bb7c                ECC_IRQHandler
                0x0800bb7c                CEC_IRQHandler
                0x0800bb7c                EXTI15_10_IRQHandler
                0x0800bb7c                BDMA_Channel0_IRQHandler
                0x0800bb7c                ADC_IRQHandler
                0x0800bb7c                DMA1_Stream7_IRQHandler
                0x0800bb7c                HRTIM1_TIMA_IRQHandler
                0x0800bb7c                SPI5_IRQHandler
                0x0800bb7c                TIM7_IRQHandler
                0x0800bb7c                SDMMC1_IRQHandler
                0x0800bb7c                TIM5_IRQHandler
                0x0800bb7c                DMA2_Stream7_IRQHandler
                0x0800bb7c                TIM15_IRQHandler
                0x0800bb7c                PVD_AVD_IRQHandler
                0x0800bb7c                I2C3_EV_IRQHandler
                0x0800bb7c                RTC_WKUP_IRQHandler
                0x0800bb7c                LTDC_IRQHandler
                0x0800bb7c                SAI3_IRQHandler
                0x0800bb7c                ETH_WKUP_IRQHandler
                0x0800bb7c                SPDIF_RX_IRQHandler
                0x0800bb7c                SPI2_IRQHandler
                0x0800bb7c                OTG_HS_EP1_IN_IRQHandler
                0x0800bb7c                DMA1_Stream0_IRQHandler
                0x0800bb7c                CRS_IRQHandler
                0x0800bb7c                EXTI4_IRQHandler
                0x0800bb7c                RNG_IRQHandler
                0x0800bb7c                HRTIM1_TIMB_IRQHandler
                0x0800bb7c                FDCAN2_IT1_IRQHandler
                0x0800bb7c                ETH_IRQHandler
                0x0800bb7c                TIM1_UP_IRQHandler
                0x0800bb7c                BDMA_Channel4_IRQHandler
                0x0800bb7c                OTG_HS_EP1_OUT_IRQHandler
                0x0800bb7c                WWDG_IRQHandler
                0x0800bb7c                SPI6_IRQHandler
                0x0800bb7c                MDIOS_IRQHandler
                0x0800bb7c                I2C4_EV_IRQHandler
                0x0800bb7c                FDCAN2_IT0_IRQHandler
                0x0800bb7c                LPUART1_IRQHandler
                0x0800bb7c                FDCAN1_IT0_IRQHandler
                0x0800bb7c                TIM2_IRQHandler
                0x0800bb7c                OTG_FS_WKUP_IRQHandler
                0x0800bb7c                OTG_HS_IRQHandler
                0x0800bb7c                DMA2D_IRQHandler
                0x0800bb7c                TIM1_BRK_IRQHandler
                0x0800bb7c                EXTI1_IRQHandler
                0x0800bb7c                SDMMC2_IRQHandler
                0x0800bb7c                OTG_FS_EP1_OUT_IRQHandler
                0x0800bb7c                BDMA_Channel3_IRQHandler
                0x0800bb7c                UART7_IRQHandler
                0x0800bb7c                MDIOS_WKUP_IRQHandler
                0x0800bb7c                USART2_IRQHandler
                0x0800bb7c                DFSDM1_FLT0_IRQHandler
                0x0800bb7c                SAI4_IRQHandler
                0x0800bb7c                I2C2_ER_IRQHandler
                0x0800bb7c                DMA2_Stream1_IRQHandler
                0x0800bb7c                FLASH_IRQHandler
                0x0800bb7c                DMA2_Stream4_IRQHandler
                0x0800bb7c                USART1_IRQHandler
                0x0800bb7c                OTG_FS_IRQHandler
                0x0800bb7c                SPI3_IRQHandler
                0x0800bb7c                WAKEUP_PIN_IRQHandler
                0x0800bb7c                DMA1_Stream4_IRQHandler
                0x0800bb7c                OTG_FS_EP1_IN_IRQHandler
                0x0800bb7c                I2C1_ER_IRQHandler
                0x0800bb7c                FMC_IRQHandler
                0x0800bb7c                FDCAN_CAL_IRQHandler
                0x0800bb7c                SWPMI1_IRQHandler
                0x0800bb7c                COMP1_IRQHandler
                0x0800bb7c                LPTIM1_IRQHandler
                0x0800bb7c                I2C4_ER_IRQHandler
                0x0800bb7c                DMA2_Stream6_IRQHandler
                0x0800bb7c                SAI1_IRQHandler
                0x0800bb7c                DMA1_Stream3_IRQHandler
 .text.memset   0x0800bb7e       0x10 C:/gcc_vsc/arm_gcc/14.2 rel1/bin/../lib/gcc/arm-none-eabi/14.2.1/thumb/v7e-m+dp/hard\libc_nano.a(libc_a-memset.o)
                0x0800bb7e                memset
 *fill*         0x0800bb8e        0x2 
 .text.__libc_init_array
                0x0800bb90       0x48 C:/gcc_vsc/arm_gcc/14.2 rel1/bin/../lib/gcc/arm-none-eabi/14.2.1/thumb/v7e-m+dp/hard\libc_nano.a(libc_a-init.o)
                0x0800bb90                __libc_init_array
 .text.memcpy   0x0800bbd8       0x1c C:/gcc_vsc/arm_gcc/14.2 rel1/bin/../lib/gcc/arm-none-eabi/14.2.1/thumb/v7e-m+dp/hard\libc_nano.a(libc_a-memcpy-stub.o)
                0x0800bbd8                memcpy
 *(.glue_7)
 .glue_7        0x0800bbf4        0x0 linker stubs
 *(.glue_7t)
 .glue_7t       0x0800bbf4        0x0 linker stubs
 *(.eh_frame)
 .eh_frame      0x0800bbf4        0x0 C:/gcc_vsc/arm_gcc/14.2 rel1/bin/../lib/gcc/arm-none-eabi/14.2.1/thumb/v7e-m+dp/hard/crtbegin.o
 *(.init)
 .init          0x0800bbf4        0x4 C:/gcc_vsc/arm_gcc/14.2 rel1/bin/../lib/gcc/arm-none-eabi/14.2.1/thumb/v7e-m+dp/hard/crti.o
                0x0800bbf4                _init
 .init          0x0800bbf8        0x8 C:/gcc_vsc/arm_gcc/14.2 rel1/bin/../lib/gcc/arm-none-eabi/14.2.1/thumb/v7e-m+dp/hard/crtn.o
 *(.fini)
 .fini          0x0800bc00        0x4 C:/gcc_vsc/arm_gcc/14.2 rel1/bin/../lib/gcc/arm-none-eabi/14.2.1/thumb/v7e-m+dp/hard/crti.o
                0x0800bc00                _fini
 .fini          0x0800bc04        0x8 C:/gcc_vsc/arm_gcc/14.2 rel1/bin/../lib/gcc/arm-none-eabi/14.2.1/thumb/v7e-m+dp/hard/crtn.o
                0x0800bc0c                        . = ALIGN (0x4)
                0x0800bc0c                        _etext = .

.vfp11_veneer   0x0800bc0c        0x0
 .vfp11_veneer  0x0800bc0c        0x0 linker stubs

.v4_bx          0x0800bc0c        0x0
 .v4_bx         0x0800bc0c        0x0 linker stubs

.iplt           0x0800bc0c        0x0
 .iplt          0x0800bc0c        0x0 C:/gcc_vsc/arm_gcc/14.2 rel1/bin/../lib/gcc/arm-none-eabi/14.2.1/thumb/v7e-m+dp/hard/crtbegin.o

.rodata         0x0800bc0c       0x8c
                0x0800bc0c                        . = ALIGN (0x4)
 *(.rodata)
 .rodata        0x0800bc0c       0x1e make_build/freertos.o
 *fill*         0x0800bc2a        0x2 
 .rodata        0x0800bc2c        0x5 make_build/tasks.o
 *fill*         0x0800bc31        0x3 
 .rodata        0x0800bc34        0xd make_build/timers.o
 *(.rodata*)
 *fill*         0x0800bc41        0x3 
 .rodata.task_default_attributes
                0x0800bc44       0x24 make_build/freertos.o
                0x0800bc44                task_default_attributes
 .rodata.queue_default_attributes
                0x0800bc68       0x18 make_build/freertos.o
                0x0800bc68                queue_default_attributes
 .rodata.flagBitshiftOffset.0
                0x0800bc80        0x8 make_build/stm32h7xx_hal_dma.o
 .rodata.D1CorePrescTable
                0x0800bc88       0x10 make_build/system_stm32h7xx.o
                0x0800bc88                D1CorePrescTable
                0x0800bc98                        . = ALIGN (0x4)

.ARM.extab      0x0800bc98        0x0
                0x0800bc98                        . = ALIGN (0x4)
 *(.ARM.extab* .gnu.linkonce.armextab.*)
                0x0800bc98                        . = ALIGN (0x4)

.ARM            0x0800bc98        0x0
                0x0800bc98                        . = ALIGN (0x4)
                0x0800bc98                        __exidx_start = .
 *(.ARM.exidx*)
                0x0800bc98                        __exidx_end = .
                0x0800bc98                        . = ALIGN (0x4)

.preinit_array  0x0800bc98        0x0
                0x0800bc98                        . = ALIGN (0x4)
                0x0800bc98                        PROVIDE (__preinit_array_start = .)
 *(.preinit_array*)
                0x0800bc98                        PROVIDE (__preinit_array_end = .)
                0x0800bc98                        . = ALIGN (0x4)

.init_array     0x0800bc98        0x4
                0x0800bc98                        . = ALIGN (0x4)
                0x0800bc98                        PROVIDE (__init_array_start = .)
 *(SORT_BY_NAME(.init_array.*))
 *(.init_array*)
 .init_array    0x0800bc98        0x4 C:/gcc_vsc/arm_gcc/14.2 rel1/bin/../lib/gcc/arm-none-eabi/14.2.1/thumb/v7e-m+dp/hard/crtbegin.o
                0x0800bc9c                        PROVIDE (__init_array_end = .)
                0x0800bc9c                        . = ALIGN (0x4)

.fini_array     0x0800bc9c        0x4
                0x0800bc9c                        . = ALIGN (0x4)
                [!provide]                        PROVIDE (__fini_array_start = .)
 *(SORT_BY_NAME(.fini_array.*))
 *(.fini_array*)
 .fini_array    0x0800bc9c        0x4 C:/gcc_vsc/arm_gcc/14.2 rel1/bin/../lib/gcc/arm-none-eabi/14.2.1/thumb/v7e-m+dp/hard/crtbegin.o
                [!provide]                        PROVIDE (__fini_array_end = .)
                0x0800bca0                        . = ALIGN (0x4)
                0x0800bca0                        _sidata = LOADADDR (.data)

.rel.dyn        0x0800bca0        0x0
 .rel.iplt      0x0800bca0        0x0 C:/gcc_vsc/arm_gcc/14.2 rel1/bin/../lib/gcc/arm-none-eabi/14.2.1/thumb/v7e-m+dp/hard/crtbegin.o

.data           0x20000000       0x4c load address 0x0800bca0
                0x20000000                        . = ALIGN (0x4)
                0x20000000                        _sdata = .
 *(.data)
 *(.data*)
 .data.uwTickPrio
                0x20000000        0x4 make_build/stm32h7xx_hal.o
                0x20000000                uwTickPrio
 .data.uwTickFreq
                0x20000004        0x1 make_build/stm32h7xx_hal.o
                0x20000004                uwTickFreq
 *fill*         0x20000005        0x3 
 .data.SystemCoreClock
                0x20000008        0x4 make_build/system_stm32h7xx.o
                0x20000008                SystemCoreClock
 .data.SystemD2Clock
                0x2000000c        0x4 make_build/system_stm32h7xx.o
                0x2000000c                SystemD2Clock
 .data.uxCriticalNesting
                0x20000010        0x4 make_build/port.o
 .data.qspi_command
                0x20000014       0x38 make_build/driver_st77916.o
                0x20000014                qspi_command
 *(.RamFunc)
 *(.RamFunc*)
                0x2000004c                        . = ALIGN (0x4)
                0x2000004c                        _edata = .

.tm_clone_table
                0x2000004c        0x0 load address 0x0800bcec
 .tm_clone_table
                0x2000004c        0x0 C:/gcc_vsc/arm_gcc/14.2 rel1/bin/../lib/gcc/arm-none-eabi/14.2.1/thumb/v7e-m+dp/hard/crtbegin.o
 .tm_clone_table
                0x2000004c        0x0 C:/gcc_vsc/arm_gcc/14.2 rel1/bin/../lib/gcc/arm-none-eabi/14.2.1/thumb/v7e-m+dp/hard/crtend.o

.igot.plt       0x2000004c        0x0 load address 0x0800bcec
 .igot.plt      0x2000004c        0x0 C:/gcc_vsc/arm_gcc/14.2 rel1/bin/../lib/gcc/arm-none-eabi/14.2.1/thumb/v7e-m+dp/hard/crtbegin.o
                0x2000004c                        . = ALIGN (0x4)

.bss            0x2000004c     0x4b00 load address 0x0800bcec
                0x2000004c                        _sbss = .
                0x2000004c                        __bss_start__ = _sbss
 *(.bss)
 *(.bss*)
 .bss.completed.1
                0x2000004c        0x1 C:/gcc_vsc/arm_gcc/14.2 rel1/bin/../lib/gcc/arm-none-eabi/14.2.1/thumb/v7e-m+dp/hard/crtbegin.o
 *fill*         0x2000004d        0x3 
 .bss.object.0  0x20000050       0x18 C:/gcc_vsc/arm_gcc/14.2 rel1/bin/../lib/gcc/arm-none-eabi/14.2.1/thumb/v7e-m+dp/hard/crtbegin.o
 .bss.task_defaultHandle
                0x20000068        0x4 make_build/freertos.o
                0x20000068                task_defaultHandle
 .bss.queue_defaultHandle
                0x2000006c        0x4 make_build/freertos.o
                0x2000006c                queue_defaultHandle
 .bss.hi2c3     0x20000070       0x54 make_build/i2c.o
                0x20000070                hi2c3
 .bss.hdma_i2c3_rx
                0x200000c4       0x78 make_build/i2c.o
                0x200000c4                hdma_i2c3_rx
 .bss.hqspi     0x2000013c       0x4c make_build/quadspi.o
                0x2000013c                hqspi
 .bss.hrtc      0x20000188       0x24 make_build/rtc.o
                0x20000188                hrtc
 .bss.htim6     0x200001ac       0x4c make_build/stm32h7xx_hal_timebase_tim.o
                0x200001ac                htim6
 .bss.uwTick    0x200001f8        0x4 make_build/stm32h7xx_hal.o
                0x200001f8                uwTick
 .bss.xQueueRegistry
                0x200001fc       0x40 make_build/queue.o
                0x200001fc                xQueueRegistry
 .bss.pxCurrentTCB
                0x2000023c        0x4 make_build/tasks.o
                0x2000023c                pxCurrentTCB
 .bss.pxReadyTasksLists
                0x20000240      0x460 make_build/tasks.o
 .bss.xDelayedTaskList1
                0x200006a0       0x14 make_build/tasks.o
 .bss.xDelayedTaskList2
                0x200006b4       0x14 make_build/tasks.o
 .bss.pxDelayedTaskList
                0x200006c8        0x4 make_build/tasks.o
 .bss.pxOverflowDelayedTaskList
                0x200006cc        0x4 make_build/tasks.o
 .bss.xPendingReadyList
                0x200006d0       0x14 make_build/tasks.o
 .bss.xTasksWaitingTermination
                0x200006e4       0x14 make_build/tasks.o
 .bss.uxDeletedTasksWaitingCleanUp
                0x200006f8        0x4 make_build/tasks.o
 .bss.xSuspendedTaskList
                0x200006fc       0x14 make_build/tasks.o
 .bss.uxCurrentNumberOfTasks
                0x20000710        0x4 make_build/tasks.o
 .bss.xTickCount
                0x20000714        0x4 make_build/tasks.o
 .bss.uxTopReadyPriority
                0x20000718        0x4 make_build/tasks.o
 .bss.xSchedulerRunning
                0x2000071c        0x4 make_build/tasks.o
 .bss.xPendedTicks
                0x20000720        0x4 make_build/tasks.o
 .bss.xYieldPending
                0x20000724        0x4 make_build/tasks.o
 .bss.xNumOfOverflows
                0x20000728        0x4 make_build/tasks.o
 .bss.uxTaskNumber
                0x2000072c        0x4 make_build/tasks.o
 .bss.xNextTaskUnblockTime
                0x20000730        0x4 make_build/tasks.o
 .bss.xIdleTaskHandle
                0x20000734        0x4 make_build/tasks.o
 .bss.uxSchedulerSuspended
                0x20000738        0x4 make_build/tasks.o
 .bss.xActiveTimerList1
                0x2000073c       0x14 make_build/timers.o
 .bss.xActiveTimerList2
                0x20000750       0x14 make_build/timers.o
 .bss.pxCurrentTimerList
                0x20000764        0x4 make_build/timers.o
 .bss.pxOverflowTimerList
                0x20000768        0x4 make_build/timers.o
 .bss.xTimerQueue
                0x2000076c        0x4 make_build/timers.o
 .bss.xTimerTaskHandle
                0x20000770        0x4 make_build/timers.o
 .bss.xLastTime.2
                0x20000774        0x4 make_build/timers.o
 .bss.ucStaticTimerQueueStorage.1
                0x20000778       0xa0 make_build/timers.o
 .bss.xStaticTimerQueue.0
                0x20000818       0x50 make_build/timers.o
 .bss.KernelState
                0x20000868        0x4 make_build/cmsis_os2.o
 .bss.Idle_TCB.3
                0x2000086c       0x5c make_build/cmsis_os2.o
 .bss.Idle_Stack.2
                0x200008c8      0x200 make_build/cmsis_os2.o
 .bss.Timer_TCB.1
                0x20000ac8       0x5c make_build/cmsis_os2.o
 .bss.Timer_Stack.0
                0x20000b24      0x400 make_build/cmsis_os2.o
 .bss.ucHeap    0x20000f24     0x3c00 make_build/heap_4.o
 .bss.xStart    0x20004b24        0x8 make_build/heap_4.o
 .bss.pxEnd     0x20004b2c        0x4 make_build/heap_4.o
 .bss.xFreeBytesRemaining
                0x20004b30        0x4 make_build/heap_4.o
 .bss.xMinimumEverFreeBytesRemaining
                0x20004b34        0x4 make_build/heap_4.o
 .bss.xNumberOfSuccessfulAllocations
                0x20004b38        0x4 make_build/heap_4.o
 .bss.xNumberOfSuccessfulFrees
                0x20004b3c        0x4 make_build/heap_4.o
 .bss.xBlockAllocatedBit
                0x20004b40        0x4 make_build/heap_4.o
 .bss.ucMaxSysCallPriority
                0x20004b44        0x1 make_build/port.o
 *fill*         0x20004b45        0x3 
 .bss.ulMaxPRIGROUPValue
                0x20004b48        0x4 make_build/port.o
 *(COMMON)
                0x20004b4c                        . = ALIGN (0x4)
                0x20004b4c                        _ebss = .
                0x20004b4c                        __bss_end__ = _ebss

._user_heap_stack
                0x20004b4c      0x604 load address 0x0800bcec
                0x20004b50                        . = ALIGN (0x8)
 *fill*         0x20004b4c        0x4 
                0x20004b50                        PROVIDE (end = .)
                [!provide]                        PROVIDE (_end = .)
                0x20004d50                        . = (. + _Min_Heap_Size)
 *fill*         0x20004b50      0x200 
                0x20005150                        . = (. + _Min_Stack_Size)
 *fill*         0x20004d50      0x400 
                0x20005150                        . = ALIGN (0x8)

/DISCARD/
 libc.a(*)
 libm.a(*)
 libgcc.a(*)
OUTPUT(make_build/template_stm32h7.elf elf32-littlearm)
LOAD linker stubs
LOAD C:/gcc_vsc/arm_gcc/14.2 rel1/bin/../lib/gcc/arm-none-eabi/14.2.1/thumb/v7e-m+dp/hard\libc.a
LOAD C:/gcc_vsc/arm_gcc/14.2 rel1/bin/../lib/gcc/arm-none-eabi/14.2.1/thumb/v7e-m+dp/hard\libm.a
LOAD C:/gcc_vsc/arm_gcc/14.2 rel1/bin/../lib/gcc/arm-none-eabi/14.2.1/thumb/v7e-m+dp/hard\libgcc.a

.ARM.attributes
                0x00000000       0x2e
 .ARM.attributes
                0x00000000       0x20 C:/gcc_vsc/arm_gcc/14.2 rel1/bin/../lib/gcc/arm-none-eabi/14.2.1/thumb/v7e-m+dp/hard/crti.o
 .ARM.attributes
                0x00000020       0x32 C:/gcc_vsc/arm_gcc/14.2 rel1/bin/../lib/gcc/arm-none-eabi/14.2.1/thumb/v7e-m+dp/hard/crtbegin.o
 .ARM.attributes
                0x00000052       0x32 make_build/main.o
 .ARM.attributes
                0x00000084       0x32 make_build/gpio.o
 .ARM.attributes
                0x000000b6       0x32 make_build/freertos.o
 .ARM.attributes
                0x000000e8       0x32 make_build/dma.o
 .ARM.attributes
                0x0000011a       0x32 make_build/i2c.o
 .ARM.attributes
                0x0000014c       0x32 make_build/quadspi.o
 .ARM.attributes
                0x0000017e       0x32 make_build/rtc.o
 .ARM.attributes
                0x000001b0       0x32 make_build/stm32h7xx_it.o
 .ARM.attributes
                0x000001e2       0x32 make_build/stm32h7xx_hal_msp.o
 .ARM.attributes
                0x00000214       0x32 make_build/stm32h7xx_hal_timebase_tim.o
 .ARM.attributes
                0x00000246       0x32 make_build/stm32h7xx_hal_tim.o
 .ARM.attributes
                0x00000278       0x32 make_build/stm32h7xx_hal_tim_ex.o
 .ARM.attributes
                0x000002aa       0x32 make_build/stm32h7xx_hal_cortex.o
 .ARM.attributes
                0x000002dc       0x32 make_build/stm32h7xx_hal_rcc.o
 .ARM.attributes
                0x0000030e       0x32 make_build/stm32h7xx_hal_rcc_ex.o
 .ARM.attributes
                0x00000340       0x32 make_build/stm32h7xx_hal_gpio.o
 .ARM.attributes
                0x00000372       0x32 make_build/stm32h7xx_hal_dma.o
 .ARM.attributes
                0x000003a4       0x32 make_build/stm32h7xx_hal_pwr_ex.o
 .ARM.attributes
                0x000003d6       0x32 make_build/stm32h7xx_hal.o
 .ARM.attributes
                0x00000408       0x32 make_build/stm32h7xx_hal_i2c.o
 .ARM.attributes
                0x0000043a       0x32 make_build/stm32h7xx_hal_i2c_ex.o
 .ARM.attributes
                0x0000046c       0x32 make_build/stm32h7xx_hal_qspi.o
 .ARM.attributes
                0x0000049e       0x32 make_build/stm32h7xx_hal_rtc.o
 .ARM.attributes
                0x000004d0       0x32 make_build/system_stm32h7xx.o
 .ARM.attributes
                0x00000502       0x32 make_build/list.o
 .ARM.attributes
                0x00000534       0x32 make_build/queue.o
 .ARM.attributes
                0x00000566       0x32 make_build/tasks.o
 .ARM.attributes
                0x00000598       0x32 make_build/timers.o
 .ARM.attributes
                0x000005ca       0x32 make_build/cmsis_os2.o
 .ARM.attributes
                0x000005fc       0x32 make_build/heap_4.o
 .ARM.attributes
                0x0000062e       0x32 make_build/port.o
 .ARM.attributes
                0x00000660       0x32 make_build/driver_st77916.o
 .ARM.attributes
                0x00000692       0x32 make_build/reg_def_st77916.o
 .ARM.attributes
                0x000006c4       0x21 make_build/startup_stm32h743xx.o
 .ARM.attributes
                0x000006e5       0x32 C:/gcc_vsc/arm_gcc/14.2 rel1/bin/../lib/gcc/arm-none-eabi/14.2.1/thumb/v7e-m+dp/hard\libc_nano.a(libc_a-memset.o)
 .ARM.attributes
                0x00000717       0x32 C:/gcc_vsc/arm_gcc/14.2 rel1/bin/../lib/gcc/arm-none-eabi/14.2.1/thumb/v7e-m+dp/hard\libc_nano.a(libc_a-init.o)
 .ARM.attributes
                0x00000749       0x32 C:/gcc_vsc/arm_gcc/14.2 rel1/bin/../lib/gcc/arm-none-eabi/14.2.1/thumb/v7e-m+dp/hard\libc_nano.a(libc_a-memcpy-stub.o)
 .ARM.attributes
                0x0000077b       0x32 C:/gcc_vsc/arm_gcc/14.2 rel1/bin/../lib/gcc/arm-none-eabi/14.2.1/thumb/v7e-m+dp/hard/crtend.o
 .ARM.attributes
                0x000007ad       0x20 C:/gcc_vsc/arm_gcc/14.2 rel1/bin/../lib/gcc/arm-none-eabi/14.2.1/thumb/v7e-m+dp/hard/crtn.o

.comment        0x00000000       0x45
 .comment       0x00000000       0x45 make_build/main.o
                                 0x46 (size before relaxing)
 .comment       0x00000045       0x46 make_build/gpio.o
 .comment       0x00000045       0x46 make_build/freertos.o
 .comment       0x00000045       0x46 make_build/dma.o
 .comment       0x00000045       0x46 make_build/i2c.o
 .comment       0x00000045       0x46 make_build/quadspi.o
 .comment       0x00000045       0x46 make_build/rtc.o
 .comment       0x00000045       0x46 make_build/stm32h7xx_it.o
 .comment       0x00000045       0x46 make_build/stm32h7xx_hal_msp.o
 .comment       0x00000045       0x46 make_build/stm32h7xx_hal_timebase_tim.o
 .comment       0x00000045       0x46 make_build/stm32h7xx_hal_tim.o
 .comment       0x00000045       0x46 make_build/stm32h7xx_hal_tim_ex.o
 .comment       0x00000045       0x46 make_build/stm32h7xx_hal_cortex.o
 .comment       0x00000045       0x46 make_build/stm32h7xx_hal_rcc.o
 .comment       0x00000045       0x46 make_build/stm32h7xx_hal_rcc_ex.o
 .comment       0x00000045       0x46 make_build/stm32h7xx_hal_gpio.o
 .comment       0x00000045       0x46 make_build/stm32h7xx_hal_dma.o
 .comment       0x00000045       0x46 make_build/stm32h7xx_hal_pwr_ex.o
 .comment       0x00000045       0x46 make_build/stm32h7xx_hal.o
 .comment       0x00000045       0x46 make_build/stm32h7xx_hal_i2c.o
 .comment       0x00000045       0x46 make_build/stm32h7xx_hal_i2c_ex.o
 .comment       0x00000045       0x46 make_build/stm32h7xx_hal_qspi.o
 .comment       0x00000045       0x46 make_build/stm32h7xx_hal_rtc.o
 .comment       0x00000045       0x46 make_build/system_stm32h7xx.o
 .comment       0x00000045       0x46 make_build/list.o
 .comment       0x00000045       0x46 make_build/queue.o
 .comment       0x00000045       0x46 make_build/tasks.o
 .comment       0x00000045       0x46 make_build/timers.o
 .comment       0x00000045       0x46 make_build/cmsis_os2.o
 .comment       0x00000045       0x46 make_build/heap_4.o
 .comment       0x00000045       0x46 make_build/port.o
 .comment       0x00000045       0x46 make_build/driver_st77916.o
 .comment       0x00000045       0x46 make_build/reg_def_st77916.o

.debug_info     0x00000000    0x2717b
 .debug_info    0x00000000     0x109a make_build/main.o
 .debug_info    0x0000109a      0xb37 make_build/gpio.o
 .debug_info    0x00001bd1      0x465 make_build/freertos.o
 .debug_info    0x00002036      0x90c make_build/dma.o
 .debug_info    0x00002942     0x130f make_build/i2c.o
 .debug_info    0x00003c51     0x1274 make_build/quadspi.o
 .debug_info    0x00004ec5      0xe1f make_build/rtc.o
 .debug_info    0x00005ce4      0x96f make_build/stm32h7xx_it.o
 .debug_info    0x00006653      0x8f6 make_build/stm32h7xx_hal_msp.o
 .debug_info    0x00006f49     0x1268 make_build/stm32h7xx_hal_timebase_tim.o
 .debug_info    0x000081b1     0x3182 make_build/stm32h7xx_hal_tim.o
 .debug_info    0x0000b333     0x1b08 make_build/stm32h7xx_hal_tim_ex.o
 .debug_info    0x0000ce3b     0x131f make_build/stm32h7xx_hal_cortex.o
 .debug_info    0x0000e15a     0x110e make_build/stm32h7xx_hal_rcc.o
 .debug_info    0x0000f268     0x1522 make_build/stm32h7xx_hal_rcc_ex.o
 .debug_info    0x0001078a      0xeb3 make_build/stm32h7xx_hal_gpio.o
 .debug_info    0x0001163d      0xdbb make_build/stm32h7xx_hal_dma.o
 .debug_info    0x000123f8     0x1288 make_build/stm32h7xx_hal_pwr_ex.o
 .debug_info    0x00013680     0x183c make_build/stm32h7xx_hal.o
 .debug_info    0x00014ebc     0x272f make_build/stm32h7xx_hal_i2c.o
 .debug_info    0x000175eb      0xfd1 make_build/stm32h7xx_hal_i2c_ex.o
 .debug_info    0x000185bc     0x153c make_build/stm32h7xx_hal_qspi.o
 .debug_info    0x00019af8     0x10da make_build/stm32h7xx_hal_rtc.o
 .debug_info    0x0001abd2      0xf69 make_build/system_stm32h7xx.o
 .debug_info    0x0001bb3b      0x300 make_build/list.o
 .debug_info    0x0001be3b     0x1e1d make_build/queue.o
 .debug_info    0x0001dc58     0x2526 make_build/tasks.o
 .debug_info    0x0002017e     0x16a3 make_build/timers.o
 .debug_info    0x00021821     0x433e make_build/cmsis_os2.o
 .debug_info    0x00025b5f      0x550 make_build/heap_4.o
 .debug_info    0x000260af      0x54c make_build/port.o
 .debug_info    0x000265fb      0xa9d make_build/driver_st77916.o
 .debug_info    0x00027098       0xb3 make_build/reg_def_st77916.o
 .debug_info    0x0002714b       0x30 make_build/startup_stm32h743xx.o

.debug_abbrev   0x00000000     0x46e8
 .debug_abbrev  0x00000000      0x26f make_build/main.o
 .debug_abbrev  0x0000026f      0x179 make_build/gpio.o
 .debug_abbrev  0x000003e8      0x165 make_build/freertos.o
 .debug_abbrev  0x0000054d      0x109 make_build/dma.o
 .debug_abbrev  0x00000656      0x23f make_build/i2c.o
 .debug_abbrev  0x00000895      0x20a make_build/quadspi.o
 .debug_abbrev  0x00000a9f      0x1af make_build/rtc.o
 .debug_abbrev  0x00000c4e      0x170 make_build/stm32h7xx_it.o
 .debug_abbrev  0x00000dbe      0x109 make_build/stm32h7xx_hal_msp.o
 .debug_abbrev  0x00000ec7      0x1f4 make_build/stm32h7xx_hal_timebase_tim.o
 .debug_abbrev  0x000010bb      0x263 make_build/stm32h7xx_hal_tim.o
 .debug_abbrev  0x0000131e      0x26b make_build/stm32h7xx_hal_tim_ex.o
 .debug_abbrev  0x00001589      0x306 make_build/stm32h7xx_hal_cortex.o
 .debug_abbrev  0x0000188f      0x295 make_build/stm32h7xx_hal_rcc.o
 .debug_abbrev  0x00001b24      0x24a make_build/stm32h7xx_hal_rcc_ex.o
 .debug_abbrev  0x00001d6e      0x1d0 make_build/stm32h7xx_hal_gpio.o
 .debug_abbrev  0x00001f3e      0x238 make_build/stm32h7xx_hal_dma.o
 .debug_abbrev  0x00002176      0x26c make_build/stm32h7xx_hal_pwr_ex.o
 .debug_abbrev  0x000023e2      0x266 make_build/stm32h7xx_hal.o
 .debug_abbrev  0x00002648      0x249 make_build/stm32h7xx_hal_i2c.o
 .debug_abbrev  0x00002891      0x1be make_build/stm32h7xx_hal_i2c_ex.o
 .debug_abbrev  0x00002a4f      0x23e make_build/stm32h7xx_hal_qspi.o
 .debug_abbrev  0x00002c8d      0x1f6 make_build/stm32h7xx_hal_rtc.o
 .debug_abbrev  0x00002e83      0x13e make_build/system_stm32h7xx.o
 .debug_abbrev  0x00002fc1       0xf1 make_build/list.o
 .debug_abbrev  0x000030b2      0x3a0 make_build/queue.o
 .debug_abbrev  0x00003452      0x37c make_build/tasks.o
 .debug_abbrev  0x000037ce      0x345 make_build/timers.o
 .debug_abbrev  0x00003b13      0x4dd make_build/cmsis_os2.o
 .debug_abbrev  0x00003ff0      0x211 make_build/heap_4.o
 .debug_abbrev  0x00004201      0x272 make_build/port.o
 .debug_abbrev  0x00004473      0x1f0 make_build/driver_st77916.o
 .debug_abbrev  0x00004663       0x68 make_build/reg_def_st77916.o
 .debug_abbrev  0x000046cb       0x1d make_build/startup_stm32h743xx.o

.debug_loc      0x00000000     0xf5f2
 .debug_loc     0x00000000      0x14a make_build/main.o
 .debug_loc     0x0000014a       0x50 make_build/gpio.o
 .debug_loc     0x0000019a       0x64 make_build/freertos.o
 .debug_loc     0x000001fe       0x50 make_build/dma.o
 .debug_loc     0x0000024e       0xce make_build/i2c.o
 .debug_loc     0x0000031c       0xce make_build/quadspi.o
 .debug_loc     0x000003ea       0xda make_build/rtc.o
 .debug_loc     0x000004c4      0x1a4 make_build/stm32h7xx_it.o
 .debug_loc     0x00000668       0x50 make_build/stm32h7xx_hal_msp.o
 .debug_loc     0x000006b8       0xda make_build/stm32h7xx_hal_timebase_tim.o
 .debug_loc     0x00000792     0x2858 make_build/stm32h7xx_hal_tim.o
 .debug_loc     0x00002fea      0xf38 make_build/stm32h7xx_hal_tim_ex.o
 .debug_loc     0x00003f22      0xaf0 make_build/stm32h7xx_hal_cortex.o
 .debug_loc     0x00004a12      0x3e8 make_build/stm32h7xx_hal_rcc.o
 .debug_loc     0x00004dfa      0x866 make_build/stm32h7xx_hal_rcc_ex.o
 .debug_loc     0x00005660      0x2d4 make_build/stm32h7xx_hal_gpio.o
 .debug_loc     0x00005934      0x5bc make_build/stm32h7xx_hal_dma.o
 .debug_loc     0x00005ef0      0xbda make_build/stm32h7xx_hal_pwr_ex.o
 .debug_loc     0x00006aca      0xe34 make_build/stm32h7xx_hal.o
 .debug_loc     0x000078fe     0x1a40 make_build/stm32h7xx_hal_i2c.o
 .debug_loc     0x0000933e      0x228 make_build/stm32h7xx_hal_i2c_ex.o
 .debug_loc     0x00009566      0xcdc make_build/stm32h7xx_hal_qspi.o
 .debug_loc     0x0000a242      0x6d8 make_build/stm32h7xx_hal_rtc.o
 .debug_loc     0x0000a91a       0xe4 make_build/system_stm32h7xx.o
 .debug_loc     0x0000a9fe      0x1cc make_build/list.o
 .debug_loc     0x0000abca      0xd11 make_build/queue.o
 .debug_loc     0x0000b8db     0x13ab make_build/tasks.o
 .debug_loc     0x0000cc86      0x8a1 make_build/timers.o
 .debug_loc     0x0000d527     0x19fd make_build/cmsis_os2.o
 .debug_loc     0x0000ef24      0x274 make_build/heap_4.o
 .debug_loc     0x0000f198      0x30c make_build/port.o
 .debug_loc     0x0000f4a4       0xf2 make_build/driver_st77916.o
 .debug_loc     0x0000f596       0x5c make_build/reg_def_st77916.o

.debug_aranges  0x00000000     0x1b98
 .debug_aranges
                0x00000000       0x40 make_build/main.o
 .debug_aranges
                0x00000040       0x20 make_build/gpio.o
 .debug_aranges
                0x00000060       0x28 make_build/freertos.o
 .debug_aranges
                0x00000088       0x20 make_build/dma.o
 .debug_aranges
                0x000000a8       0x30 make_build/i2c.o
 .debug_aranges
                0x000000d8       0x30 make_build/quadspi.o
 .debug_aranges
                0x00000108       0x30 make_build/rtc.o
 .debug_aranges
                0x00000138       0x60 make_build/stm32h7xx_it.o
 .debug_aranges
                0x00000198       0x20 make_build/stm32h7xx_hal_msp.o
 .debug_aranges
                0x000001b8       0x30 make_build/stm32h7xx_hal_timebase_tim.o
 .debug_aranges
                0x000001e8      0x3e0 make_build/stm32h7xx_hal_tim.o
 .debug_aranges
                0x000005c8      0x188 make_build/stm32h7xx_hal_tim_ex.o
 .debug_aranges
                0x00000750      0x130 make_build/stm32h7xx_hal_cortex.o
 .debug_aranges
                0x00000880       0x88 make_build/stm32h7xx_hal_rcc.o
 .debug_aranges
                0x00000908       0xf8 make_build/stm32h7xx_hal_rcc_ex.o
 .debug_aranges
                0x00000a00       0x58 make_build/stm32h7xx_hal_gpio.o
 .debug_aranges
                0x00000a58       0xa0 make_build/stm32h7xx_hal_dma.o
 .debug_aranges
                0x00000af8      0x158 make_build/stm32h7xx_hal_pwr_ex.o
 .debug_aranges
                0x00000c50      0x198 make_build/stm32h7xx_hal.o
 .debug_aranges
                0x00000de8      0x2a0 make_build/stm32h7xx_hal_i2c.o
 .debug_aranges
                0x00001088       0x48 make_build/stm32h7xx_hal_i2c_ex.o
 .debug_aranges
                0x000010d0      0x148 make_build/stm32h7xx_hal_qspi.o
 .debug_aranges
                0x00001218       0xc0 make_build/stm32h7xx_hal_rtc.o
 .debug_aranges
                0x000012d8       0x30 make_build/system_stm32h7xx.o
 .debug_aranges
                0x00001308       0x40 make_build/list.o
 .debug_aranges
                0x00001348      0x158 make_build/queue.o
 .debug_aranges
                0x000014a0      0x208 make_build/tasks.o
 .debug_aranges
                0x000016a8       0xf0 make_build/timers.o
 .debug_aranges
                0x00001798      0x2b0 make_build/cmsis_os2.o
 .debug_aranges
                0x00001a48       0x58 make_build/heap_4.o
 .debug_aranges
                0x00001aa0       0x80 make_build/port.o
 .debug_aranges
                0x00001b20       0x30 make_build/driver_st77916.o
 .debug_aranges
                0x00001b50       0x20 make_build/reg_def_st77916.o
 .debug_aranges
                0x00001b70       0x28 make_build/startup_stm32h743xx.o

.debug_ranges   0x00000000     0x1980
 .debug_ranges  0x00000000       0x30 make_build/main.o
 .debug_ranges  0x00000030       0x10 make_build/gpio.o
 .debug_ranges  0x00000040       0x18 make_build/freertos.o
 .debug_ranges  0x00000058       0x10 make_build/dma.o
 .debug_ranges  0x00000068       0x20 make_build/i2c.o
 .debug_ranges  0x00000088       0x20 make_build/quadspi.o
 .debug_ranges  0x000000a8       0x20 make_build/rtc.o
 .debug_ranges  0x000000c8       0x50 make_build/stm32h7xx_it.o
 .debug_ranges  0x00000118       0x10 make_build/stm32h7xx_hal_msp.o
 .debug_ranges  0x00000128       0x20 make_build/stm32h7xx_hal_timebase_tim.o
 .debug_ranges  0x00000148      0x3d0 make_build/stm32h7xx_hal_tim.o
 .debug_ranges  0x00000518      0x178 make_build/stm32h7xx_hal_tim_ex.o
 .debug_ranges  0x00000690      0x120 make_build/stm32h7xx_hal_cortex.o
 .debug_ranges  0x000007b0       0x78 make_build/stm32h7xx_hal_rcc.o
 .debug_ranges  0x00000828       0xe8 make_build/stm32h7xx_hal_rcc_ex.o
 .debug_ranges  0x00000910       0x48 make_build/stm32h7xx_hal_gpio.o
 .debug_ranges  0x00000958       0x90 make_build/stm32h7xx_hal_dma.o
 .debug_ranges  0x000009e8      0x148 make_build/stm32h7xx_hal_pwr_ex.o
 .debug_ranges  0x00000b30      0x188 make_build/stm32h7xx_hal.o
 .debug_ranges  0x00000cb8      0x290 make_build/stm32h7xx_hal_i2c.o
 .debug_ranges  0x00000f48       0x38 make_build/stm32h7xx_hal_i2c_ex.o
 .debug_ranges  0x00000f80      0x138 make_build/stm32h7xx_hal_qspi.o
 .debug_ranges  0x000010b8       0xb0 make_build/stm32h7xx_hal_rtc.o
 .debug_ranges  0x00001168       0x20 make_build/system_stm32h7xx.o
 .debug_ranges  0x00001188       0x30 make_build/list.o
 .debug_ranges  0x000011b8      0x148 make_build/queue.o
 .debug_ranges  0x00001300      0x1f8 make_build/tasks.o
 .debug_ranges  0x000014f8       0xe0 make_build/timers.o
 .debug_ranges  0x000015d8      0x2a0 make_build/cmsis_os2.o
 .debug_ranges  0x00001878       0x48 make_build/heap_4.o
 .debug_ranges  0x000018c0       0x70 make_build/port.o
 .debug_ranges  0x00001930       0x20 make_build/driver_st77916.o
 .debug_ranges  0x00001950       0x10 make_build/reg_def_st77916.o
 .debug_ranges  0x00001960       0x20 make_build/startup_stm32h743xx.o

.debug_line     0x00000000    0x18e78
 .debug_line    0x00000000      0x3ab make_build/main.o
 .debug_line    0x000003ab      0x198 make_build/gpio.o
 .debug_line    0x00000543      0x176 make_build/freertos.o
 .debug_line    0x000006b9      0x151 make_build/dma.o
 .debug_line    0x0000080a      0x2c2 make_build/i2c.o
 .debug_line    0x00000acc      0x295 make_build/quadspi.o
 .debug_line    0x00000d61      0x20c make_build/rtc.o
 .debug_line    0x00000f6d      0x248 make_build/stm32h7xx_it.o
 .debug_line    0x000011b5      0x15e make_build/stm32h7xx_hal_msp.o
 .debug_line    0x00001313      0x24d make_build/stm32h7xx_hal_timebase_tim.o
 .debug_line    0x00001560     0x38e8 make_build/stm32h7xx_hal_tim.o
 .debug_line    0x00004e48     0x165a make_build/stm32h7xx_hal_tim_ex.o
 .debug_line    0x000064a2      0x75d make_build/stm32h7xx_hal_cortex.o
 .debug_line    0x00006bff      0xe79 make_build/stm32h7xx_hal_rcc.o
 .debug_line    0x00007a78     0x1787 make_build/stm32h7xx_hal_rcc_ex.o
 .debug_line    0x000091ff      0x5de make_build/stm32h7xx_hal_gpio.o
 .debug_line    0x000097dd     0x20fe make_build/stm32h7xx_hal_dma.o
 .debug_line    0x0000b8db      0x938 make_build/stm32h7xx_hal_pwr_ex.o
 .debug_line    0x0000c213      0x7bb make_build/stm32h7xx_hal.o
 .debug_line    0x0000c9ce     0x3504 make_build/stm32h7xx_hal_i2c.o
 .debug_line    0x0000fed2      0x2f9 make_build/stm32h7xx_hal_i2c_ex.o
 .debug_line    0x000101cb      0xdda make_build/stm32h7xx_hal_qspi.o
 .debug_line    0x00010fa5      0xbb3 make_build/stm32h7xx_hal_rtc.o
 .debug_line    0x00011b58      0x3a3 make_build/system_stm32h7xx.o
 .debug_line    0x00011efb      0x280 make_build/list.o
 .debug_line    0x0001217b     0x1268 make_build/queue.o
 .debug_line    0x000133e3     0x17e7 make_build/tasks.o
 .debug_line    0x00014bca      0x938 make_build/timers.o
 .debug_line    0x00015502     0x1e18 make_build/cmsis_os2.o
 .debug_line    0x0001731a      0x4e9 make_build/heap_4.o
 .debug_line    0x00017803      0x47c make_build/port.o
 .debug_line    0x00017c7f     0x109b make_build/driver_st77916.o
 .debug_line    0x00018d1a       0xea make_build/reg_def_st77916.o
 .debug_line    0x00018e04       0x74 make_build/startup_stm32h743xx.o

.debug_str      0x00000000     0x9f90
 .debug_str     0x00000000     0x9f90 make_build/main.o
                                0xce9 (size before relaxing)
 .debug_str     0x00009f90      0xce4 make_build/gpio.o
 .debug_str     0x00009f90      0x701 make_build/freertos.o
 .debug_str     0x00009f90      0xc17 make_build/dma.o
 .debug_str     0x00009f90      0xe89 make_build/i2c.o
 .debug_str     0x00009f90      0xda6 make_build/quadspi.o
 .debug_str     0x00009f90      0xa1d make_build/rtc.o
 .debug_str     0x00009f90      0x8e3 make_build/stm32h7xx_it.o
 .debug_str     0x00009f90      0xc12 make_build/stm32h7xx_hal_msp.o
 .debug_str     0x00009f90     0x13ee make_build/stm32h7xx_hal_timebase_tim.o
 .debug_str     0x00009f90     0x184d make_build/stm32h7xx_hal_tim.o
 .debug_str     0x00009f90     0x1175 make_build/stm32h7xx_hal_tim_ex.o
 .debug_str     0x00009f90     0x1064 make_build/stm32h7xx_hal_cortex.o
 .debug_str     0x00009f90      0x9fe make_build/stm32h7xx_hal_rcc.o
 .debug_str     0x00009f90      0xf09 make_build/stm32h7xx_hal_rcc_ex.o
 .debug_str     0x00009f90      0x6b8 make_build/stm32h7xx_hal_gpio.o
 .debug_str     0x00009f90      0x9af make_build/stm32h7xx_hal_dma.o
 .debug_str     0x00009f90      0xa2d make_build/stm32h7xx_hal_pwr_ex.o
 .debug_str     0x00009f90     0x149e make_build/stm32h7xx_hal.o
 .debug_str     0x00009f90     0x116a make_build/stm32h7xx_hal_i2c.o
 .debug_str     0x00009f90      0xb0f make_build/stm32h7xx_hal_i2c_ex.o
 .debug_str     0x00009f90      0xc49 make_build/stm32h7xx_hal_qspi.o
 .debug_str     0x00009f90      0x865 make_build/stm32h7xx_hal_rtc.o
 .debug_str     0x00009f90      0x752 make_build/system_stm32h7xx.o
 .debug_str     0x00009f90      0x2e4 make_build/list.o
 .debug_str     0x00009f90      0xce9 make_build/queue.o
 .debug_str     0x00009f90     0x12c9 make_build/tasks.o
 .debug_str     0x00009f90      0xc2a make_build/timers.o
 .debug_str     0x00009f90     0x259e make_build/cmsis_os2.o
 .debug_str     0x00009f90      0x4fd make_build/heap_4.o
 .debug_str     0x00009f90      0x464 make_build/port.o
 .debug_str     0x00009f90      0x8bc make_build/driver_st77916.o
 .debug_str     0x00009f90      0x19d make_build/reg_def_st77916.o
 .debug_str     0x00009f90       0x64 make_build/startup_stm32h743xx.o

.debug_frame    0x00000000     0x72f4
 .debug_frame   0x00000000       0xb0 make_build/main.o
 .debug_frame   0x000000b0       0x34 make_build/gpio.o
 .debug_frame   0x000000e4       0x4c make_build/freertos.o
 .debug_frame   0x00000130       0x34 make_build/dma.o
 .debug_frame   0x00000164       0x78 make_build/i2c.o
 .debug_frame   0x000001dc       0x78 make_build/quadspi.o
 .debug_frame   0x00000254       0x78 make_build/rtc.o
 .debug_frame   0x000002cc       0xfc make_build/stm32h7xx_it.o
 .debug_frame   0x000003c8       0x34 make_build/stm32h7xx_hal_msp.o
 .debug_frame   0x000003fc       0x74 make_build/stm32h7xx_hal_timebase_tim.o
 .debug_frame   0x00000470     0x121c make_build/stm32h7xx_hal_tim.o
 .debug_frame   0x0000168c      0x6d8 make_build/stm32h7xx_hal_tim_ex.o
 .debug_frame   0x00001d64      0x508 make_build/stm32h7xx_hal_cortex.o
 .debug_frame   0x0000226c      0x1f8 make_build/stm32h7xx_hal_rcc.o
 .debug_frame   0x00002464      0x414 make_build/stm32h7xx_hal_rcc_ex.o
 .debug_frame   0x00002878      0x14c make_build/stm32h7xx_hal_gpio.o
 .debug_frame   0x000029c4      0x2b4 make_build/stm32h7xx_hal_dma.o
 .debug_frame   0x00002c78      0x580 make_build/stm32h7xx_hal_pwr_ex.o
 .debug_frame   0x000031f8      0x690 make_build/stm32h7xx_hal.o
 .debug_frame   0x00003888      0xc40 make_build/stm32h7xx_hal_i2c.o
 .debug_frame   0x000044c8      0x100 make_build/stm32h7xx_hal_i2c_ex.o
 .debug_frame   0x000045c8      0x5ec make_build/stm32h7xx_hal_qspi.o
 .debug_frame   0x00004bb4      0x32c make_build/stm32h7xx_hal_rtc.o
 .debug_frame   0x00004ee0       0x78 make_build/system_stm32h7xx.o
 .debug_frame   0x00004f58       0xd8 make_build/list.o
 .debug_frame   0x00005030      0x5ec make_build/queue.o
 .debug_frame   0x0000561c      0x8f0 make_build/tasks.o
 .debug_frame   0x00005f0c      0x400 make_build/timers.o
 .debug_frame   0x0000630c      0xbe4 make_build/cmsis_os2.o
 .debug_frame   0x00006ef0      0x12c make_build/heap_4.o
 .debug_frame   0x0000701c      0x1a8 make_build/port.o
 .debug_frame   0x000071c4       0x84 make_build/driver_st77916.o
 .debug_frame   0x00007248       0x38 make_build/reg_def_st77916.o
 .debug_frame   0x00007280       0x20 C:/gcc_vsc/arm_gcc/14.2 rel1/bin/../lib/gcc/arm-none-eabi/14.2.1/thumb/v7e-m+dp/hard\libc_nano.a(libc_a-memset.o)
 .debug_frame   0x000072a0       0x2c C:/gcc_vsc/arm_gcc/14.2 rel1/bin/../lib/gcc/arm-none-eabi/14.2.1/thumb/v7e-m+dp/hard\libc_nano.a(libc_a-init.o)
 .debug_frame   0x000072cc       0x28 C:/gcc_vsc/arm_gcc/14.2 rel1/bin/../lib/gcc/arm-none-eabi/14.2.1/thumb/v7e-m+dp/hard\libc_nano.a(libc_a-memcpy-stub.o)

Cross Reference Table

Symbol                                            File
ADC3_IRQHandler                                   make_build/startup_stm32h743xx.o
ADC_IRQHandler                                    make_build/startup_stm32h743xx.o
BDMA_Channel0_IRQHandler                          make_build/startup_stm32h743xx.o
BDMA_Channel1_IRQHandler                          make_build/startup_stm32h743xx.o
BDMA_Channel2_IRQHandler                          make_build/startup_stm32h743xx.o
BDMA_Channel3_IRQHandler                          make_build/startup_stm32h743xx.o
BDMA_Channel4_IRQHandler                          make_build/startup_stm32h743xx.o
BDMA_Channel5_IRQHandler                          make_build/startup_stm32h743xx.o
BDMA_Channel6_IRQHandler                          make_build/startup_stm32h743xx.o
BDMA_Channel7_IRQHandler                          make_build/startup_stm32h743xx.o
BusFault_Handler                                  make_build/stm32h7xx_it.o
CEC_IRQHandler                                    make_build/startup_stm32h743xx.o
COMP1_IRQHandler                                  make_build/startup_stm32h743xx.o
CRS_IRQHandler                                    make_build/startup_stm32h743xx.o
D1CorePrescTable                                  make_build/system_stm32h7xx.o
                                                  make_build/stm32h7xx_hal.o
                                                  make_build/stm32h7xx_hal_rcc_ex.o
                                                  make_build/stm32h7xx_hal_rcc.o
DCMI_IRQHandler                                   make_build/startup_stm32h743xx.o
DFSDM1_FLT0_IRQHandler                            make_build/startup_stm32h743xx.o
DFSDM1_FLT1_IRQHandler                            make_build/startup_stm32h743xx.o
DFSDM1_FLT2_IRQHandler                            make_build/startup_stm32h743xx.o
DFSDM1_FLT3_IRQHandler                            make_build/startup_stm32h743xx.o
DMA1_Stream0_IRQHandler                           make_build/startup_stm32h743xx.o
DMA1_Stream1_IRQHandler                           make_build/stm32h7xx_it.o
DMA1_Stream2_IRQHandler                           make_build/startup_stm32h743xx.o
DMA1_Stream3_IRQHandler                           make_build/startup_stm32h743xx.o
DMA1_Stream4_IRQHandler                           make_build/startup_stm32h743xx.o
DMA1_Stream5_IRQHandler                           make_build/startup_stm32h743xx.o
DMA1_Stream6_IRQHandler                           make_build/startup_stm32h743xx.o
DMA1_Stream7_IRQHandler                           make_build/startup_stm32h743xx.o
DMA2D_IRQHandler                                  make_build/startup_stm32h743xx.o
DMA2_Stream0_IRQHandler                           make_build/startup_stm32h743xx.o
DMA2_Stream1_IRQHandler                           make_build/startup_stm32h743xx.o
DMA2_Stream2_IRQHandler                           make_build/startup_stm32h743xx.o
DMA2_Stream3_IRQHandler                           make_build/startup_stm32h743xx.o
DMA2_Stream4_IRQHandler                           make_build/startup_stm32h743xx.o
DMA2_Stream5_IRQHandler                           make_build/startup_stm32h743xx.o
DMA2_Stream6_IRQHandler                           make_build/startup_stm32h743xx.o
DMA2_Stream7_IRQHandler                           make_build/startup_stm32h743xx.o
DMAMUX1_OVR_IRQHandler                            make_build/startup_stm32h743xx.o
DMAMUX2_OVR_IRQHandler                            make_build/startup_stm32h743xx.o
DebugMon_Handler                                  make_build/stm32h7xx_it.o
Default_Handler                                   make_build/startup_stm32h743xx.o
DelayBlock_Configure                              make_build/stm32h7xx_ll_delayblock.o
DelayBlock_Disable                                make_build/stm32h7xx_ll_delayblock.o
DelayBlock_Enable                                 make_build/stm32h7xx_ll_delayblock.o
ECC_IRQHandler                                    make_build/startup_stm32h743xx.o
ETH_IRQHandler                                    make_build/startup_stm32h743xx.o
ETH_WKUP_IRQHandler                               make_build/startup_stm32h743xx.o
EXTI0_IRQHandler                                  make_build/startup_stm32h743xx.o
EXTI15_10_IRQHandler                              make_build/startup_stm32h743xx.o
EXTI1_IRQHandler                                  make_build/startup_stm32h743xx.o
EXTI2_IRQHandler                                  make_build/startup_stm32h743xx.o
EXTI3_IRQHandler                                  make_build/startup_stm32h743xx.o
EXTI4_IRQHandler                                  make_build/startup_stm32h743xx.o
EXTI9_5_IRQHandler                                make_build/stm32h7xx_it.o
Error_Handler                                     make_build/main.o
                                                  make_build/rtc.o
                                                  make_build/quadspi.o
                                                  make_build/i2c.o
ExitRun0Mode                                      make_build/system_stm32h7xx.o
                                                  make_build/startup_stm32h743xx.o
FDCAN1_IT0_IRQHandler                             make_build/startup_stm32h743xx.o
FDCAN1_IT1_IRQHandler                             make_build/startup_stm32h743xx.o
FDCAN2_IT0_IRQHandler                             make_build/startup_stm32h743xx.o
FDCAN2_IT1_IRQHandler                             make_build/startup_stm32h743xx.o
FDCAN_CAL_IRQHandler                              make_build/startup_stm32h743xx.o
FLASH_CRC_WaitForLastOperation                    make_build/stm32h7xx_hal_flash.o
                                                  make_build/stm32h7xx_hal_flash_ex.o
FLASH_Erase_Sector                                make_build/stm32h7xx_hal_flash_ex.o
                                                  make_build/stm32h7xx_hal_flash.o
FLASH_IRQHandler                                  make_build/startup_stm32h743xx.o
FLASH_OB_WaitForLastOperation                     make_build/stm32h7xx_hal_flash.o
                                                  make_build/stm32h7xx_hal_flash_ex.o
FLASH_WaitForLastOperation                        make_build/stm32h7xx_hal_flash.o
                                                  make_build/stm32h7xx_hal_flash_ex.o
FMC_IRQHandler                                    make_build/startup_stm32h743xx.o
FPU_IRQHandler                                    make_build/startup_stm32h743xx.o
HAL_DBGMCU_DisableDBGSleepMode                    make_build/stm32h7xx_hal.o
HAL_DBGMCU_DisableDBGStandbyMode                  make_build/stm32h7xx_hal.o
HAL_DBGMCU_DisableDBGStopMode                     make_build/stm32h7xx_hal.o
HAL_DBGMCU_EnableDBGSleepMode                     make_build/stm32h7xx_hal.o
HAL_DBGMCU_EnableDBGStandbyMode                   make_build/stm32h7xx_hal.o
HAL_DBGMCU_EnableDBGStopMode                      make_build/stm32h7xx_hal.o
HAL_DMAEx_ChangeMemory                            make_build/stm32h7xx_hal_dma_ex.o
HAL_DMAEx_ConfigMuxRequestGenerator               make_build/stm32h7xx_hal_dma_ex.o
HAL_DMAEx_ConfigMuxSync                           make_build/stm32h7xx_hal_dma_ex.o
HAL_DMAEx_DisableMuxRequestGenerator              make_build/stm32h7xx_hal_dma_ex.o
HAL_DMAEx_EnableMuxRequestGenerator               make_build/stm32h7xx_hal_dma_ex.o
HAL_DMAEx_MUX_IRQHandler                          make_build/stm32h7xx_hal_dma_ex.o
HAL_DMAEx_MultiBufferStart                        make_build/stm32h7xx_hal_dma_ex.o
HAL_DMAEx_MultiBufferStart_IT                     make_build/stm32h7xx_hal_dma_ex.o
HAL_DMA_Abort                                     make_build/stm32h7xx_hal_dma.o
HAL_DMA_Abort_IT                                  make_build/stm32h7xx_hal_dma.o
                                                  make_build/stm32h7xx_hal_i2c.o
                                                  make_build/stm32h7xx_hal_tim_ex.o
                                                  make_build/stm32h7xx_hal_tim.o
HAL_DMA_DeInit                                    make_build/stm32h7xx_hal_dma.o
                                                  make_build/i2c.o
HAL_DMA_GetError                                  make_build/stm32h7xx_hal_dma.o
                                                  make_build/stm32h7xx_hal_i2c.o
HAL_DMA_GetState                                  make_build/stm32h7xx_hal_dma.o
                                                  make_build/stm32h7xx_hal_i2c.o
HAL_DMA_IRQHandler                                make_build/stm32h7xx_hal_dma.o
                                                  make_build/stm32h7xx_it.o
HAL_DMA_Init                                      make_build/stm32h7xx_hal_dma.o
                                                  make_build/i2c.o
HAL_DMA_PollForTransfer                           make_build/stm32h7xx_hal_dma.o
HAL_DMA_RegisterCallback                          make_build/stm32h7xx_hal_dma.o
HAL_DMA_Start                                     make_build/stm32h7xx_hal_dma.o
HAL_DMA_Start_IT                                  make_build/stm32h7xx_hal_dma.o
                                                  make_build/stm32h7xx_hal_i2c.o
                                                  make_build/stm32h7xx_hal_tim_ex.o
                                                  make_build/stm32h7xx_hal_tim.o
HAL_DMA_UnRegisterCallback                        make_build/stm32h7xx_hal_dma.o
HAL_DeInit                                        make_build/stm32h7xx_hal.o
HAL_Delay                                         make_build/stm32h7xx_hal.o
                                                  make_build/driver_st77916.o
HAL_DisableCompensationCell                       make_build/stm32h7xx_hal.o
HAL_EXTI_ClearConfigLine                          make_build/stm32h7xx_hal_exti.o
HAL_EXTI_ClearPending                             make_build/stm32h7xx_hal_exti.o
HAL_EXTI_D1_ClearFlag                             make_build/stm32h7xx_hal.o
HAL_EXTI_D1_EventInputConfig                      make_build/stm32h7xx_hal.o
HAL_EXTI_D3_EventInputConfig                      make_build/stm32h7xx_hal.o
HAL_EXTI_EdgeConfig                               make_build/stm32h7xx_hal.o
HAL_EXTI_GenerateSWI                              make_build/stm32h7xx_hal_exti.o
HAL_EXTI_GenerateSWInterrupt                      make_build/stm32h7xx_hal.o
HAL_EXTI_GetConfigLine                            make_build/stm32h7xx_hal_exti.o
HAL_EXTI_GetHandle                                make_build/stm32h7xx_hal_exti.o
HAL_EXTI_GetPending                               make_build/stm32h7xx_hal_exti.o
HAL_EXTI_IRQHandler                               make_build/stm32h7xx_hal_exti.o
HAL_EXTI_RegisterCallback                         make_build/stm32h7xx_hal_exti.o
HAL_EXTI_SetConfigLine                            make_build/stm32h7xx_hal_exti.o
HAL_EnableCompensationCell                        make_build/stm32h7xx_hal.o
HAL_FLASHEx_ComputeCRC                            make_build/stm32h7xx_hal_flash_ex.o
HAL_FLASHEx_Erase                                 make_build/stm32h7xx_hal_flash_ex.o
HAL_FLASHEx_Erase_IT                              make_build/stm32h7xx_hal_flash_ex.o
HAL_FLASHEx_Lock_Bank1                            make_build/stm32h7xx_hal_flash_ex.o
HAL_FLASHEx_Lock_Bank2                            make_build/stm32h7xx_hal_flash_ex.o
HAL_FLASHEx_OBGetConfig                           make_build/stm32h7xx_hal_flash_ex.o
HAL_FLASHEx_OBProgram                             make_build/stm32h7xx_hal_flash_ex.o
HAL_FLASHEx_Unlock_Bank1                          make_build/stm32h7xx_hal_flash_ex.o
HAL_FLASHEx_Unlock_Bank2                          make_build/stm32h7xx_hal_flash_ex.o
HAL_FLASH_EndOfOperationCallback                  make_build/stm32h7xx_hal_flash.o
HAL_FLASH_GetError                                make_build/stm32h7xx_hal_flash.o
HAL_FLASH_IRQHandler                              make_build/stm32h7xx_hal_flash.o
HAL_FLASH_Lock                                    make_build/stm32h7xx_hal_flash.o
HAL_FLASH_OB_Launch                               make_build/stm32h7xx_hal_flash.o
HAL_FLASH_OB_Lock                                 make_build/stm32h7xx_hal_flash.o
HAL_FLASH_OB_Unlock                               make_build/stm32h7xx_hal_flash.o
HAL_FLASH_OperationErrorCallback                  make_build/stm32h7xx_hal_flash.o
HAL_FLASH_Program                                 make_build/stm32h7xx_hal_flash.o
HAL_FLASH_Program_IT                              make_build/stm32h7xx_hal_flash.o
HAL_FLASH_Unlock                                  make_build/stm32h7xx_hal_flash.o
HAL_GPIO_DeInit                                   make_build/stm32h7xx_hal_gpio.o
                                                  make_build/quadspi.o
                                                  make_build/i2c.o
HAL_GPIO_EXTI_Callback                            make_build/stm32h7xx_hal_gpio.o
HAL_GPIO_EXTI_IRQHandler                          make_build/stm32h7xx_hal_gpio.o
                                                  make_build/stm32h7xx_it.o
HAL_GPIO_Init                                     make_build/stm32h7xx_hal_gpio.o
                                                  make_build/stm32h7xx_hal_rcc.o
                                                  make_build/quadspi.o
                                                  make_build/i2c.o
                                                  make_build/gpio.o
HAL_GPIO_LockPin                                  make_build/stm32h7xx_hal_gpio.o
HAL_GPIO_ReadPin                                  make_build/stm32h7xx_hal_gpio.o
HAL_GPIO_TogglePin                                make_build/stm32h7xx_hal_gpio.o
HAL_GPIO_WritePin                                 make_build/stm32h7xx_hal_gpio.o
                                                  make_build/gpio.o
HAL_GetCurrentCPUID                               make_build/stm32h7xx_hal_cortex.o
HAL_GetDEVID                                      make_build/stm32h7xx_hal.o
HAL_GetFMCMemorySwappingConfig                    make_build/stm32h7xx_hal.o
HAL_GetHalVersion                                 make_build/stm32h7xx_hal.o
HAL_GetREVID                                      make_build/stm32h7xx_hal.o
                                                  make_build/stm32h7xx_hal_rcc_ex.o
                                                  make_build/stm32h7xx_hal_rcc.o
HAL_GetTick                                       make_build/stm32h7xx_hal.o
                                                  make_build/stm32h7xx_hal_rtc_ex.o
                                                  make_build/stm32h7xx_hal_rtc.o
                                                  make_build/stm32h7xx_ll_delayblock.o
                                                  make_build/stm32h7xx_hal_qspi.o
                                                  make_build/stm32h7xx_hal_i2c.o
                                                  make_build/stm32h7xx_hal_pwr_ex.o
                                                  make_build/stm32h7xx_hal_mdma.o
                                                  make_build/stm32h7xx_hal_dma.o
                                                  make_build/stm32h7xx_hal_flash.o
                                                  make_build/stm32h7xx_hal_rcc_ex.o
                                                  make_build/stm32h7xx_hal_rcc.o
HAL_GetTickFreq                                   make_build/stm32h7xx_hal.o
HAL_GetTickPrio                                   make_build/stm32h7xx_hal.o
HAL_GetUIDw0                                      make_build/stm32h7xx_hal.o
HAL_GetUIDw1                                      make_build/stm32h7xx_hal.o
HAL_GetUIDw2                                      make_build/stm32h7xx_hal.o
HAL_HSEM_ActivateNotification                     make_build/stm32h7xx_hal_hsem.o
HAL_HSEM_DeactivateNotification                   make_build/stm32h7xx_hal_hsem.o
HAL_HSEM_FastTake                                 make_build/stm32h7xx_hal_hsem.o
HAL_HSEM_FreeCallback                             make_build/stm32h7xx_hal_hsem.o
HAL_HSEM_GetClearKey                              make_build/stm32h7xx_hal_hsem.o
HAL_HSEM_IRQHandler                               make_build/stm32h7xx_hal_hsem.o
HAL_HSEM_IsSemTaken                               make_build/stm32h7xx_hal_hsem.o
HAL_HSEM_Release                                  make_build/stm32h7xx_hal_hsem.o
HAL_HSEM_ReleaseAll                               make_build/stm32h7xx_hal_hsem.o
HAL_HSEM_SetClearKey                              make_build/stm32h7xx_hal_hsem.o
HAL_HSEM_Take                                     make_build/stm32h7xx_hal_hsem.o
HAL_I2CEx_ConfigAnalogFilter                      make_build/stm32h7xx_hal_i2c_ex.o
                                                  make_build/i2c.o
HAL_I2CEx_ConfigDigitalFilter                     make_build/stm32h7xx_hal_i2c_ex.o
                                                  make_build/i2c.o
HAL_I2CEx_DisableFastModePlus                     make_build/stm32h7xx_hal_i2c_ex.o
HAL_I2CEx_DisableWakeUp                           make_build/stm32h7xx_hal_i2c_ex.o
HAL_I2CEx_EnableFastModePlus                      make_build/stm32h7xx_hal_i2c_ex.o
HAL_I2CEx_EnableWakeUp                            make_build/stm32h7xx_hal_i2c_ex.o
HAL_I2C_AbortCpltCallback                         make_build/stm32h7xx_hal_i2c.o
HAL_I2C_AddrCallback                              make_build/stm32h7xx_hal_i2c.o
HAL_I2C_DeInit                                    make_build/stm32h7xx_hal_i2c.o
HAL_I2C_DisableListen_IT                          make_build/stm32h7xx_hal_i2c.o
HAL_I2C_ER_IRQHandler                             make_build/stm32h7xx_hal_i2c.o
HAL_I2C_EV_IRQHandler                             make_build/stm32h7xx_hal_i2c.o
HAL_I2C_EnableListen_IT                           make_build/stm32h7xx_hal_i2c.o
HAL_I2C_ErrorCallback                             make_build/stm32h7xx_hal_i2c.o
HAL_I2C_GetError                                  make_build/stm32h7xx_hal_i2c.o
HAL_I2C_GetMode                                   make_build/stm32h7xx_hal_i2c.o
HAL_I2C_GetState                                  make_build/stm32h7xx_hal_i2c.o
HAL_I2C_Init                                      make_build/stm32h7xx_hal_i2c.o
                                                  make_build/i2c.o
HAL_I2C_IsDeviceReady                             make_build/stm32h7xx_hal_i2c.o
HAL_I2C_ListenCpltCallback                        make_build/stm32h7xx_hal_i2c.o
HAL_I2C_MasterRxCpltCallback                      make_build/stm32h7xx_hal_i2c.o
HAL_I2C_MasterTxCpltCallback                      make_build/stm32h7xx_hal_i2c.o
HAL_I2C_Master_Abort_IT                           make_build/stm32h7xx_hal_i2c.o
HAL_I2C_Master_Receive                            make_build/stm32h7xx_hal_i2c.o
HAL_I2C_Master_Receive_DMA                        make_build/stm32h7xx_hal_i2c.o
HAL_I2C_Master_Receive_IT                         make_build/stm32h7xx_hal_i2c.o
HAL_I2C_Master_Seq_Receive_DMA                    make_build/stm32h7xx_hal_i2c.o