Archive member included to satisfy reference by file (symbol)

C:/ST/STM32CubeIDE_1.16.0/STM32CubeIDE/plugins/com.st.stm32cube.ide.mcu.externaltools.gnu-tools-for-stm32.12.3.rel1.win32_1.0.200.202406191623/tools/bin/../lib/gcc/arm-none-eabi/12.3.1/../../../../arm-none-eabi/lib/thumb/v7e-m+dp/hard\libc_nano.a(libc_a-exit.o)
                              C:/ST/STM32CubeIDE_1.16.0/STM32CubeIDE/plugins/com.st.stm32cube.ide.mcu.externaltools.gnu-tools-for-stm32.12.3.rel1.win32_1.0.200.202406191623/tools/bin/../lib/gcc/arm-none-eabi/12.3.1/../../../../arm-none-eabi/lib/thumb/v7e-m+dp/hard/crt0.o (exit)
C:/ST/STM32CubeIDE_1.16.0/STM32CubeIDE/plugins/com.st.stm32cube.ide.mcu.externaltools.gnu-tools-for-stm32.12.3.rel1.win32_1.0.200.202406191623/tools/bin/../lib/gcc/arm-none-eabi/12.3.1/../../../../arm-none-eabi/lib/thumb/v7e-m+dp/hard\libc_nano.a(libc_a-findfp.o)
                              C:/ST/STM32CubeIDE_1.16.0/STM32CubeIDE/plugins/com.st.stm32cube.ide.mcu.externaltools.gnu-tools-for-stm32.12.3.rel1.win32_1.0.200.202406191623/tools/bin/../lib/gcc/arm-none-eabi/12.3.1/../../../../arm-none-eabi/lib/thumb/v7e-m+dp/hard\libc_nano.a(libc_a-exit.o) (__stdio_exit_handler)
C:/ST/STM32CubeIDE_1.16.0/STM32CubeIDE/plugins/com.st.stm32cube.ide.mcu.externaltools.gnu-tools-for-stm32.12.3.rel1.win32_1.0.200.202406191623/tools/bin/../lib/gcc/arm-none-eabi/12.3.1/../../../../arm-none-eabi/lib/thumb/v7e-m+dp/hard\libc_nano.a(libc_a-fwalk.o)
                              C:/ST/STM32CubeIDE_1.16.0/STM32CubeIDE/plugins/com.st.stm32cube.ide.mcu.externaltools.gnu-tools-for-stm32.12.3.rel1.win32_1.0.200.202406191623/tools/bin/../lib/gcc/arm-none-eabi/12.3.1/../../../../arm-none-eabi/lib/thumb/v7e-m+dp/hard\libc_nano.a(libc_a-findfp.o) (_fwalk_sglue)
C:/ST/STM32CubeIDE_1.16.0/STM32CubeIDE/plugins/com.st.stm32cube.ide.mcu.externaltools.gnu-tools-for-stm32.12.3.rel1.win32_1.0.200.202406191623/tools/bin/../lib/gcc/arm-none-eabi/12.3.1/../../../../arm-none-eabi/lib/thumb/v7e-m+dp/hard\libc_nano.a(libc_a-stdio.o)
                              C:/ST/STM32CubeIDE_1.16.0/STM32CubeIDE/plugins/com.st.stm32cube.ide.mcu.externaltools.gnu-tools-for-stm32.12.3.rel1.win32_1.0.200.202406191623/tools/bin/../lib/gcc/arm-none-eabi/12.3.1/../../../../arm-none-eabi/lib/thumb/v7e-m+dp/hard\libc_nano.a(libc_a-findfp.o) (__sread)
C:/ST/STM32CubeIDE_1.16.0/STM32CubeIDE/plugins/com.st.stm32cube.ide.mcu.externaltools.gnu-tools-for-stm32.12.3.rel1.win32_1.0.200.202406191623/tools/bin/../lib/gcc/arm-none-eabi/12.3.1/../../../../arm-none-eabi/lib/thumb/v7e-m+dp/hard\libc_nano.a(libc_a-memset.o)
                              C:/ST/STM32CubeIDE_1.16.0/STM32CubeIDE/plugins/com.st.stm32cube.ide.mcu.externaltools.gnu-tools-for-stm32.12.3.rel1.win32_1.0.200.202406191623/tools/bin/../lib/gcc/arm-none-eabi/12.3.1/../../../../arm-none-eabi/lib/thumb/v7e-m+dp/hard/crt0.o (memset)
C:/ST/STM32CubeIDE_1.16.0/STM32CubeIDE/plugins/com.st.stm32cube.ide.mcu.externaltools.gnu-tools-for-stm32.12.3.rel1.win32_1.0.200.202406191623/tools/bin/../lib/gcc/arm-none-eabi/12.3.1/../../../../arm-none-eabi/lib/thumb/v7e-m+dp/hard\libc_nano.a(libc_a-closer.o)
                              C:/ST/STM32CubeIDE_1.16.0/STM32CubeIDE/plugins/com.st.stm32cube.ide.mcu.externaltools.gnu-tools-for-stm32.12.3.rel1.win32_1.0.200.202406191623/tools/bin/../lib/gcc/arm-none-eabi/12.3.1/../../../../arm-none-eabi/lib/thumb/v7e-m+dp/hard\libc_nano.a(libc_a-stdio.o) (_close_r)
C:/ST/STM32CubeIDE_1.16.0/STM32CubeIDE/plugins/com.st.stm32cube.ide.mcu.externaltools.gnu-tools-for-stm32.12.3.rel1.win32_1.0.200.202406191623/tools/bin/../lib/gcc/arm-none-eabi/12.3.1/../../../../arm-none-eabi/lib/thumb/v7e-m+dp/hard\libc_nano.a(libc_a-reent.o)
                              C:/ST/STM32CubeIDE_1.16.0/STM32CubeIDE/plugins/com.st.stm32cube.ide.mcu.externaltools.gnu-tools-for-stm32.12.3.rel1.win32_1.0.200.202406191623/tools/bin/../lib/gcc/arm-none-eabi/12.3.1/../../../../arm-none-eabi/lib/thumb/v7e-m+dp/hard\libc_nano.a(libc_a-closer.o) (errno)
C:/ST/STM32CubeIDE_1.16.0/STM32CubeIDE/plugins/com.st.stm32cube.ide.mcu.externaltools.gnu-tools-for-stm32.12.3.rel1.win32_1.0.200.202406191623/tools/bin/../lib/gcc/arm-none-eabi/12.3.1/../../../../arm-none-eabi/lib/thumb/v7e-m+dp/hard\libc_nano.a(libc_a-impure.o)
                              C:/ST/STM32CubeIDE_1.16.0/STM32CubeIDE/plugins/com.st.stm32cube.ide.mcu.externaltools.gnu-tools-for-stm32.12.3.rel1.win32_1.0.200.202406191623/tools/bin/../lib/gcc/arm-none-eabi/12.3.1/../../../../arm-none-eabi/lib/thumb/v7e-m+dp/hard\libc_nano.a(libc_a-reent.o) (_impure_ptr)
C:/ST/STM32CubeIDE_1.16.0/STM32CubeIDE/plugins/com.st.stm32cube.ide.mcu.externaltools.gnu-tools-for-stm32.12.3.rel1.win32_1.0.200.202406191623/tools/bin/../lib/gcc/arm-none-eabi/12.3.1/../../../../arm-none-eabi/lib/thumb/v7e-m+dp/hard\libc_nano.a(libc_a-lseekr.o)
[...]
Memory Configuration

Name             Origin             Length             Attributes
FLASH            0x08000000         0x00200000         xr
DTCMRAM          0x20000000         0x00020000         xrw
RAM_D1           0x24000000         0x00080000         xrw
RAM_D2           0x30000000         0x00048000         xrw
RAM_D3           0x38000000         0x00010000         xrw
ITCMRAM          0x00000000         0x00010000         xrw
*default*        0x00000000         0xffffffff

Linker script and memory map

LOAD C:/ST/STM32CubeIDE_1.16.0/STM32CubeIDE/plugins/com.st.stm32cube.ide.mcu.externaltools.gnu-tools-for-stm32.12.3.rel1.win32_1.0.200.202406191623/tools/bin/../lib/gcc/arm-none-eabi/12.3.1/thumb/v7e-m+dp/hard/crti.o
LOAD C:/ST/STM32CubeIDE_1.16.0/STM32CubeIDE/plugins/com.st.stm32cube.ide.mcu.externaltools.gnu-tools-for-stm32.12.3.rel1.win32_1.0.200.202406191623/tools/bin/../lib/gcc/arm-none-eabi/12.3.1/thumb/v7e-m+dp/hard/crtbegin.o
LOAD C:/ST/STM32CubeIDE_1.16.0/STM32CubeIDE/plugins/com.st.stm32cube.ide.mcu.externaltools.gnu-tools-for-stm32.12.3.rel1.win32_1.0.200.202406191623/tools/bin/../lib/gcc/arm-none-eabi/12.3.1/../../../../arm-none-eabi/lib/thumb/v7e-m+dp/hard/crt0.o
LOAD ./Core/Src/freertos.o
LOAD ./Core/Src/gpio.o
LOAD ./Core/Src/main.o
LOAD ./Core/Src/memorymap.o
LOAD ./Core/Src/quadspi.o
LOAD ./Core/Src/st77916_spec.o
LOAD ./Core/Src/stm32h7xx_hal_msp.o
LOAD ./Core/Src/stm32h7xx_hal_timebase_tim.o
LOAD ./Core/Src/stm32h7xx_it.o
LOAD ./Core/Src/syscalls.o
LOAD ./Core/Src/sysmem.o
LOAD ./Core/Src/system_stm32h7xx.o
LOAD ./Core/Startup/startup_stm32h743vitx.o
LOAD ./Drivers/STM32H7xx_HAL_Driver/Src/stm32h7xx_hal.o
LOAD ./Drivers/STM32H7xx_HAL_Driver/Src/stm32h7xx_hal_cortex.o
LOAD ./Drivers/STM32H7xx_HAL_Driver/Src/stm32h7xx_hal_dma.o
LOAD ./Drivers/STM32H7xx_HAL_Driver/Src/stm32h7xx_hal_dma_ex.o
LOAD ./Drivers/STM32H7xx_HAL_Driver/Src/stm32h7xx_hal_exti.o
LOAD ./Drivers/STM32H7xx_HAL_Driver/Src/stm32h7xx_hal_flash.o
LOAD ./Drivers/STM32H7xx_HAL_Driver/Src/stm32h7xx_hal_flash_ex.o
LOAD ./Drivers/STM32H7xx_HAL_Driver/Src/stm32h7xx_hal_gpio.o
LOAD ./Drivers/STM32H7xx_HAL_Driver/Src/stm32h7xx_hal_hsem.o
LOAD ./Drivers/STM32H7xx_HAL_Driver/Src/stm32h7xx_hal_i2c.o
LOAD ./Drivers/STM32H7xx_HAL_Driver/Src/stm32h7xx_hal_i2c_ex.o
LOAD ./Drivers/STM32H7xx_HAL_Driver/Src/stm32h7xx_hal_mdma.o
LOAD ./Drivers/STM32H7xx_HAL_Driver/Src/stm32h7xx_hal_pwr.o
LOAD ./Drivers/STM32H7xx_HAL_Driver/Src/stm32h7xx_hal_pwr_ex.o
LOAD ./Drivers/STM32H7xx_HAL_Driver/Src/stm32h7xx_hal_qspi.o
LOAD ./Drivers/STM32H7xx_HAL_Driver/Src/stm32h7xx_hal_rcc.o
LOAD ./Drivers/STM32H7xx_HAL_Driver/Src/stm32h7xx_hal_rcc_ex.o
LOAD ./Drivers/STM32H7xx_HAL_Driver/Src/stm32h7xx_hal_tim.o
LOAD ./Drivers/STM32H7xx_HAL_Driver/Src/stm32h7xx_hal_tim_ex.o
LOAD ./Middlewares/Third_Party/FreeRTOS/Source/CMSIS_RTOS_V2/cmsis_os2.o
LOAD ./Middlewares/Third_Party/FreeRTOS/Source/croutine.o
LOAD ./Middlewares/Third_Party/FreeRTOS/Source/event_groups.o
LOAD ./Middlewares/Third_Party/FreeRTOS/Source/list.o
LOAD ./Middlewares/Third_Party/FreeRTOS/Source/queue.o
LOAD ./Middlewares/Third_Party/FreeRTOS/Source/stream_buffer.o
LOAD ./Middlewares/Third_Party/FreeRTOS/Source/tasks.o
LOAD ./Middlewares/Third_Party/FreeRTOS/Source/timers.o
LOAD ./Middlewares/Third_Party/FreeRTOS/Source/portable/GCC/ARM_CM4F/port.o
LOAD ./Middlewares/Third_Party/FreeRTOS/Source/portable/MemMang/heap_4.o
START GROUP
LOAD C:/ST/STM32CubeIDE_1.16.0/STM32CubeIDE/plugins/com.st.stm32cube.ide.mcu.externaltools.gnu-tools-for-stm32.12.3.rel1.win32_1.0.200.202406191623/tools/bin/../lib/gcc/arm-none-eabi/12.3.1/../../../../arm-none-eabi/lib/thumb/v7e-m+dp/hard\libc_nano.a
LOAD C:/ST/STM32CubeIDE_1.16.0/STM32CubeIDE/plugins/com.st.stm32cube.ide.mcu.externaltools.gnu-tools-for-stm32.12.3.rel1.win32_1.0.200.202406191623/tools/bin/../lib/gcc/arm-none-eabi/12.3.1/../../../../arm-none-eabi/lib/thumb/v7e-m+dp/hard\libm.a
END GROUP
START GROUP
LOAD C:/ST/STM32CubeIDE_1.16.0/STM32CubeIDE/plugins/com.st.stm32cube.ide.mcu.externaltools.gnu-tools-for-stm32.12.3.rel1.win32_1.0.200.202406191623/tools/bin/../lib/gcc/arm-none-eabi/12.3.1/thumb/v7e-m+dp/hard\libgcc.a
LOAD C:/ST/STM32CubeIDE_1.16.0/STM32CubeIDE/plugins/com.st.stm32cube.ide.mcu.externaltools.gnu-tools-for-stm32.12.3.rel1.win32_1.0.200.202406191623/tools/bin/../lib/gcc/arm-none-eabi/12.3.1/../../../../arm-none-eabi/lib/thumb/v7e-m+dp/hard\libc_nano.a
END GROUP
START GROUP
LOAD C:/ST/STM32CubeIDE_1.16.0/STM32CubeIDE/plugins/com.st.stm32cube.ide.mcu.externaltools.gnu-tools-for-stm32.12.3.rel1.win32_1.0.200.202406191623/tools/bin/../lib/gcc/arm-none-eabi/12.3.1/thumb/v7e-m+dp/hard\libgcc.a
LOAD C:/ST/STM32CubeIDE_1.16.0/STM32CubeIDE/plugins/com.st.stm32cube.ide.mcu.externaltools.gnu-tools-for-stm32.12.3.rel1.win32_1.0.200.202406191623/tools/bin/../lib/gcc/arm-none-eabi/12.3.1/../../../../arm-none-eabi/lib/thumb/v7e-m+dp/hard\libc_nano.a
LOAD C:/ST/STM32CubeIDE_1.16.0/STM32CubeIDE/plugins/com.st.stm32cube.ide.mcu.externaltools.gnu-tools-for-stm32.12.3.rel1.win32_1.0.200.202406191623/tools/bin/../lib/gcc/arm-none-eabi/12.3.1/../../../../arm-none-eabi/lib/thumb/v7e-m+dp/hard\libnosys.a
END GROUP
START GROUP
LOAD C:/ST/STM32CubeIDE_1.16.0/STM32CubeIDE/plugins/com.st.stm32cube.ide.mcu.externaltools.gnu-tools-for-stm32.12.3.rel1.win32_1.0.200.202406191623/tools/bin/../lib/gcc/arm-none-eabi/12.3.1/thumb/v7e-m+dp/hard\libgcc.a
LOAD C:/ST/STM32CubeIDE_1.16.0/STM32CubeIDE/plugins/com.st.stm32cube.ide.mcu.externaltools.gnu-tools-for-stm32.12.3.rel1.win32_1.0.200.202406191623/tools/bin/../lib/gcc/arm-none-eabi/12.3.1/../../../../arm-none-eabi/lib/thumb/v7e-m+dp/hard\libc_nano.a
LOAD C:/ST/STM32CubeIDE_1.16.0/STM32CubeIDE/plugins/com.st.stm32cube.ide.mcu.externaltools.gnu-tools-for-stm32.12.3.rel1.win32_1.0.200.202406191623/tools/bin/../lib/gcc/arm-none-eabi/12.3.1/../../../../arm-none-eabi/lib/thumb/v7e-m+dp/hard\libnosys.a
END GROUP
LOAD C:/ST/STM32CubeIDE_1.16.0/STM32CubeIDE/plugins/com.st.stm32cube.ide.mcu.externaltools.gnu-tools-for-stm32.12.3.rel1.win32_1.0.200.202406191623/tools/bin/../lib/gcc/arm-none-eabi/12.3.1/thumb/v7e-m+dp/hard/crtend.o
LOAD C:/ST/STM32CubeIDE_1.16.0/STM32CubeIDE/plugins/com.st.stm32cube.ide.mcu.externaltools.gnu-tools-for-stm32.12.3.rel1.win32_1.0.200.202406191623/tools/bin/../lib/gcc/arm-none-eabi/12.3.1/thumb/v7e-m+dp/hard/crtn.o
                0x24080000                        _estack = (ORIGIN (RAM_D1) + LENGTH (RAM_D1))
                0x00000200                        _Min_Heap_Size = 0x200
                0x00000400                        _Min_Stack_Size = 0x400

.isr_vector     0x08000000      0x298
                0x08000000                        . = ALIGN (0x4)
 *(.isr_vector)
 .isr_vector    0x08000000      0x298 ./Core/Startup/startup_stm32h743vitx.o
                0x08000000                g_pfnVectors
                0x08000298                        . = ALIGN (0x4)

.text           0x080002a0     0x79f4
                0x080002a0                        . = ALIGN (0x4)
 *(.text)
 .text          0x080002a0       0x40 C:/ST/STM32CubeIDE_1.16.0/STM32CubeIDE/plugins/com.st.stm32cube.ide.mcu.externaltools.gnu-tools-for-stm32.12.3.rel1.win32_1.0.200.202406191623/tools/bin/../lib/gcc/arm-none-eabi/12.3.1/thumb/v7e-m+dp/hard/crtbegin.o
 *(.text*)
 .text.MX_FREERTOS_Init
                0x080002e0       0x24 ./Core/Src/freertos.o
                0x080002e0                MX_FREERTOS_Init
 .text.StartDefaultTask
                0x08000304       0x24 ./Core/Src/freertos.o
                0x08000304                StartDefaultTask
 .text.MX_GPIO_Init
                0x08000328      0x118 ./Core/Src/gpio.o
                0x08000328                MX_GPIO_Init
 .text.main     0x08000440       0x28 ./Core/Src/main.o
                0x08000440                main
 .text.SystemClock_Config
                0x08000468      0x15c ./Core/Src/main.o
                0x08000468                SystemClock_Config
 .text.MPU_Config
                0x080005c4       0x58 ./Core/Src/main.o
 .text.HAL_TIM_PeriodElapsedCallback
                0x0800061c       0x24 ./Core/Src/main.o
                0x0800061c                HAL_TIM_PeriodElapsedCallback
 .text.Error_Handler
                0x08000640        0xc ./Core/Src/main.o
                0x08000640                Error_Handler
 .text.MX_QUADSPI_Init
                0x0800064c       0x58 ./Core/Src/quadspi.o
                0x0800064c                MX_QUADSPI_Init
 .text.HAL_QSPI_MspInit
                0x080006a4      0x17c ./Core/Src/quadspi.o
                0x080006a4                HAL_QSPI_MspInit
 .text.LCD_WR_REG
                0x08000820       0x34 ./Core/Src/st77916_spec.o
                0x08000820                LCD_WR_REG
 .text.LCD_WR_DATA
                0x08000854       0x34 ./Core/Src/st77916_spec.o
                0x08000854                LCD_WR_DATA
 .text.LCD_INIT
                0x08000888      0x99e ./Core/Src/st77916_spec.o
                0x08000888                LCD_INIT
 *fill*         0x08001226        0x2 
 .text.HAL_MspInit
                0x08001228       0x3c ./Core/Src/stm32h7xx_hal_msp.o
                0x08001228                HAL_MspInit
 .text.HAL_InitTick
                0x08001264       0xd8 ./Core/Src/stm32h7xx_hal_timebase_tim.o
                0x08001264                HAL_InitTick
 .text.NMI_Handler
                0x0800133c        0x8 ./Core/Src/stm32h7xx_it.o
                0x0800133c                NMI_Handler
 .text.HardFault_Handler
                0x08001344        0x8 ./Core/Src/stm32h7xx_it.o
                0x08001344                HardFault_Handler
 .text.MemManage_Handler
                0x0800134c        0x8 ./Core/Src/stm32h7xx_it.o
                0x0800134c                MemManage_Handler
 .text.BusFault_Handler
                0x08001354        0x8 ./Core/Src/stm32h7xx_it.o
                0x08001354                BusFault_Handler
 .text.UsageFault_Handler
                0x0800135c        0x8 ./Core/Src/stm32h7xx_it.o
                0x0800135c                UsageFault_Handler
 .text.DebugMon_Handler
                0x08001364        0xe ./Core/Src/stm32h7xx_it.o
                0x08001364                DebugMon_Handler
 *fill*         0x08001372        0x2 
 .text.TIM6_DAC_IRQHandler
                0x08001374       0x14 ./Core/Src/stm32h7xx_it.o
                0x08001374                TIM6_DAC_IRQHandler
 .text.QUADSPI_IRQHandler
                0x08001388       0x14 ./Core/Src/stm32h7xx_it.o
                0x08001388                QUADSPI_IRQHandler
 .text.SystemInit
                0x0800139c      0x110 ./Core/Src/system_stm32h7xx.o
                0x0800139c                SystemInit
 .text.Reset_Handler
                0x080014ac       0x50 ./Core/Startup/startup_stm32h743vitx.o
                0x080014ac                Reset_Handler
 .text.Default_Handler
                0x080014fc        0x2 ./Core/Startup/startup_stm32h743vitx.o
                0x080014fc                RTC_Alarm_IRQHandler
                0x080014fc                EXTI2_IRQHandler
                0x080014fc                TIM8_CC_IRQHandler
                0x080014fc                HRTIM1_Master_IRQHandler
                0x080014fc                UART8_IRQHandler
                0x080014fc                SPI4_IRQHandler
                0x080014fc                TIM1_CC_IRQHandler
                0x080014fc                BDMA_Channel6_IRQHandler
                0x080014fc                DMA2_Stream5_IRQHandler
                0x080014fc                HRTIM1_FLT_IRQHandler
                0x080014fc                JPEG_IRQHandler
                0x080014fc                DMA1_Stream5_IRQHandler
                0x080014fc                BDMA_Channel1_IRQHandler
                0x080014fc                HRTIM1_TIMD_IRQHandler
                0x080014fc                TAMP_STAMP_IRQHandler
                0x080014fc                EXTI3_IRQHandler
                0x080014fc                LPTIM4_IRQHandler
                0x080014fc                TIM8_TRG_COM_TIM14_IRQHandler
                0x080014fc                LPTIM2_IRQHandler
                0x080014fc                DFSDM1_FLT1_IRQHandler
                0x080014fc                DMAMUX2_OVR_IRQHandler
                0x080014fc                TIM8_UP_TIM13_IRQHandler
                0x080014fc                I2C3_ER_IRQHandler
                0x080014fc                DFSDM1_FLT2_IRQHandler
                0x080014fc                MDMA_IRQHandler
                0x080014fc                LPTIM3_IRQHandler
                0x080014fc                HSEM1_IRQHandler
                0x080014fc                EXTI0_IRQHandler
                0x080014fc                I2C2_EV_IRQHandler
                0x080014fc                DMA1_Stream2_IRQHandler
                0x080014fc                FPU_IRQHandler
                0x080014fc                OTG_HS_WKUP_IRQHandler
                0x080014fc                FDCAN1_IT1_IRQHandler
                0x080014fc                LTDC_ER_IRQHandler
                0x080014fc                DMA2_Stream2_IRQHandler
                0x080014fc                HRTIM1_TIME_IRQHandler
                0x080014fc                SPI1_IRQHandler
                0x080014fc                DCMI_IRQHandler
                0x080014fc                HRTIM1_TIMC_IRQHandler
                0x080014fc                DMA2_Stream3_IRQHandler
                0x080014fc                SAI2_IRQHandler
                0x080014fc                DFSDM1_FLT3_IRQHandler
                0x080014fc                USART6_IRQHandler
                0x080014fc                TIM17_IRQHandler
                0x080014fc                USART3_IRQHandler
                0x080014fc                BDMA_Channel7_IRQHandler
                0x080014fc                LPTIM5_IRQHandler
                0x080014fc                UART5_IRQHandler
                0x080014fc                ADC3_IRQHandler
                0x080014fc                DMA2_Stream0_IRQHandler
                0x080014fc                TIM4_IRQHandler
                0x080014fc                BDMA_Channel2_IRQHandler
                0x080014fc                I2C1_EV_IRQHandler
                0x080014fc                DMA1_Stream6_IRQHandler
                0x080014fc                DMAMUX1_OVR_IRQHandler
                0x080014fc                DMA1_Stream1_IRQHandler
                0x080014fc                TIM16_IRQHandler
                0x080014fc                UART4_IRQHandler
                0x080014fc                BDMA_Channel5_IRQHandler
                0x080014fc                TIM3_IRQHandler
                0x080014fc                RCC_IRQHandler
                0x080014fc                TIM8_BRK_TIM12_IRQHandler
                0x080014fc                TIM1_TRG_COM_IRQHandler
                0x080014fc                Default_Handler
                0x080014fc                ECC_IRQHandler
                0x080014fc                CEC_IRQHandler
                0x080014fc                EXTI15_10_IRQHandler
                0x080014fc                BDMA_Channel0_IRQHandler
                0x080014fc                ADC_IRQHandler
                0x080014fc                DMA1_Stream7_IRQHandler
                0x080014fc                HRTIM1_TIMA_IRQHandler
                0x080014fc                SPI5_IRQHandler
                0x080014fc                TIM7_IRQHandler
                0x080014fc                SDMMC1_IRQHandler
                0x080014fc                TIM5_IRQHandler
                0x080014fc                DMA2_Stream7_IRQHandler
                0x080014fc                TIM15_IRQHandler
                0x080014fc                PVD_AVD_IRQHandler
                0x080014fc                I2C3_EV_IRQHandler
                0x080014fc                EXTI9_5_IRQHandler
                0x080014fc                RTC_WKUP_IRQHandler
                0x080014fc                LTDC_IRQHandler
                0x080014fc                SAI3_IRQHandler
                0x080014fc                ETH_WKUP_IRQHandler
                0x080014fc                SPDIF_RX_IRQHandler
                0x080014fc                SPI2_IRQHandler
                0x080014fc                OTG_HS_EP1_IN_IRQHandler
                0x080014fc                DMA1_Stream0_IRQHandler
                0x080014fc                CRS_IRQHandler
                0x080014fc                EXTI4_IRQHandler
                0x080014fc                RNG_IRQHandler
                0x080014fc                HRTIM1_TIMB_IRQHandler
                0x080014fc                FDCAN2_IT1_IRQHandler
                0x080014fc                ETH_IRQHandler
                0x080014fc                TIM1_UP_IRQHandler
                0x080014fc                BDMA_Channel4_IRQHandler
                0x080014fc                OTG_HS_EP1_OUT_IRQHandler
                0x080014fc                WWDG_IRQHandler
                0x080014fc                SPI6_IRQHandler
                0x080014fc                MDIOS_IRQHandler
                0x080014fc                I2C4_EV_IRQHandler
                0x080014fc                FDCAN2_IT0_IRQHandler
                0x080014fc                LPUART1_IRQHandler
                0x080014fc                FDCAN1_IT0_IRQHandler
                0x080014fc                TIM2_IRQHandler
                0x080014fc                OTG_FS_WKUP_IRQHandler
                0x080014fc                OTG_HS_IRQHandler
                0x080014fc                DMA2D_IRQHandler
                0x080014fc                TIM1_BRK_IRQHandler
                0x080014fc                EXTI1_IRQHandler
                0x080014fc                SDMMC2_IRQHandler
                0x080014fc                OTG_FS_EP1_OUT_IRQHandler
                0x080014fc                BDMA_Channel3_IRQHandler
                0x080014fc                UART7_IRQHandler
                0x080014fc                MDIOS_WKUP_IRQHandler
                0x080014fc                USART2_IRQHandler
                0x080014fc                DFSDM1_FLT0_IRQHandler
                0x080014fc                SAI4_IRQHandler
                0x080014fc                I2C2_ER_IRQHandler
                0x080014fc                DMA2_Stream1_IRQHandler
                0x080014fc                FLASH_IRQHandler
                0x080014fc                DMA2_Stream4_IRQHandler
                0x080014fc                USART1_IRQHandler
                0x080014fc                OTG_FS_IRQHandler
                0x080014fc                SPI3_IRQHandler
                0x080014fc                WAKEUP_PIN_IRQHandler
                0x080014fc                DMA1_Stream4_IRQHandler
                0x080014fc                OTG_FS_EP1_IN_IRQHandler
                0x080014fc                I2C1_ER_IRQHandler
                0x080014fc                FMC_IRQHandler
                0x080014fc                FDCAN_CAL_IRQHandler
                0x080014fc                SWPMI1_IRQHandler
                0x080014fc                COMP1_IRQHandler
                0x080014fc                LPTIM1_IRQHandler
                0x080014fc                I2C4_ER_IRQHandler
                0x080014fc                DMA2_Stream6_IRQHandler
                0x080014fc                SAI1_IRQHandler
                0x080014fc                DMA1_Stream3_IRQHandler
 *fill*         0x080014fe        0x2 
 .text.HAL_Init
                0x08001500       0x78 ./Drivers/STM32H7xx_HAL_Driver/Src/stm32h7xx_hal.o
                0x08001500                HAL_Init
 .text.HAL_IncTick
                0x08001578       0x28 ./Drivers/STM32H7xx_HAL_Driver/Src/stm32h7xx_hal.o
                0x08001578                HAL_IncTick
 .text.HAL_GetTick
                0x080015a0       0x18 ./Drivers/STM32H7xx_HAL_Driver/Src/stm32h7xx_hal.o
                0x080015a0                HAL_GetTick
 .text.HAL_GetREVID
                0x080015b8       0x18 ./Drivers/STM32H7xx_HAL_Driver/Src/stm32h7xx_hal.o
                0x080015b8                HAL_GetREVID
 .text.__NVIC_SetPriorityGrouping
                0x080015d0       0x48 ./Drivers/STM32H7xx_HAL_Driver/Src/stm32h7xx_hal_cortex.o
 .text.__NVIC_GetPriorityGrouping
                0x08001618       0x1c ./Drivers/STM32H7xx_HAL_Driver/Src/stm32h7xx_hal_cortex.o
 .text.__NVIC_EnableIRQ
                0x08001634       0x3c ./Drivers/STM32H7xx_HAL_Driver/Src/stm32h7xx_hal_cortex.o
 .text.__NVIC_SetPriority
                0x08001670       0x54 ./Drivers/STM32H7xx_HAL_Driver/Src/stm32h7xx_hal_cortex.o
 .text.NVIC_EncodePriority
                0x080016c4       0x66 ./Drivers/STM32H7xx_HAL_Driver/Src/stm32h7xx_hal_cortex.o
 .text.HAL_NVIC_SetPriorityGrouping
                0x0800172a       0x16 ./Drivers/STM32H7xx_HAL_Driver/Src/stm32h7xx_hal_cortex.o
                0x0800172a                HAL_NVIC_SetPriorityGrouping
 .text.HAL_NVIC_SetPriority
                0x08001740       0x34 ./Drivers/STM32H7xx_HAL_Driver/Src/stm32h7xx_hal_cortex.o
                0x08001740                HAL_NVIC_SetPriority
 .text.HAL_NVIC_EnableIRQ
                0x08001774       0x1c ./Drivers/STM32H7xx_HAL_Driver/Src/stm32h7xx_hal_cortex.o
                0x08001774                HAL_NVIC_EnableIRQ
 .text.HAL_MPU_Disable
                0x08001790       0x30 ./Drivers/STM32H7xx_HAL_Driver/Src/stm32h7xx_hal_cortex.o
                0x08001790                HAL_MPU_Disable
 .text.HAL_MPU_Enable
                0x080017c0       0x40 ./Drivers/STM32H7xx_HAL_Driver/Src/stm32h7xx_hal_cortex.o
                0x080017c0                HAL_MPU_Enable
 .text.HAL_MPU_ConfigRegion
                0x08001800       0x80 ./Drivers/STM32H7xx_HAL_Driver/Src/stm32h7xx_hal_cortex.o
                0x08001800                HAL_MPU_ConfigRegion
 .text.HAL_GPIO_Init
                0x08001880      0x360 ./Drivers/STM32H7xx_HAL_Driver/Src/stm32h7xx_hal_gpio.o
                0x08001880                HAL_GPIO_Init
 .text.HAL_GPIO_WritePin
                0x08001be0       0x32 ./Drivers/STM32H7xx_HAL_Driver/Src/stm32h7xx_hal_gpio.o
                0x08001be0                HAL_GPIO_WritePin
 .text.HAL_MDMA_Abort_IT
                0x08001c12       0x4e ./Drivers/STM32H7xx_HAL_Driver/Src/stm32h7xx_hal_mdma.o
                0x08001c12                HAL_MDMA_Abort_IT
 .text.HAL_PWREx_ConfigSupply
                0x08001c60       0x74 ./Drivers/STM32H7xx_HAL_Driver/Src/stm32h7xx_hal_pwr_ex.o
                0x08001c60                HAL_PWREx_ConfigSupply
 .text.HAL_QSPI_Init
                0x08001cd4       0xe8 ./Drivers/STM32H7xx_HAL_Driver/Src/stm32h7xx_hal_qspi.o
                0x08001cd4                HAL_QSPI_Init
 .text.HAL_QSPI_IRQHandler
                0x08001dbc      0x374 ./Drivers/STM32H7xx_HAL_Driver/Src/stm32h7xx_hal_qspi.o
                0x08001dbc                HAL_QSPI_IRQHandler
 .text.HAL_QSPI_Transmit
                0x08002130      0x124 ./Drivers/STM32H7xx_HAL_Driver/Src/stm32h7xx_hal_qspi.o
                0x08002130                HAL_QSPI_Transmit
 .text.HAL_QSPI_ErrorCallback
                0x08002254       0x14 ./Drivers/STM32H7xx_HAL_Driver/Src/stm32h7xx_hal_qspi.o
                0x08002254                HAL_QSPI_ErrorCallback
 .text.HAL_QSPI_AbortCpltCallback
                0x08002268       0x14 ./Drivers/STM32H7xx_HAL_Driver/Src/stm32h7xx_hal_qspi.o
                0x08002268                HAL_QSPI_AbortCpltCallback
 .text.HAL_QSPI_CmdCpltCallback
                0x0800227c       0x14 ./Drivers/STM32H7xx_HAL_Driver/Src/stm32h7xx_hal_qspi.o
                0x0800227c                HAL_QSPI_CmdCpltCallback
 .text.HAL_QSPI_RxCpltCallback
                0x08002290       0x14 ./Drivers/STM32H7xx_HAL_Driver/Src/stm32h7xx_hal_qspi.o
                0x08002290                HAL_QSPI_RxCpltCallback
 .text.HAL_QSPI_TxCpltCallback
                0x080022a4       0x14 ./Drivers/STM32H7xx_HAL_Driver/Src/stm32h7xx_hal_qspi.o
                0x080022a4                HAL_QSPI_TxCpltCallback
 .text.HAL_QSPI_FifoThresholdCallback
                0x080022b8       0x14 ./Drivers/STM32H7xx_HAL_Driver/Src/stm32h7xx_hal_qspi.o
                0x080022b8                HAL_QSPI_FifoThresholdCallback
 .text.HAL_QSPI_StatusMatchCallback
                0x080022cc       0x14 ./Drivers/STM32H7xx_HAL_Driver/Src/stm32h7xx_hal_qspi.o
                0x080022cc                HAL_QSPI_StatusMatchCallback
 .text.HAL_QSPI_TimeOutCallback
                0x080022e0       0x14 ./Drivers/STM32H7xx_HAL_Driver/Src/stm32h7xx_hal_qspi.o
                0x080022e0                HAL_QSPI_TimeOutCallback
 .text.HAL_QSPI_SetTimeout
                0x080022f4       0x1c ./Drivers/STM32H7xx_HAL_Driver/Src/stm32h7xx_hal_qspi.o
                0x080022f4                HAL_QSPI_SetTimeout
 .text.QSPI_DMAAbortCplt
                0x08002310       0x66 ./Drivers/STM32H7xx_HAL_Driver/Src/stm32h7xx_hal_qspi.o
 .text.QSPI_WaitFlagStateUntilTimeout
                0x08002376       0x6e ./Drivers/STM32H7xx_HAL_Driver/Src/stm32h7xx_hal_qspi.o
 .text.HAL_RCC_OscConfig
                0x080023e4      0x8b4 ./Drivers/STM32H7xx_HAL_Driver/Src/stm32h7xx_hal_rcc.o
                0x080023e4                HAL_RCC_OscConfig
 .text.HAL_RCC_ClockConfig
                0x08002c98      0x36c ./Drivers/STM32H7xx_HAL_Driver/Src/stm32h7xx_hal_rcc.o
                0x08002c98                HAL_RCC_ClockConfig
 .text.HAL_RCC_GetSysClockFreq
                0x08003004      0x2f4 ./Drivers/STM32H7xx_HAL_Driver/Src/stm32h7xx_hal_rcc.o
                0x08003004                HAL_RCC_GetSysClockFreq
 .text.HAL_RCC_GetHCLKFreq
                0x080032f8       0x60 ./Drivers/STM32H7xx_HAL_Driver/Src/stm32h7xx_hal_rcc.o
                0x080032f8                HAL_RCC_GetHCLKFreq
 .text.HAL_RCC_GetPCLK1Freq
                0x08003358       0x2c ./Drivers/STM32H7xx_HAL_Driver/Src/stm32h7xx_hal_rcc.o
                0x08003358                HAL_RCC_GetPCLK1Freq
 .text.HAL_RCC_GetClockConfig
                0x08003384       0x84 ./Drivers/STM32H7xx_HAL_Driver/Src/stm32h7xx_hal_rcc.o
                0x08003384                HAL_RCC_GetClockConfig
 .text.HAL_RCCEx_PeriphCLKConfig
                0x08003408     0x1414 ./Drivers/STM32H7xx_HAL_Driver/Src/stm32h7xx_hal_rcc_ex.o
                0x08003408                HAL_RCCEx_PeriphCLKConfig
 .text.RCCEx_PLL2_Config
                0x0800481c      0x164 ./Drivers/STM32H7xx_HAL_Driver/Src/stm32h7xx_hal_rcc_ex.o
 .text.RCCEx_PLL3_Config
                0x08004980      0x164 ./Drivers/STM32H7xx_HAL_Driver/Src/stm32h7xx_hal_rcc_ex.o
 .text.HAL_TIM_Base_Init
                0x08004ae4       0xae ./Drivers/STM32H7xx_HAL_Driver/Src/stm32h7xx_hal_tim.o
                0x08004ae4                HAL_TIM_Base_Init
 .text.HAL_TIM_Base_MspInit
                0x08004b92       0x14 ./Drivers/STM32H7xx_HAL_Driver/Src/stm32h7xx_hal_tim.o
                0x08004b92                HAL_TIM_Base_MspInit
 *fill*         0x08004ba6        0x2 
 .text.HAL_TIM_Base_Start_IT
                0x08004ba8       0xf0 ./Drivers/STM32H7xx_HAL_Driver/Src/stm32h7xx_hal_tim.o
                0x08004ba8                HAL_TIM_Base_Start_IT
 .text.HAL_TIM_IRQHandler
                0x08004c98      0x20e ./Drivers/STM32H7xx_HAL_Driver/Src/stm32h7xx_hal_tim.o
                0x08004c98                HAL_TIM_IRQHandler
 .text.HAL_TIM_OC_DelayElapsedCallback
                0x08004ea6       0x14 ./Drivers/STM32H7xx_HAL_Driver/Src/stm32h7xx_hal_tim.o
                0x08004ea6                HAL_TIM_OC_DelayElapsedCallback
 .text.HAL_TIM_IC_CaptureCallback
                0x08004eba       0x14 ./Drivers/STM32H7xx_HAL_Driver/Src/stm32h7xx_hal_tim.o
                0x08004eba                HAL_TIM_IC_CaptureCallback
 .text.HAL_TIM_PWM_PulseFinishedCallback
                0x08004ece       0x14 ./Drivers/STM32H7xx_HAL_Driver/Src/stm32h7xx_hal_tim.o
                0x08004ece                HAL_TIM_PWM_PulseFinishedCallback
 .text.HAL_TIM_TriggerCallback
                0x08004ee2       0x14 ./Drivers/STM32H7xx_HAL_Driver/Src/stm32h7xx_hal_tim.o
                0x08004ee2                HAL_TIM_TriggerCallback
 *fill*         0x08004ef6        0x2 
 .text.TIM_Base_SetConfig
                0x08004ef8      0x14c ./Drivers/STM32H7xx_HAL_Driver/Src/stm32h7xx_hal_tim.o
                0x08004ef8                TIM_Base_SetConfig
 .text.HAL_TIMEx_CommutCallback
                0x08005044       0x14 ./Drivers/STM32H7xx_HAL_Driver/Src/stm32h7xx_hal_tim_ex.o
                0x08005044                HAL_TIMEx_CommutCallback
 .text.HAL_TIMEx_BreakCallback
                0x08005058       0x14 ./Drivers/STM32H7xx_HAL_Driver/Src/stm32h7xx_hal_tim_ex.o
                0x08005058                HAL_TIMEx_BreakCallback
 .text.HAL_TIMEx_Break2Callback
                0x0800506c       0x14 ./Drivers/STM32H7xx_HAL_Driver/Src/stm32h7xx_hal_tim_ex.o
                0x0800506c                HAL_TIMEx_Break2Callback
 .text.__NVIC_SetPriority
                0x08005080       0x54 ./Middlewares/Third_Party/FreeRTOS/Source/CMSIS_RTOS_V2/cmsis_os2.o
 .text.SysTick_Handler
                0x080050d4       0x20 ./Middlewares/Third_Party/FreeRTOS/Source/CMSIS_RTOS_V2/cmsis_os2.o
                0x080050d4                SysTick_Handler
 .text.SVC_Setup
                0x080050f4       0x12 ./Middlewares/Third_Party/FreeRTOS/Source/CMSIS_RTOS_V2/cmsis_os2.o
 *fill*         0x08005106        0x2 
 .text.osKernelInitialize
                0x08005108       0x48 ./Middlewares/Third_Party/FreeRTOS/Source/CMSIS_RTOS_V2/cmsis_os2.o
                0x08005108                osKernelInitialize
 .text.osKernelStart
                0x08005150       0x4c ./Middlewares/Third_Party/FreeRTOS/Source/CMSIS_RTOS_V2/cmsis_os2.o
                0x08005150                osKernelStart
 .text.osThreadNew
                0x0800519c      0x124 ./Middlewares/Third_Party/FreeRTOS/Source/CMSIS_RTOS_V2/cmsis_os2.o
                0x0800519c                osThreadNew
 .text.osDelay  0x080052c0       0x36 ./Middlewares/Third_Party/FreeRTOS/Source/CMSIS_RTOS_V2/cmsis_os2.o
                0x080052c0                osDelay
 *fill*         0x080052f6        0x2 
 .text.vApplicationGetIdleTaskMemory
                0x080052f8       0x34 ./Middlewares/Third_Party/FreeRTOS/Source/CMSIS_RTOS_V2/cmsis_os2.o
                0x080052f8                vApplicationGetIdleTaskMemory
 .text.vApplicationGetTimerTaskMemory
                0x0800532c       0x34 ./Middlewares/Third_Party/FreeRTOS/Source/CMSIS_RTOS_V2/cmsis_os2.o
                0x0800532c                vApplicationGetTimerTaskMemory
 .text.vListInitialise
                0x08005360       0x40 ./Middlewares/Third_Party/FreeRTOS/Source/list.o
                0x08005360                vListInitialise
 .text.vListInitialiseItem
                0x080053a0       0x1a ./Middlewares/Third_Party/FreeRTOS/Source/list.o
                0x080053a0                vListInitialiseItem
 .text.vListInsertEnd
                0x080053ba       0x48 ./Middlewares/Third_Party/FreeRTOS/Source/list.o
                0x080053ba                vListInsertEnd
 .text.vListInsert
                0x08005402       0x72 ./Middlewares/Third_Party/FreeRTOS/Source/list.o
                0x08005402                vListInsert
 .text.uxListRemove
                0x08005474       0x54 ./Middlewares/Third_Party/FreeRTOS/Source/list.o
                0x08005474                uxListRemove
 .text.xQueueGenericReset
                0x080054c8       0xd4 ./Middlewares/Third_Party/FreeRTOS/Source/queue.o
                0x080054c8                xQueueGenericReset
 .text.xQueueGenericCreateStatic
                0x0800559c       0xfa ./Middlewares/Third_Party/FreeRTOS/Source/queue.o
                0x0800559c                xQueueGenericCreateStatic
 .text.prvInitialiseNewQueue
                0x08005696       0x46 ./Middlewares/Third_Party/FreeRTOS/Source/queue.o
 .text.xQueueGenericSend
                0x080056dc      0x204 ./Middlewares/Third_Party/FreeRTOS/Source/queue.o
                0x080056dc                xQueueGenericSend
 .text.xQueueGenericSendFromISR
                0x080058e0      0x13c ./Middlewares/Third_Party/FreeRTOS/Source/queue.o
                0x080058e0                xQueueGenericSendFromISR
 .text.xQueueReceive
                0x08005a1c      0x1c4 ./Middlewares/Third_Party/FreeRTOS/Source/queue.o
                0x08005a1c                xQueueReceive
 .text.prvCopyDataToQueue
                0x08005be0       0xd4 ./Middlewares/Third_Party/FreeRTOS/Source/queue.o
 .text.prvCopyDataFromQueue
                0x08005cb4       0x4c ./Middlewares/Third_Party/FreeRTOS/Source/queue.o
 .text.prvUnlockQueue
                0x08005d00       0xa4 ./Middlewares/Third_Party/FreeRTOS/Source/queue.o
 .text.prvIsQueueEmpty
                0x08005da4       0x2c ./Middlewares/Third_Party/FreeRTOS/Source/queue.o
 .text.prvIsQueueFull
                0x08005dd0       0x30 ./Middlewares/Third_Party/FreeRTOS/Source/queue.o
 .text.vQueueAddToRegistry
                0x08005e00       0x54 ./Middlewares/Third_Party/FreeRTOS/Source/queue.o
                0x08005e00                vQueueAddToRegistry
 .text.vQueueWaitForMessageRestricted
                0x08005e54       0x68 ./Middlewares/Third_Party/FreeRTOS/Source/queue.o
                0x08005e54                vQueueWaitForMessageRestricted
 .text.xTaskCreateStatic
                0x08005ebc       0xc0 ./Middlewares/Third_Party/FreeRTOS/Source/tasks.o
                0x08005ebc                xTaskCreateStatic
 .text.xTaskCreate
                0x08005f7c       0x8a ./Middlewares/Third_Party/FreeRTOS/Source/tasks.o
                0x08005f7c                xTaskCreate
 .text.prvInitialiseNewTask
                0x08006006      0x120 ./Middlewares/Third_Party/FreeRTOS/Source/tasks.o
 *fill*         0x08006126        0x2 
 .text.prvAddNewTaskToReadyList
                0x08006128       0xe0 ./Middlewares/Third_Party/FreeRTOS/Source/tasks.o
 .text.vTaskDelay
                0x08006208       0x6c ./Middlewares/Third_Party/FreeRTOS/Source/tasks.o
                0x08006208                vTaskDelay
 .text.vTaskStartScheduler
                0x08006274       0xd0 ./Middlewares/Third_Party/FreeRTOS/Source/tasks.o
                0x08006274                vTaskStartScheduler
 .text.vTaskSuspendAll
                0x08006344       0x1c ./Middlewares/Third_Party/FreeRTOS/Source/tasks.o
                0x08006344                vTaskSuspendAll
 .text.xTaskResumeAll
                0x08006360      0x13c ./Middlewares/Third_Party/FreeRTOS/Source/tasks.o
                0x08006360                xTaskResumeAll
 .text.xTaskGetTickCount
                0x0800649c       0x20 ./Middlewares/Third_Party/FreeRTOS/Source/tasks.o
                0x0800649c                xTaskGetTickCount
 .text.xTaskIncrementTick
                0x080064bc      0x174 ./Middlewares/Third_Party/FreeRTOS/Source/tasks.o
                0x080064bc                xTaskIncrementTick
 .text.vTaskSwitchContext
                0x08006630       0xbc ./Middlewares/Third_Party/FreeRTOS/Source/tasks.o
                0x08006630                vTaskSwitchContext
 .text.vTaskPlaceOnEventList
                0x080066ec       0x4c ./Middlewares/Third_Party/FreeRTOS/Source/tasks.o
                0x080066ec                vTaskPlaceOnEventList
 .text.vTaskPlaceOnEventListRestricted
                0x08006738       0x58 ./Middlewares/Third_Party/FreeRTOS/Source/tasks.o
                0x08006738                vTaskPlaceOnEventListRestricted
 .text.xTaskRemoveFromEventList
                0x08006790       0xc8 ./Middlewares/Third_Party/FreeRTOS/Source/tasks.o
                0x08006790                xTaskRemoveFromEventList
 .text.vTaskInternalSetTimeOutState
                0x08006858       0x2c ./Middlewares/Third_Party/FreeRTOS/Source/tasks.o
                0x08006858                vTaskInternalSetTimeOutState
 .text.xTaskCheckForTimeOut
                0x08006884       0xc8 ./Middlewares/Third_Party/FreeRTOS/Source/tasks.o
                0x08006884                xTaskCheckForTimeOut
 .text.vTaskMissedYield
                0x0800694c       0x18 ./Middlewares/Third_Party/FreeRTOS/Source/tasks.o
                0x0800694c                vTaskMissedYield
 .text.prvIdleTask
                0x08006964       0x30 ./Middlewares/Third_Party/FreeRTOS/Source/tasks.o
 .text.prvInitialiseTaskLists
                0x08006994       0x80 ./Middlewares/Third_Party/FreeRTOS/Source/tasks.o
 .text.prvCheckTasksWaitingTermination
                0x08006a14       0x5c ./Middlewares/Third_Party/FreeRTOS/Source/tasks.o
 .text.prvDeleteTCB
                0x08006a70       0x60 ./Middlewares/Third_Party/FreeRTOS/Source/tasks.o
 .text.prvResetNextTaskUnblockTime
                0x08006ad0       0x40 ./Middlewares/Third_Party/FreeRTOS/Source/tasks.o
 .text.xTaskGetSchedulerState
                0x08006b10       0x3c ./Middlewares/Third_Party/FreeRTOS/Source/tasks.o
                0x08006b10                xTaskGetSchedulerState
 .text.xTaskPriorityDisinherit
                0x08006b4c       0xe0 ./Middlewares/Third_Party/FreeRTOS/Source/tasks.o
                0x08006b4c                xTaskPriorityDisinherit
 .text.prvAddCurrentTaskToDelayedList
                0x08006c2c       0xa8 ./Middlewares/Third_Party/FreeRTOS/Source/tasks.o
 .text.xTimerCreateTimerTask
                0x08006cd4       0x94 ./Middlewares/Third_Party/FreeRTOS/Source/timers.o
                0x08006cd4                xTimerCreateTimerTask
 .text.xTimerGenericCommand
                0x08006d68       0x9c ./Middlewares/Third_Party/FreeRTOS/Source/timers.o
                0x08006d68                xTimerGenericCommand
 .text.prvProcessExpiredTimer
                0x08006e04       0x9c ./Middlewares/Third_Party/FreeRTOS/Source/timers.o
 .text.prvTimerTask
                0x08006ea0       0x26 ./Middlewares/Third_Party/FreeRTOS/Source/timers.o
 *fill*         0x08006ec6        0x2 
 .text.prvProcessTimerOrBlockTask
                0x08006ec8       0x9c ./Middlewares/Third_Party/FreeRTOS/Source/timers.o
 .text.prvGetNextExpireTime
                0x08006f64       0x48 ./Middlewares/Third_Party/FreeRTOS/Source/timers.o
 .text.prvSampleTimeNow
                0x08006fac       0x40 ./Middlewares/Third_Party/FreeRTOS/Source/timers.o
 .text.prvInsertTimerInActiveList
                0x08006fec       0x84 ./Middlewares/Third_Party/FreeRTOS/Source/timers.o
 .text.prvProcessReceivedCommands
                0x08007070      0x1cc ./Middlewares/Third_Party/FreeRTOS/Source/timers.o
 .text.prvSwitchTimerLists
                0x0800723c       0xcc ./Middlewares/Third_Party/FreeRTOS/Source/timers.o
 .text.prvCheckForValidListAndQueue
                0x08007308       0x80 ./Middlewares/Third_Party/FreeRTOS/Source/timers.o
 .text.pxPortInitialiseStack
                0x08007388       0x68 ./Middlewares/Third_Party/FreeRTOS/Source/portable/GCC/ARM_CM4F/port.o
                0x08007388                pxPortInitialiseStack
 .text.prvTaskExitError
                0x080073f0       0x5c ./Middlewares/Third_Party/FreeRTOS/Source/portable/GCC/ARM_CM4F/port.o
 *fill*         0x0800744c        0x4 
 .text.SVC_Handler
                0x08007450       0x28 ./Middlewares/Third_Party/FreeRTOS/Source/portable/GCC/ARM_CM4F/port.o
                0x08007450                SVC_Handler
 .text.prvPortStartFirstTask
                0x08007478       0x28 ./Middlewares/Third_Party/FreeRTOS/Source/portable/GCC/ARM_CM4F/port.o
 .text.xPortStartScheduler
                0x080074a0      0x148 ./Middlewares/Third_Party/FreeRTOS/Source/portable/GCC/ARM_CM4F/port.o
                0x080074a0                xPortStartScheduler
 .text.vPortEnterCritical
                0x080075e8       0x64 ./Middlewares/Third_Party/FreeRTOS/Source/portable/GCC/ARM_CM4F/port.o
                0x080075e8                vPortEnterCritical
 .text.vPortExitCritical
                0x0800764c       0x54 ./Middlewares/Third_Party/FreeRTOS/Source/portable/GCC/ARM_CM4F/port.o
                0x0800764c                vPortExitCritical
 .text.PendSV_Handler
                0x080076a0       0x68 ./Middlewares/Third_Party/FreeRTOS/Source/portable/GCC/ARM_CM4F/port.o
                0x080076a0                PendSV_Handler
 .text.xPortSysTickHandler
                0x08007708       0x44 ./Middlewares/Third_Party/FreeRTOS/Source/portable/GCC/ARM_CM4F/port.o
                0x08007708                xPortSysTickHandler
 .text.vPortSetupTimerInterrupt
                0x0800774c       0x48 ./Middlewares/Third_Party/FreeRTOS/Source/portable/GCC/ARM_CM4F/port.o
                0x0800774c                vPortSetupTimerInterrupt
 .text.vPortEnableVFP
                0x08007794       0x14 ./Middlewares/Third_Party/FreeRTOS/Source/portable/GCC/ARM_CM4F/port.o
 .text.vPortValidateInterruptPriority
                0x080077a8       0x84 ./Middlewares/Third_Party/FreeRTOS/Source/portable/GCC/ARM_CM4F/port.o
                0x080077a8                vPortValidateInterruptPriority
 .text.pvPortMalloc
                0x0800782c      0x19c ./Middlewares/Third_Party/FreeRTOS/Source/portable/MemMang/heap_4.o
                0x0800782c                pvPortMalloc
 .text.vPortFree
                0x080079c8       0xc8 ./Middlewares/Third_Party/FreeRTOS/Source/portable/MemMang/heap_4.o
                0x080079c8                vPortFree
 .text.prvHeapInit
                0x08007a90       0xc4 ./Middlewares/Third_Party/FreeRTOS/Source/portable/MemMang/heap_4.o
 .text.prvInsertBlockIntoFreeList
                0x08007b54       0xb4 ./Middlewares/Third_Party/FreeRTOS/Source/portable/MemMang/heap_4.o
 .text.memset   0x08007c08       0x10 C:/ST/STM32CubeIDE_1.16.0/STM32CubeIDE/plugins/com.st.stm32cube.ide.mcu.externaltools.gnu-tools-for-stm32.12.3.rel1.win32_1.0.200.202406191623/tools/bin/../lib/gcc/arm-none-eabi/12.3.1/../../../../arm-none-eabi/lib/thumb/v7e-m+dp/hard\libc_nano.a(libc_a-memset.o)
                0x08007c08                memset
 .text.__libc_init_array
                0x08007c18       0x48 C:/ST/STM32CubeIDE_1.16.0/STM32CubeIDE/plugins/com.st.stm32cube.ide.mcu.externaltools.gnu-tools-for-stm32.12.3.rel1.win32_1.0.200.202406191623/tools/bin/../lib/gcc/arm-none-eabi/12.3.1/../../../../arm-none-eabi/lib/thumb/v7e-m+dp/hard\libc_nano.a(libc_a-init.o)
                0x08007c18                __libc_init_array
 .text.memcpy   0x08007c60       0x1c C:/ST/STM32CubeIDE_1.16.0/STM32CubeIDE/plugins/com.st.stm32cube.ide.mcu.externaltools.gnu-tools-for-stm32.12.3.rel1.win32_1.0.200.202406191623/tools/bin/../lib/gcc/arm-none-eabi/12.3.1/../../../../arm-none-eabi/lib/thumb/v7e-m+dp/hard\libc_nano.a(libc_a-memcpy-stub.o)
                0x08007c60                memcpy
 *(.glue_7)
 .glue_7        0x08007c7c        0x0 linker stubs
 *(.glue_7t)
 .glue_7t       0x08007c7c        0x0 linker stubs
 *(.eh_frame)
 .eh_frame      0x08007c7c        0x0 C:/ST/STM32CubeIDE_1.16.0/STM32CubeIDE/plugins/com.st.stm32cube.ide.mcu.externaltools.gnu-tools-for-stm32.12.3.rel1.win32_1.0.200.202406191623/tools/bin/../lib/gcc/arm-none-eabi/12.3.1/thumb/v7e-m+dp/hard/crtbegin.o
 *(.init)
 .init          0x08007c7c        0x4 C:/ST/STM32CubeIDE_1.16.0/STM32CubeIDE/plugins/com.st.stm32cube.ide.mcu.externaltools.gnu-tools-for-stm32.12.3.rel1.win32_1.0.200.202406191623/tools/bin/../lib/gcc/arm-none-eabi/12.3.1/thumb/v7e-m+dp/hard/crti.o
                0x08007c7c                _init
 .init          0x08007c80        0x8 C:/ST/STM32CubeIDE_1.16.0/STM32CubeIDE/plugins/com.st.stm32cube.ide.mcu.externaltools.gnu-tools-for-stm32.12.3.rel1.win32_1.0.200.202406191623/tools/bin/../lib/gcc/arm-none-eabi/12.3.1/thumb/v7e-m+dp/hard/crtn.o
 *(.fini)
 .fini          0x08007c88        0x4 C:/ST/STM32CubeIDE_1.16.0/STM32CubeIDE/plugins/com.st.stm32cube.ide.mcu.externaltools.gnu-tools-for-stm32.12.3.rel1.win32_1.0.200.202406191623/tools/bin/../lib/gcc/arm-none-eabi/12.3.1/thumb/v7e-m+dp/hard/crti.o
                0x08007c88                _fini
 .fini          0x08007c8c        0x8 C:/ST/STM32CubeIDE_1.16.0/STM32CubeIDE/plugins/com.st.stm32cube.ide.mcu.externaltools.gnu-tools-for-stm32.12.3.rel1.win32_1.0.200.202406191623/tools/bin/../lib/gcc/arm-none-eabi/12.3.1/thumb/v7e-m+dp/hard/crtn.o
                0x08007c94                        . = ALIGN (0x4)
                0x08007c94                        _etext = .

.vfp11_veneer   0x08007c94        0x0
 .vfp11_veneer  0x08007c94        0x0 linker stubs

.v4_bx          0x08007c94        0x0
 .v4_bx         0x08007c94        0x0 linker stubs

.iplt           0x08007c94        0x0
 .iplt          0x08007c94        0x0 C:/ST/STM32CubeIDE_1.16.0/STM32CubeIDE/plugins/com.st.stm32cube.ide.mcu.externaltools.gnu-tools-for-stm32.12.3.rel1.win32_1.0.200.202406191623/tools/bin/../lib/gcc/arm-none-eabi/12.3.1/thumb/v7e-m+dp/hard/crtbegin.o

.rodata         0x08007c94       0x58
                0x08007c94                        . = ALIGN (0x4)
 *(.rodata)
 .rodata        0x08007c94        0xc ./Core/Src/freertos.o
 .rodata        0x08007ca0        0x5 ./Middlewares/Third_Party/FreeRTOS/Source/tasks.o
 *fill*         0x08007ca5        0x3 
 .rodata        0x08007ca8        0xd ./Middlewares/Third_Party/FreeRTOS/Source/timers.o
 *(.rodata*)
 *fill*         0x08007cb5        0x3 
 .rodata.defaultTask_attributes
                0x08007cb8       0x24 ./Core/Src/freertos.o
                0x08007cb8                defaultTask_attributes
 .rodata.D1CorePrescTable
                0x08007cdc       0x10 ./Core/Src/system_stm32h7xx.o
                0x08007cdc                D1CorePrescTable
                0x08007cec                        . = ALIGN (0x4)

.ARM.extab
 *(.ARM.extab* .gnu.linkonce.armextab.*)

.ARM            0x08007cec        0x0
                0x08007cec                        __exidx_start = .
 *(.ARM.exidx*)
                0x08007cec                        __exidx_end = .

.preinit_array  0x08007cec        0x0
                0x08007cec                        PROVIDE (__preinit_array_start = .)
 *(.preinit_array*)
                0x08007cec                        PROVIDE (__preinit_array_end = .)

.init_array     0x08007cec        0x4
                0x08007cec                        PROVIDE (__init_array_start = .)
 *(SORT_BY_NAME(.init_array.*))
 *(.init_array*)
 .init_array    0x08007cec        0x4 C:/ST/STM32CubeIDE_1.16.0/STM32CubeIDE/plugins/com.st.stm32cube.ide.mcu.externaltools.gnu-tools-for-stm32.12.3.rel1.win32_1.0.200.202406191623/tools/bin/../lib/gcc/arm-none-eabi/12.3.1/thumb/v7e-m+dp/hard/crtbegin.o
                0x08007cf0                        PROVIDE (__init_array_end = .)

.fini_array     0x08007cf0        0x4
                [!provide]                        PROVIDE (__fini_array_start = .)
 *(SORT_BY_NAME(.fini_array.*))
 *(.fini_array*)
 .fini_array    0x08007cf0        0x4 C:/ST/STM32CubeIDE_1.16.0/STM32CubeIDE/plugins/com.st.stm32cube.ide.mcu.externaltools.gnu-tools-for-stm32.12.3.rel1.win32_1.0.200.202406191623/tools/bin/../lib/gcc/arm-none-eabi/12.3.1/thumb/v7e-m+dp/hard/crtbegin.o
                [!provide]                        PROVIDE (__fini_array_end = .)
                0x08007cf4                        _sidata = LOADADDR (.data)

.rel.dyn        0x08007cf4        0x0
 .rel.iplt      0x08007cf4        0x0 C:/ST/STM32CubeIDE_1.16.0/STM32CubeIDE/plugins/com.st.stm32cube.ide.mcu.externaltools.gnu-tools-for-stm32.12.3.rel1.win32_1.0.200.202406191623/tools/bin/../lib/gcc/arm-none-eabi/12.3.1/thumb/v7e-m+dp/hard/crtbegin.o

.data           0x24000000       0x14 load address 0x08007cf4
                0x24000000                        . = ALIGN (0x4)
                0x24000000                        _sdata = .
 *(.data)
 *(.data*)
 .data.SystemCoreClock
                0x24000000        0x4 ./Core/Src/system_stm32h7xx.o
                0x24000000                SystemCoreClock
 .data.SystemD2Clock
                0x24000004        0x4 ./Core/Src/system_stm32h7xx.o
                0x24000004                SystemD2Clock
 .data.uwTickPrio
                0x24000008        0x4 ./Drivers/STM32H7xx_HAL_Driver/Src/stm32h7xx_hal.o
                0x24000008                uwTickPrio
 .data.uwTickFreq
                0x2400000c        0x1 ./Drivers/STM32H7xx_HAL_Driver/Src/stm32h7xx_hal.o
                0x2400000c                uwTickFreq
 *fill*         0x2400000d        0x3 
 .data.uxCriticalNesting
                0x24000010        0x4 ./Middlewares/Third_Party/FreeRTOS/Source/portable/GCC/ARM_CM4F/port.o
 *(.RamFunc)
 *(.RamFunc*)
                0x24000014                        . = ALIGN (0x4)
                0x24000014                        _edata = .

.igot.plt       0x24000014        0x0 load address 0x08007d08
 .igot.plt      0x24000014        0x0 C:/ST/STM32CubeIDE_1.16.0/STM32CubeIDE/plugins/com.st.stm32cube.ide.mcu.externaltools.gnu-tools-for-stm32.12.3.rel1.win32_1.0.200.202406191623/tools/bin/../lib/gcc/arm-none-eabi/12.3.1/thumb/v7e-m+dp/hard/crtbegin.o
                0x24000014                        . = ALIGN (0x4)

.bss            0x24000014     0x4a0c load address 0x08007d08
                0x24000014                        _sbss = .
                0x24000014                        __bss_start__ = _sbss
 *(.bss)
 .bss           0x24000014       0x1c C:/ST/STM32CubeIDE_1.16.0/STM32CubeIDE/plugins/com.st.stm32cube.ide.mcu.externaltools.gnu-tools-for-stm32.12.3.rel1.win32_1.0.200.202406191623/tools/bin/../lib/gcc/arm-none-eabi/12.3.1/thumb/v7e-m+dp/hard/crtbegin.o
 *(.bss*)
 .bss.defaultTaskHandle
                0x24000030        0x4 ./Core/Src/freertos.o
                0x24000030                defaultTaskHandle
 .bss.hqspi     0x24000034       0x4c ./Core/Src/quadspi.o
                0x24000034                hqspi
 .bss.htim6     0x24000080       0x4c ./Core/Src/stm32h7xx_hal_timebase_tim.o
                0x24000080                htim6
 .bss.uwTick    0x240000cc        0x4 ./Drivers/STM32H7xx_HAL_Driver/Src/stm32h7xx_hal.o
                0x240000cc                uwTick
 .bss.KernelState
                0x240000d0        0x4 ./Middlewares/Third_Party/FreeRTOS/Source/CMSIS_RTOS_V2/cmsis_os2.o
 .bss.Idle_TCB.3
                0x240000d4       0x5c ./Middlewares/Third_Party/FreeRTOS/Source/CMSIS_RTOS_V2/cmsis_os2.o
 .bss.Idle_Stack.2
                0x24000130      0x200 ./Middlewares/Third_Party/FreeRTOS/Source/CMSIS_RTOS_V2/cmsis_os2.o
 .bss.Timer_TCB.1
                0x24000330       0x5c ./Middlewares/Third_Party/FreeRTOS/Source/CMSIS_RTOS_V2/cmsis_os2.o
 .bss.Timer_Stack.0
                0x2400038c      0x400 ./Middlewares/Third_Party/FreeRTOS/Source/CMSIS_RTOS_V2/cmsis_os2.o
 .bss.xQueueRegistry
                0x2400078c       0x40 ./Middlewares/Third_Party/FreeRTOS/Source/queue.o
                0x2400078c                xQueueRegistry
 .bss.pxCurrentTCB
                0x240007cc        0x4 ./Middlewares/Third_Party/FreeRTOS/Source/tasks.o
                0x240007cc                pxCurrentTCB
 .bss.pxReadyTasksLists
                0x240007d0      0x460 ./Middlewares/Third_Party/FreeRTOS/Source/tasks.o
 .bss.xDelayedTaskList1
                0x24000c30       0x14 ./Middlewares/Third_Party/FreeRTOS/Source/tasks.o
 .bss.xDelayedTaskList2
                0x24000c44       0x14 ./Middlewares/Third_Party/FreeRTOS/Source/tasks.o
 .bss.pxDelayedTaskList
                0x24000c58        0x4 ./Middlewares/Third_Party/FreeRTOS/Source/tasks.o
 .bss.pxOverflowDelayedTaskList
                0x24000c5c        0x4 ./Middlewares/Third_Party/FreeRTOS/Source/tasks.o
 .bss.xPendingReadyList
                0x24000c60       0x14 ./Middlewares/Third_Party/FreeRTOS/Source/tasks.o
 .bss.xTasksWaitingTermination
                0x24000c74       0x14 ./Middlewares/Third_Party/FreeRTOS/Source/tasks.o
 .bss.uxDeletedTasksWaitingCleanUp
                0x24000c88        0x4 ./Middlewares/Third_Party/FreeRTOS/Source/tasks.o
 .bss.xSuspendedTaskList
                0x24000c8c       0x14 ./Middlewares/Third_Party/FreeRTOS/Source/tasks.o
 .bss.uxCurrentNumberOfTasks
                0x24000ca0        0x4 ./Middlewares/Third_Party/FreeRTOS/Source/tasks.o
 .bss.xTickCount
                0x24000ca4        0x4 ./Middlewares/Third_Party/FreeRTOS/Source/tasks.o
 .bss.uxTopReadyPriority
                0x24000ca8        0x4 ./Middlewares/Third_Party/FreeRTOS/Source/tasks.o
 .bss.xSchedulerRunning
                0x24000cac        0x4 ./Middlewares/Third_Party/FreeRTOS/Source/tasks.o
 .bss.xPendedTicks
                0x24000cb0        0x4 ./Middlewares/Third_Party/FreeRTOS/Source/tasks.o
 .bss.xYieldPending
                0x24000cb4        0x4 ./Middlewares/Third_Party/FreeRTOS/Source/tasks.o
 .bss.xNumOfOverflows
                0x24000cb8        0x4 ./Middlewares/Third_Party/FreeRTOS/Source/tasks.o
 .bss.uxTaskNumber
                0x24000cbc        0x4 ./Middlewares/Third_Party/FreeRTOS/Source/tasks.o
 .bss.xNextTaskUnblockTime
                0x24000cc0        0x4 ./Middlewares/Third_Party/FreeRTOS/Source/tasks.o
 .bss.xIdleTaskHandle
                0x24000cc4        0x4 ./Middlewares/Third_Party/FreeRTOS/Source/tasks.o
 .bss.uxSchedulerSuspended
                0x24000cc8        0x4 ./Middlewares/Third_Party/FreeRTOS/Source/tasks.o
 .bss.xActiveTimerList1
                0x24000ccc       0x14 ./Middlewares/Third_Party/FreeRTOS/Source/timers.o
 .bss.xActiveTimerList2
                0x24000ce0       0x14 ./Middlewares/Third_Party/FreeRTOS/Source/timers.o
 .bss.pxCurrentTimerList
                0x24000cf4        0x4 ./Middlewares/Third_Party/FreeRTOS/Source/timers.o
 .bss.pxOverflowTimerList
                0x24000cf8        0x4 ./Middlewares/Third_Party/FreeRTOS/Source/timers.o
 .bss.xTimerQueue
                0x24000cfc        0x4 ./Middlewares/Third_Party/FreeRTOS/Source/timers.o
 .bss.xTimerTaskHandle
                0x24000d00        0x4 ./Middlewares/Third_Party/FreeRTOS/Source/timers.o
 .bss.xLastTime.2
                0x24000d04        0x4 ./Middlewares/Third_Party/FreeRTOS/Source/timers.o
 .bss.ucStaticTimerQueueStorage.1
                0x24000d08       0xa0 ./Middlewares/Third_Party/FreeRTOS/Source/timers.o
 .bss.xStaticTimerQueue.0
                0x24000da8       0x50 ./Middlewares/Third_Party/FreeRTOS/Source/timers.o
 .bss.ucMaxSysCallPriority
                0x24000df8        0x1 ./Middlewares/Third_Party/FreeRTOS/Source/portable/GCC/ARM_CM4F/port.o
 *fill*         0x24000df9        0x3 
 .bss.ulMaxPRIGROUPValue
                0x24000dfc        0x4 ./Middlewares/Third_Party/FreeRTOS/Source/portable/GCC/ARM_CM4F/port.o
 .bss.ucHeap    0x24000e00     0x3c00 ./Middlewares/Third_Party/FreeRTOS/Source/portable/MemMang/heap_4.o
 .bss.xStart    0x24004a00        0x8 ./Middlewares/Third_Party/FreeRTOS/Source/portable/MemMang/heap_4.o
 .bss.pxEnd     0x24004a08        0x4 ./Middlewares/Third_Party/FreeRTOS/Source/portable/MemMang/heap_4.o
 .bss.xFreeBytesRemaining
                0x24004a0c        0x4 ./Middlewares/Third_Party/FreeRTOS/Source/portable/MemMang/heap_4.o
 .bss.xMinimumEverFreeBytesRemaining
                0x24004a10        0x4 ./Middlewares/Third_Party/FreeRTOS/Source/portable/MemMang/heap_4.o
 .bss.xNumberOfSuccessfulAllocations
                0x24004a14        0x4 ./Middlewares/Third_Party/FreeRTOS/Source/portable/MemMang/heap_4.o
 .bss.xNumberOfSuccessfulFrees
                0x24004a18        0x4 ./Middlewares/Third_Party/FreeRTOS/Source/portable/MemMang/heap_4.o
 .bss.xBlockAllocatedBit
                0x24004a1c        0x4 ./Middlewares/Third_Party/FreeRTOS/Source/portable/MemMang/heap_4.o
 *(COMMON)
                0x24004a20                        . = ALIGN (0x4)
                0x24004a20                        _ebss = .
                0x24004a20                        __bss_end__ = _ebss

._user_heap_stack
                0x24004a20      0x600 load address 0x08007d08
                0x24004a20                        . = ALIGN (0x8)
                [!provide]                        PROVIDE (end = .)
                0x24004a20                        PROVIDE (_end = .)
                0x24004c20                        . = (. + _Min_Heap_Size)
 *fill*         0x24004a20      0x200 
                0x24005020                        . = (. + _Min_Stack_Size)
 *fill*         0x24004c20      0x400 
                0x24005020                        . = ALIGN (0x8)

/DISCARD/
 libc.a(*)
 libm.a(*)
 libgcc.a(*)

.ARM.attributes
                0x00000000       0x2e
 *(.ARM.attributes)
 .ARM.attributes
                0x00000000       0x20 C:/ST/STM32CubeIDE_1.16.0/STM32CubeIDE/plugins/com.st.stm32cube.ide.mcu.externaltools.gnu-tools-for-stm32.12.3.rel1.win32_1.0.200.202406191623/tools/bin/../lib/gcc/arm-none-eabi/12.3.1/thumb/v7e-m+dp/hard/crti.o
 .ARM.attributes
                0x00000020       0x32 C:/ST/STM32CubeIDE_1.16.0/STM32CubeIDE/plugins/com.st.stm32cube.ide.mcu.externaltools.gnu-tools-for-stm32.12.3.rel1.win32_1.0.200.202406191623/tools/bin/../lib/gcc/arm-none-eabi/12.3.1/thumb/v7e-m+dp/hard/crtbegin.o
 .ARM.attributes
                0x00000052       0x32 ./Core/Src/freertos.o
 .ARM.attributes
                0x00000084       0x32 ./Core/Src/gpio.o
 .ARM.attributes
                0x000000b6       0x32 ./Core/Src/main.o
 .ARM.attributes
                0x000000e8       0x32 ./Core/Src/quadspi.o
 .ARM.attributes
                0x0000011a       0x32 ./Core/Src/st77916_spec.o
 .ARM.attributes
                0x0000014c       0x32 ./Core/Src/stm32h7xx_hal_msp.o
 .ARM.attributes
                0x0000017e       0x32 ./Core/Src/stm32h7xx_hal_timebase_tim.o
 .ARM.attributes
                0x000001b0       0x32 ./Core/Src/stm32h7xx_it.o
 .ARM.attributes
                0x000001e2       0x32 ./Core/Src/system_stm32h7xx.o
 .ARM.attributes
                0x00000214       0x21 ./Core/Startup/startup_stm32h743vitx.o
 .ARM.attributes
                0x00000235       0x32 ./Drivers/STM32H7xx_HAL_Driver/Src/stm32h7xx_hal.o
 .ARM.attributes
                0x00000267       0x32 ./Drivers/STM32H7xx_HAL_Driver/Src/stm32h7xx_hal_cortex.o
 .ARM.attributes
                0x00000299       0x32 ./Drivers/STM32H7xx_HAL_Driver/Src/stm32h7xx_hal_gpio.o
 .ARM.attributes
                0x000002cb       0x32 ./Drivers/STM32H7xx_HAL_Driver/Src/stm32h7xx_hal_mdma.o
 .ARM.attributes
                0x000002fd       0x32 ./Drivers/STM32H7xx_HAL_Driver/Src/stm32h7xx_hal_pwr_ex.o
 .ARM.attributes
                0x0000032f       0x32 ./Drivers/STM32H7xx_HAL_Driver/Src/stm32h7xx_hal_qspi.o
 .ARM.attributes
                0x00000361       0x32 ./Drivers/STM32H7xx_HAL_Driver/Src/stm32h7xx_hal_rcc.o
 .ARM.attributes
                0x00000393       0x32 ./Drivers/STM32H7xx_HAL_Driver/Src/stm32h7xx_hal_rcc_ex.o
 .ARM.attributes
                0x000003c5       0x32 ./Drivers/STM32H7xx_HAL_Driver/Src/stm32h7xx_hal_tim.o
 .ARM.attributes
                0x000003f7       0x32 ./Drivers/STM32H7xx_HAL_Driver/Src/stm32h7xx_hal_tim_ex.o
 .ARM.attributes
                0x00000429       0x32 ./Middlewares/Third_Party/FreeRTOS/Source/CMSIS_RTOS_V2/cmsis_os2.o
 .ARM.attributes
                0x0000045b       0x32 ./Middlewares/Third_Party/FreeRTOS/Source/list.o
 .ARM.attributes
                0x0000048d       0x32 ./Middlewares/Third_Party/FreeRTOS/Source/queue.o
 .ARM.attributes
                0x000004bf       0x32 ./Middlewares/Third_Party/FreeRTOS/Source/tasks.o
 .ARM.attributes
                0x000004f1       0x32 ./Middlewares/Third_Party/FreeRTOS/Source/timers.o
 .ARM.attributes
                0x00000523       0x32 ./Middlewares/Third_Party/FreeRTOS/Source/portable/GCC/ARM_CM4F/port.o
 .ARM.attributes
                0x00000555       0x32 ./Middlewares/Third_Party/FreeRTOS/Source/portable/MemMang/heap_4.o
 .ARM.attributes
                0x00000587       0x32 C:/ST/STM32CubeIDE_1.16.0/STM32CubeIDE/plugins/com.st.stm32cube.ide.mcu.externaltools.gnu-tools-for-stm32.12.3.rel1.win32_1.0.200.202406191623/tools/bin/../lib/gcc/arm-none-eabi/12.3.1/../../../../arm-none-eabi/lib/thumb/v7e-m+dp/hard\libc_nano.a(libc_a-memset.o)
 .ARM.attributes
                0x000005b9       0x32 C:/ST/STM32CubeIDE_1.16.0/STM32CubeIDE/plugins/com.st.stm32cube.ide.mcu.externaltools.gnu-tools-for-stm32.12.3.rel1.win32_1.0.200.202406191623/tools/bin/../lib/gcc/arm-none-eabi/12.3.1/../../../../arm-none-eabi/lib/thumb/v7e-m+dp/hard\libc_nano.a(libc_a-init.o)
 .ARM.attributes
                0x000005eb       0x32 C:/ST/STM32CubeIDE_1.16.0/STM32CubeIDE/plugins/com.st.stm32cube.ide.mcu.externaltools.gnu-tools-for-stm32.12.3.rel1.win32_1.0.200.202406191623/tools/bin/../lib/gcc/arm-none-eabi/12.3.1/../../../../arm-none-eabi/lib/thumb/v7e-m+dp/hard\libc_nano.a(libc_a-memcpy-stub.o)
 .ARM.attributes
                0x0000061d       0x20 C:/ST/STM32CubeIDE_1.16.0/STM32CubeIDE/plugins/com.st.stm32cube.ide.mcu.externaltools.gnu-tools-for-stm32.12.3.rel1.win32_1.0.200.202406191623/tools/bin/../lib/gcc/arm-none-eabi/12.3.1/thumb/v7e-m+dp/hard/crtn.o
OUTPUT(qspi_1.elf elf32-littlearm)
LOAD linker stubs
LOAD C:/ST/STM32CubeIDE_1.16.0/STM32CubeIDE/plugins/com.st.stm32cube.ide.mcu.externaltools.gnu-tools-for-stm32.12.3.rel1.win32_1.0.200.202406191623/tools/bin/../lib/gcc/arm-none-eabi/12.3.1/../../../../arm-none-eabi/lib/thumb/v7e-m+dp/hard\libc.a
LOAD C:/ST/STM32CubeIDE_1.16.0/STM32CubeIDE/plugins/com.st.stm32cube.ide.mcu.externaltools.gnu-tools-for-stm32.12.3.rel1.win32_1.0.200.202406191623/tools/bin/../lib/gcc/arm-none-eabi/12.3.1/../../../../arm-none-eabi/lib/thumb/v7e-m+dp/hard\libm.a
LOAD C:/ST/STM32CubeIDE_1.16.0/STM32CubeIDE/plugins/com.st.stm32cube.ide.mcu.externaltools.gnu-tools-for-stm32.12.3.rel1.win32_1.0.200.202406191623/tools/bin/../lib/gcc/arm-none-eabi/12.3.1/thumb/v7e-m+dp/hard\libgcc.a

.debug_info     0x00000000    0x1ce72
 .debug_info    0x00000000      0x4aa ./Core/Src/freertos.o
 .debug_info    0x000004aa      0x62f ./Core/Src/gpio.o
 .debug_info    0x00000ad9     0x1270 ./Core/Src/main.o
 .debug_info    0x00001d49     0x140a ./Core/Src/quadspi.o
 .debug_info    0x00003153      0x89b ./Core/Src/st77916_spec.o
 .debug_info    0x000039ee      0x814 ./Core/Src/stm32h7xx_hal_msp.o
 .debug_info    0x00004202     0x10a9 ./Core/Src/stm32h7xx_hal_timebase_tim.o
 .debug_info    0x000052ab      0xe18 ./Core/Src/stm32h7xx_it.o
 .debug_info    0x000060c3      0xcef ./Core/Src/system_stm32h7xx.o
 .debug_info    0x00006db2       0x30 ./Core/Startup/startup_stm32h743vitx.o
 .debug_info    0x00006de2     0x153b ./Drivers/STM32H7xx_HAL_Driver/Src/stm32h7xx_hal.o
 .debug_info    0x0000831d     0x10ac ./Drivers/STM32H7xx_HAL_Driver/Src/stm32h7xx_hal_cortex.o
 .debug_info    0x000093c9      0xc4b ./Drivers/STM32H7xx_HAL_Driver/Src/stm32h7xx_hal_gpio.o
 .debug_info    0x0000a014      0xbbe ./Drivers/STM32H7xx_HAL_Driver/Src/stm32h7xx_hal_mdma.o
 .debug_info    0x0000abd2     0x1008 ./Drivers/STM32H7xx_HAL_Driver/Src/stm32h7xx_hal_pwr_ex.o
 .debug_info    0x0000bbda     0x12b8 ./Drivers/STM32H7xx_HAL_Driver/Src/stm32h7xx_hal_qspi.o
 .debug_info    0x0000ce92      0xe5b ./Drivers/STM32H7xx_HAL_Driver/Src/stm32h7xx_hal_rcc.o
 .debug_info    0x0000dced     0x1216 ./Drivers/STM32H7xx_HAL_Driver/Src/stm32h7xx_hal_rcc_ex.o
 .debug_info    0x0000ef03     0x2bae ./Drivers/STM32H7xx_HAL_Driver/Src/stm32h7xx_hal_tim.o
 .debug_info    0x00011ab1     0x17eb ./Drivers/STM32H7xx_HAL_Driver/Src/stm32h7xx_hal_tim_ex.o
 .debug_info    0x0001329c     0x3d87 ./Middlewares/Third_Party/FreeRTOS/Source/CMSIS_RTOS_V2/cmsis_os2.o
 .debug_info    0x00017023      0x2af ./Middlewares/Third_Party/FreeRTOS/Source/list.o
 .debug_info    0x000172d2     0x1b79 ./Middlewares/Third_Party/FreeRTOS/Source/queue.o
 .debug_info    0x00018e4b     0x21ec ./Middlewares/Third_Party/FreeRTOS/Source/tasks.o
 .debug_info    0x0001b037     0x1488 ./Middlewares/Third_Party/FreeRTOS/Source/timers.o
 .debug_info    0x0001c4bf      0x4de ./Middlewares/Third_Party/FreeRTOS/Source/portable/GCC/ARM_CM4F/port.o
 .debug_info    0x0001c99d      0x4d5 ./Middlewares/Third_Party/FreeRTOS/Source/portable/MemMang/heap_4.o

.debug_abbrev   0x00000000     0x3dd7
 .debug_abbrev  0x00000000      0x1ad ./Core/Src/freertos.o
 .debug_abbrev  0x000001ad      0x182 ./Core/Src/gpio.o
 .debug_abbrev  0x0000032f      0x2a6 ./Core/Src/main.o
 .debug_abbrev  0x000005d5      0x226 ./Core/Src/quadspi.o
 .debug_abbrev  0x000007fb      0x1c1 ./Core/Src/st77916_spec.o
 .debug_abbrev  0x000009bc      0x11c ./Core/Src/stm32h7xx_hal_msp.o
 .debug_abbrev  0x00000ad8      0x212 ./Core/Src/stm32h7xx_hal_timebase_tim.o
 .debug_abbrev  0x00000cea      0x17f ./Core/Src/stm32h7xx_it.o
 .debug_abbrev  0x00000e69      0x14c ./Core/Src/system_stm32h7xx.o
 .debug_abbrev  0x00000fb5       0x24 ./Core/Startup/startup_stm32h743vitx.o
 .debug_abbrev  0x00000fd9      0x295 ./Drivers/STM32H7xx_HAL_Driver/Src/stm32h7xx_hal.o
 .debug_abbrev  0x0000126e      0x339 ./Drivers/STM32H7xx_HAL_Driver/Src/stm32h7xx_hal_cortex.o
 .debug_abbrev  0x000015a7      0x1fe ./Drivers/STM32H7xx_HAL_Driver/Src/stm32h7xx_hal_gpio.o
 .debug_abbrev  0x000017a5      0x1f8 ./Drivers/STM32H7xx_HAL_Driver/Src/stm32h7xx_hal_mdma.o
 .debug_abbrev  0x0000199d      0x2a7 ./Drivers/STM32H7xx_HAL_Driver/Src/stm32h7xx_hal_pwr_ex.o
 .debug_abbrev  0x00001c44      0x24d ./Drivers/STM32H7xx_HAL_Driver/Src/stm32h7xx_hal_qspi.o
 .debug_abbrev  0x00001e91      0x2c8 ./Drivers/STM32H7xx_HAL_Driver/Src/stm32h7xx_hal_rcc.o
 .debug_abbrev  0x00002159      0x269 ./Drivers/STM32H7xx_HAL_Driver/Src/stm32h7xx_hal_rcc_ex.o
 .debug_abbrev  0x000023c2      0x276 ./Drivers/STM32H7xx_HAL_Driver/Src/stm32h7xx_hal_tim.o
 .debug_abbrev  0x00002638      0x281 ./Drivers/STM32H7xx_HAL_Driver/Src/stm32h7xx_hal_tim_ex.o
 .debug_abbrev  0x000028b9      0x522 ./Middlewares/Third_Party/FreeRTOS/Source/CMSIS_RTOS_V2/cmsis_os2.o
 .debug_abbrev  0x00002ddb       0xf5 ./Middlewares/Third_Party/FreeRTOS/Source/list.o
 .debug_abbrev  0x00002ed0      0x3b6 ./Middlewares/Third_Party/FreeRTOS/Source/queue.o
 .debug_abbrev  0x00003286      0x386 ./Middlewares/Third_Party/FreeRTOS/Source/tasks.o
 .debug_abbrev  0x0000360c      0x352 ./Middlewares/Third_Party/FreeRTOS/Source/timers.o
 .debug_abbrev  0x0000395e      0x25c ./Middlewares/Third_Party/FreeRTOS/Source/portable/GCC/ARM_CM4F/port.o
 .debug_abbrev  0x00003bba      0x21d ./Middlewares/Third_Party/FreeRTOS/Source/portable/MemMang/heap_4.o

.debug_aranges  0x00000000     0x1760
 .debug_aranges
                0x00000000       0x28 ./Core/Src/freertos.o
 .debug_aranges
                0x00000028       0x20 ./Core/Src/gpio.o
 .debug_aranges
                0x00000048       0x40 ./Core/Src/main.o
 .debug_aranges
                0x00000088       0x30 ./Core/Src/quadspi.o
 .debug_aranges
                0x000000b8       0x30 ./Core/Src/st77916_spec.o
 .debug_aranges
                0x000000e8       0x20 ./Core/Src/stm32h7xx_hal_msp.o
 .debug_aranges
                0x00000108       0x30 ./Core/Src/stm32h7xx_hal_timebase_tim.o
 .debug_aranges
                0x00000138       0x58 ./Core/Src/stm32h7xx_it.o
 .debug_aranges
                0x00000190       0x28 ./Core/Src/system_stm32h7xx.o
 .debug_aranges
                0x000001b8       0x28 ./Core/Startup/startup_stm32h743vitx.o
 .debug_aranges
                0x000001e0      0x198 ./Drivers/STM32H7xx_HAL_Driver/Src/stm32h7xx_hal.o
 .debug_aranges
                0x00000378      0x130 ./Drivers/STM32H7xx_HAL_Driver/Src/stm32h7xx_hal_cortex.o
 .debug_aranges
                0x000004a8       0x58 ./Drivers/STM32H7xx_HAL_Driver/Src/stm32h7xx_hal_gpio.o
 .debug_aranges
                0x00000500       0xc0 ./Drivers/STM32H7xx_HAL_Driver/Src/stm32h7xx_hal_mdma.o
 .debug_aranges
                0x000005c0      0x158 ./Drivers/STM32H7xx_HAL_Driver/Src/stm32h7xx_hal_pwr_ex.o
 .debug_aranges
                0x00000718      0x148 ./Drivers/STM32H7xx_HAL_Driver/Src/stm32h7xx_hal_qspi.o
 .debug_aranges
                0x00000860       0x88 ./Drivers/STM32H7xx_HAL_Driver/Src/stm32h7xx_hal_rcc.o
 .debug_aranges
                0x000008e8       0xf8 ./Drivers/STM32H7xx_HAL_Driver/Src/stm32h7xx_hal_rcc_ex.o
 .debug_aranges
                0x000009e0      0x3e0 ./Drivers/STM32H7xx_HAL_Driver/Src/stm32h7xx_hal_tim.o
 .debug_aranges
                0x00000dc0      0x188 ./Drivers/STM32H7xx_HAL_Driver/Src/stm32h7xx_hal_tim_ex.o
 .debug_aranges
                0x00000f48      0x2b0 ./Middlewares/Third_Party/FreeRTOS/Source/CMSIS_RTOS_V2/cmsis_os2.o
 .debug_aranges
                0x000011f8       0x40 ./Middlewares/Third_Party/FreeRTOS/Source/list.o
 .debug_aranges
                0x00001238      0x158 ./Middlewares/Third_Party/FreeRTOS/Source/queue.o
 .debug_aranges
                0x00001390      0x208 ./Middlewares/Third_Party/FreeRTOS/Source/tasks.o
 .debug_aranges
                0x00001598       0xf0 ./Middlewares/Third_Party/FreeRTOS/Source/timers.o
 .debug_aranges
                0x00001688       0x80 ./Middlewares/Third_Party/FreeRTOS/Source/portable/GCC/ARM_CM4F/port.o
 .debug_aranges
                0x00001708       0x58 ./Middlewares/Third_Party/FreeRTOS/Source/portable/MemMang/heap_4.o

.debug_rnglists
                0x00000000     0x11f9
 .debug_rnglists
                0x00000000       0x19 ./Core/Src/freertos.o
 .debug_rnglists
                0x00000019       0x14 ./Core/Src/gpio.o
 .debug_rnglists
                0x0000002d       0x2c ./Core/Src/main.o
 .debug_rnglists
                0x00000059       0x20 ./Core/Src/quadspi.o
 .debug_rnglists
                0x00000079       0x20 ./Core/Src/st77916_spec.o
 .debug_rnglists
                0x00000099       0x13 ./Core/Src/stm32h7xx_hal_msp.o
 .debug_rnglists
                0x000000ac       0x20 ./Core/Src/stm32h7xx_hal_timebase_tim.o
 .debug_rnglists
                0x000000cc       0x3d ./Core/Src/stm32h7xx_it.o
 .debug_rnglists
                0x00000109       0x1b ./Core/Src/system_stm32h7xx.o
 .debug_rnglists
                0x00000124       0x19 ./Core/Startup/startup_stm32h743vitx.o
 .debug_rnglists
                0x0000013d      0x131 ./Drivers/STM32H7xx_HAL_Driver/Src/stm32h7xx_hal.o
 .debug_rnglists
                0x0000026e       0xe0 ./Drivers/STM32H7xx_HAL_Driver/Src/stm32h7xx_hal_cortex.o
 .debug_rnglists
                0x0000034e       0x3f ./Drivers/STM32H7xx_HAL_Driver/Src/stm32h7xx_hal_gpio.o
 .debug_rnglists
                0x0000038d       0x9c ./Drivers/STM32H7xx_HAL_Driver/Src/stm32h7xx_hal_mdma.o
 .debug_rnglists
                0x00000429      0x103 ./Drivers/STM32H7xx_HAL_Driver/Src/stm32h7xx_hal_pwr_ex.o
 .debug_rnglists
                0x0000052c      0x101 ./Drivers/STM32H7xx_HAL_Driver/Src/stm32h7xx_hal_qspi.o
 .debug_rnglists
                0x0000062d       0x68 ./Drivers/STM32H7xx_HAL_Driver/Src/stm32h7xx_hal_rcc.o
 .debug_rnglists
                0x00000695       0xc0 ./Drivers/STM32H7xx_HAL_Driver/Src/stm32h7xx_hal_rcc_ex.o
 .debug_rnglists
                0x00000755      0x328 ./Drivers/STM32H7xx_HAL_Driver/Src/stm32h7xx_hal_tim.o
 .debug_rnglists
                0x00000a7d      0x13f ./Drivers/STM32H7xx_HAL_Driver/Src/stm32h7xx_hal_tim_ex.o
 .debug_rnglists
                0x00000bbc      0x212 ./Middlewares/Third_Party/FreeRTOS/Source/CMSIS_RTOS_V2/cmsis_os2.o
 .debug_rnglists
                0x00000dce       0x2b ./Middlewares/Third_Party/FreeRTOS/Source/list.o
 .debug_rnglists
                0x00000df9      0x109 ./Middlewares/Third_Party/FreeRTOS/Source/queue.o
 .debug_rnglists
                0x00000f02      0x1a0 ./Middlewares/Third_Party/FreeRTOS/Source/tasks.o
 .debug_rnglists
                0x000010a2       0xb8 ./Middlewares/Third_Party/FreeRTOS/Source/timers.o
 .debug_rnglists
                0x0000115a       0x5d ./Middlewares/Third_Party/FreeRTOS/Source/portable/GCC/ARM_CM4F/port.o
 .debug_rnglists
                0x000011b7       0x42 ./Middlewares/Third_Party/FreeRTOS/Source/portable/MemMang/heap_4.o

.debug_macro    0x00000000    0x39393
 .debug_macro   0x00000000      0x33f ./Core/Src/freertos.o
 .debug_macro   0x0000033f      0xacc ./Core/Src/freertos.o
 .debug_macro   0x00000e0b      0x189 ./Core/Src/freertos.o
 .debug_macro   0x00000f94       0x22 ./Core/Src/freertos.o
 .debug_macro   0x00000fb6       0x8e ./Core/Src/freertos.o
 .debug_macro   0x00001044       0x51 ./Core/Src/freertos.o
 .debug_macro   0x00001095      0x103 ./Core/Src/freertos.o
 .debug_macro   0x00001198       0x6a ./Core/Src/freertos.o
 .debug_macro   0x00001202      0x1df ./Core/Src/freertos.o
 .debug_macro   0x000013e1      0x169 ./Core/Src/freertos.o
 .debug_macro   0x0000154a      0x15a ./Core/Src/freertos.o
 .debug_macro   0x000016a4       0xc9 ./Core/Src/freertos.o
 .debug_macro   0x0000176d       0x1c ./Core/Src/freertos.o
 .debug_macro   0x00001789       0x26 ./Core/Src/freertos.o
 .debug_macro   0x000017af      0x4c5 ./Core/Src/freertos.o
 .debug_macro   0x00001c74       0xb5 ./Core/Src/freertos.o
 .debug_macro   0x00001d29       0xaa ./Core/Src/freertos.o
 .debug_macro   0x00001dd3      0x238 ./Core/Src/freertos.o
 .debug_macro   0x0000200b       0x2e ./Core/Src/freertos.o
 .debug_macro   0x00002039       0x3b ./Core/Src/freertos.o
 .debug_macro   0x00002074       0x1c ./Core/Src/freertos.o
 .debug_macro   0x00002090       0x22 ./Core/Src/freertos.o
 .debug_macro   0x000020b2       0xfb ./Core/Src/freertos.o
 .debug_macro   0x000021ad     0x1305 ./Core/Src/freertos.o
 .debug_macro   0x000034b2      0x11f ./Core/Src/freertos.o
 .debug_macro   0x000035d1       0x27 ./Core/Src/freertos.o
 .debug_macro   0x000035f8    0x258f9 ./Core/Src/freertos.o
 .debug_macro   0x00028ef1       0x6d ./Core/Src/freertos.o
 .debug_macro   0x00028f5e     0x3d79 ./Core/Src/freertos.o
 .debug_macro   0x0002ccd7       0x61 ./Core/Src/freertos.o
 .debug_macro   0x0002cd38       0x29 ./Core/Src/freertos.o
 .debug_macro   0x0002cd61       0x43 ./Core/Src/freertos.o
 .debug_macro   0x0002cda4       0x34 ./Core/Src/freertos.o
 .debug_macro   0x0002cdd8       0x16 ./Core/Src/freertos.o
 .debug_macro   0x0002cdee       0x43 ./Core/Src/freertos.o
 .debug_macro   0x0002ce31       0x34 ./Core/Src/freertos.o
 .debug_macro   0x0002ce65       0x10 ./Core/Src/freertos.o
 .debug_macro   0x0002ce75       0x58 ./Core/Src/freertos.o
 .debug_macro   0x0002cecd       0x8e ./Core/Src/freertos.o
 .debug_macro   0x0002cf5b       0x1c ./Core/Src/freertos.o
 .debug_macro   0x0002cf77      0x177 ./Core/Src/freertos.o
 .debug_macro   0x0002d0ee      0x369 ./Core/Src/freertos.o
 .debug_macro   0x0002d457      0x19b ./Core/Src/freertos.o
 .debug_macro   0x0002d5f2       0x5d ./Core/Src/freertos.o
 .debug_macro   0x0002d64f     0x2382 ./Core/Src/freertos.o
 .debug_macro   0x0002f9d1     0x102c ./Core/Src/freertos.o
 .debug_macro   0x000309fd      0x154 ./Core/Src/freertos.o
 .debug_macro   0x00030b51      0x114 ./Core/Src/freertos.o
 .debug_macro   0x00030c65      0x3b6 ./Core/Src/freertos.o
 .debug_macro   0x0003101b       0xac ./Core/Src/freertos.o
 .debug_macro   0x000310c7      0x72d ./Core/Src/freertos.o
 .debug_macro   0x000317f4      0x228 ./Core/Src/freertos.o
 .debug_macro   0x00031a1c       0x66 ./Core/Src/freertos.o
 .debug_macro   0x00031a82      0x3bb ./Core/Src/freertos.o
 .debug_macro   0x00031e3d      0x3e4 ./Core/Src/freertos.o
 .debug_macro   0x00032221      0x275 ./Core/Src/freertos.o
 .debug_macro   0x00032496      0x3ca ./Core/Src/freertos.o
 .debug_macro   0x00032860      0x408 ./Core/Src/freertos.o
 .debug_macro   0x00032c68       0x51 ./Core/Src/freertos.o
 .debug_macro   0x00032cb9       0x4a ./Core/Src/freertos.o
 .debug_macro   0x00032d03      0x22c ./Core/Src/freertos.o
 .debug_macro   0x00032f2f       0x67 ./Core/Src/freertos.o
 .debug_macro   0x00032f96       0xa5 ./Core/Src/freertos.o
 .debug_macro   0x0003303b      0x1c4 ./Core/Src/freertos.o
 .debug_macro   0x000331ff      0x25e ./Core/Src/freertos.o
 .debug_macro   0x0003345d       0x35 ./Core/Src/freertos.o
 .debug_macro   0x00033492      0x2d4 ./Core/Src/freertos.o
 .debug_macro   0x00033766      0xafa ./Core/Src/freertos.o
 .debug_macro   0x00034260      0x29f ./Core/Src/freertos.o
 .debug_macro   0x000344ff      0x5a0 ./Core/Src/freertos.o
 .debug_macro   0x00034a9f       0x34 ./Core/Src/freertos.o
 .debug_macro   0x00034ad3       0x6c ./Core/Src/freertos.o
 .debug_macro   0x00034b3f       0x74 ./Core/Src/freertos.o
 .debug_macro   0x00034bb3       0xdd ./Core/Src/freertos.o
 .debug_macro   0x00034c90       0x16 ./Core/Src/freertos.o
 .debug_macro   0x00034ca6      0x2b6 ./Core/Src/gpio.o
 .debug_macro   0x00034f5c      0x35e ./Core/Src/main.o
 .debug_macro   0x000352ba      0x169 ./Core/Src/main.o
 .debug_macro   0x00035423       0x66 ./Core/Src/main.o
 .debug_macro   0x00035489      0x2b6 ./Core/Src/quadspi.o
 .debug_macro   0x0003573f      0x32b ./Core/Src/st77916_spec.o
 .debug_macro   0x00035a6a      0x2ac ./Core/Src/stm32h7xx_hal_msp.o
 .debug_macro   0x00035d16      0x29d ./Core/Src/stm32h7xx_hal_timebase_tim.o
 .debug_macro   0x00035fb3      0x2b6 ./Core/Src/stm32h7xx_it.o
 .debug_macro   0x00036269      0x29d ./Core/Src/system_stm32h7xx.o
 .debug_macro   0x00036506      0x2c7 ./Drivers/STM32H7xx_HAL_Driver/Src/stm32h7xx_hal.o
 .debug_macro   0x000367cd      0x29d ./Drivers/STM32H7xx_HAL_Driver/Src/stm32h7xx_hal_cortex.o
 .debug_macro   0x00036a6a      0x2a4 ./Drivers/STM32H7xx_HAL_Driver/Src/stm32h7xx_hal_gpio.o
 .debug_macro   0x00036d0e      0x2ac ./Drivers/STM32H7xx_HAL_Driver/Src/stm32h7xx_hal_mdma.o
 .debug_macro   0x00036fba      0x2d6 ./Drivers/STM32H7xx_HAL_Driver/Src/stm32h7xx_hal_pwr_ex.o
 .debug_macro   0x00037290      0x2c1 ./Drivers/STM32H7xx_HAL_Driver/Src/stm32h7xx_hal_qspi.o
 .debug_macro   0x00037551      0x2c1 ./Drivers/STM32H7xx_HAL_Driver/Src/stm32h7xx_hal_rcc.o
 .debug_macro   0x00037812      0x2bb ./Drivers/STM32H7xx_HAL_Driver/Src/stm32h7xx_hal_rcc_ex.o
 .debug_macro   0x00037acd      0x29e ./Drivers/STM32H7xx_HAL_Driver/Src/stm32h7xx_hal_tim.o
 .debug_macro   0x00037d6b      0x29d ./Drivers/STM32H7xx_HAL_Driver/Src/stm32h7xx_hal_tim_ex.o
 .debug_macro   0x00038008      0x3fc ./Middlewares/Third_Party/FreeRTOS/Source/CMSIS_RTOS_V2/cmsis_os2.o
 .debug_macro   0x00038404       0x10 ./Middlewares/Third_Party/FreeRTOS/Source/CMSIS_RTOS_V2/cmsis_os2.o
 .debug_macro   0x00038414       0x20 ./Middlewares/Third_Party/FreeRTOS/Source/CMSIS_RTOS_V2/cmsis_os2.o
 .debug_macro   0x00038434       0x10 ./Middlewares/Third_Party/FreeRTOS/Source/CMSIS_RTOS_V2/cmsis_os2.o
 .debug_macro   0x00038444       0xf5 ./Middlewares/Third_Party/FreeRTOS/Source/CMSIS_RTOS_V2/cmsis_os2.o
 .debug_macro   0x00038539       0x91 ./Middlewares/Third_Party/FreeRTOS/Source/CMSIS_RTOS_V2/cmsis_os2.o
 .debug_macro   0x000385ca       0x8d ./Middlewares/Third_Party/FreeRTOS/Source/CMSIS_RTOS_V2/cmsis_os2.o
 .debug_macro   0x00038657       0x9a ./Middlewares/Third_Party/FreeRTOS/Source/CMSIS_RTOS_V2/cmsis_os2.o
 .debug_macro   0x000386f1       0x22 ./Middlewares/Third_Party/FreeRTOS/Source/CMSIS_RTOS_V2/cmsis_os2.o
 .debug_macro   0x00038713      0x187 ./Middlewares/Third_Party/FreeRTOS/Source/list.o
 .debug_macro   0x0003889a      0x216 ./Middlewares/Third_Party/FreeRTOS/Source/queue.o
 .debug_macro   0x00038ab0       0x16 ./Middlewares/Third_Party/FreeRTOS/Source/queue.o
 .debug_macro   0x00038ac6       0x87 ./Middlewares/Third_Party/FreeRTOS/Source/queue.o
 .debug_macro   0x00038b4d      0x27f ./Middlewares/Third_Party/FreeRTOS/Source/tasks.o
 .debug_macro   0x00038dcc       0x10 ./Middlewares/Third_Party/FreeRTOS/Source/tasks.o
 .debug_macro   0x00038ddc      0x1dc ./Middlewares/Third_Party/FreeRTOS/Source/timers.o
 .debug_macro   0x00038fb8       0x97 ./Middlewares/Third_Party/FreeRTOS/Source/timers.o
 .debug_macro   0x0003904f      0x196 ./Middlewares/Third_Party/FreeRTOS/Source/portable/GCC/ARM_CM4F/port.o
 .debug_macro   0x000391e5      0x1ae ./Middlewares/Third_Party/FreeRTOS/Source/portable/MemMang/heap_4.o

.debug_line     0x00000000    0x1cf9a
 .debug_line    0x00000000      0xa4f ./Core/Src/freertos.o
 .debug_line    0x00000a4f      0x8f5 ./Core/Src/gpio.o
 .debug_line    0x00001344      0xb48 ./Core/Src/main.o
 .debug_line    0x00001e8c      0x979 ./Core/Src/quadspi.o
 .debug_line    0x00002805      0xbad ./Core/Src/st77916_spec.o
 .debug_line    0x000033b2      0x8ca ./Core/Src/stm32h7xx_hal_msp.o
 .debug_line    0x00003c7c      0x93d ./Core/Src/stm32h7xx_hal_timebase_tim.o
 .debug_line    0x000045b9      0x97e ./Core/Src/stm32h7xx_it.o
 .debug_line    0x00004f37      0xa85 ./Core/Src/system_stm32h7xx.o
 .debug_line    0x000059bc       0x7a ./Core/Startup/startup_stm32h743vitx.o
 .debug_line    0x00005a36      0xe7a ./Drivers/STM32H7xx_HAL_Driver/Src/stm32h7xx_hal.o
 .debug_line    0x000068b0      0xea9 ./Drivers/STM32H7xx_HAL_Driver/Src/stm32h7xx_hal_cortex.o
 .debug_line    0x00007759      0xd52 ./Drivers/STM32H7xx_HAL_Driver/Src/stm32h7xx_hal_gpio.o
 .debug_line    0x000084ab     0x1530 ./Drivers/STM32H7xx_HAL_Driver/Src/stm32h7xx_hal_mdma.o
 .debug_line    0x000099db      0xf9d ./Drivers/STM32H7xx_HAL_Driver/Src/stm32h7xx_hal_pwr_ex.o
 .debug_line    0x0000a978     0x1524 ./Drivers/STM32H7xx_HAL_Driver/Src/stm32h7xx_hal_qspi.o
 .debug_line    0x0000be9c     0x144a ./Drivers/STM32H7xx_HAL_Driver/Src/stm32h7xx_hal_rcc.o
 .debug_line    0x0000d2e6     0x1d62 ./Drivers/STM32H7xx_HAL_Driver/Src/stm32h7xx_hal_rcc_ex.o
 .debug_line    0x0000f048     0x4010 ./Drivers/STM32H7xx_HAL_Driver/Src/stm32h7xx_hal_tim.o
 .debug_line    0x00013058     0x1e1a ./Drivers/STM32H7xx_HAL_Driver/Src/stm32h7xx_hal_tim_ex.o
 .debug_line    0x00014e72     0x23e8 ./Middlewares/Third_Party/FreeRTOS/Source/CMSIS_RTOS_V2/cmsis_os2.o
 .debug_line    0x0001725a      0x796 ./Middlewares/Third_Party/FreeRTOS/Source/list.o
 .debug_line    0x000179f0     0x1760 ./Middlewares/Third_Party/FreeRTOS/Source/queue.o
 .debug_line    0x00019150     0x1e32 ./Middlewares/Third_Party/FreeRTOS/Source/tasks.o
 .debug_line    0x0001af82      0xe1e ./Middlewares/Third_Party/FreeRTOS/Source/timers.o
 .debug_line    0x0001bda0      0x839 ./Middlewares/Third_Party/FreeRTOS/Source/portable/GCC/ARM_CM4F/port.o
 .debug_line    0x0001c5d9      0x9c1 ./Middlewares/Third_Party/FreeRTOS/Source/portable/MemMang/heap_4.o

.debug_str      0x00000000   0x167f91
 .debug_str     0x00000000   0x15c859 ./Core/Src/freertos.o
                             0x15ccde (size before relaxing)
 .debug_str     0x0015c859      0x290 ./Core/Src/gpio.o
                             0x15801d (size before relaxing)
 .debug_str     0x0015cae9      0x99d ./Core/Src/main.o
                             0x15d39a (size before relaxing)
 .debug_str     0x0015d486      0xfb8 ./Core/Src/quadspi.o
                             0x159194 (size before relaxing)
 .debug_str     0x0015e43e       0x54 ./Core/Src/st77916_spec.o
                             0x15c1dd (size before relaxing)
 .debug_str     0x0015e492       0x2c ./Core/Src/stm32h7xx_hal_msp.o
                             0x15878e (size before relaxing)
 .debug_str     0x0015e4be      0x107 ./Core/Src/stm32h7xx_hal_timebase_tim.o
                             0x158e9c (size before relaxing)
 .debug_str     0x0015e5c5       0xe0 ./Core/Src/stm32h7xx_it.o
                             0x1588c9 (size before relaxing)
 .debug_str     0x0015e6a5      0x344 ./Core/Src/system_stm32h7xx.o
                             0x1581c1 (size before relaxing)
 .debug_str     0x0015e9e9       0x44 ./Core/Startup/startup_stm32h743vitx.o
                                 0x73 (size before relaxing)
 .debug_str     0x0015ea2d      0x7b5 ./Drivers/STM32H7xx_HAL_Driver/Src/stm32h7xx_hal.o
                             0x1590d7 (size before relaxing)
 .debug_str     0x0015f1e2      0x2a6 ./Drivers/STM32H7xx_HAL_Driver/Src/stm32h7xx_hal_cortex.o
                             0x158b12 (size before relaxing)
 .debug_str     0x0015f488       0xf1 ./Drivers/STM32H7xx_HAL_Driver/Src/stm32h7xx_hal_gpio.o
                             0x158178 (size before relaxing)
 .debug_str     0x0015f579      0x4f0 ./Drivers/STM32H7xx_HAL_Driver/Src/stm32h7xx_hal_mdma.o
                             0x1584f5 (size before relaxing)
 .debug_str     0x0015fa69      0x642 ./Drivers/STM32H7xx_HAL_Driver/Src/stm32h7xx_hal_pwr_ex.o
                             0x158639 (size before relaxing)
 .debug_str     0x001600ab      0x653 ./Drivers/STM32H7xx_HAL_Driver/Src/stm32h7xx_hal_qspi.o
                             0x1588d2 (size before relaxing)
 .debug_str     0x001606fe      0x1f8 ./Drivers/STM32H7xx_HAL_Driver/Src/stm32h7xx_hal_rcc.o
                             0x15855c (size before relaxing)
 .debug_str     0x001608f6      0x64b ./Drivers/STM32H7xx_HAL_Driver/Src/stm32h7xx_hal_rcc_ex.o
                             0x158a3d (size before relaxing)
 .debug_str     0x00160f41      0xe8d ./Drivers/STM32H7xx_HAL_Driver/Src/stm32h7xx_hal_tim.o
                             0x1592fb (size before relaxing)
 .debug_str     0x00161dce      0x615 ./Drivers/STM32H7xx_HAL_Driver/Src/stm32h7xx_hal_tim_ex.o
                             0x158c23 (size before relaxing)
 .debug_str     0x001623e3     0x3054 ./Middlewares/Third_Party/FreeRTOS/Source/CMSIS_RTOS_V2/cmsis_os2.o
                             0x15fd60 (size before relaxing)
 .debug_str     0x00165437      0x20f ./Middlewares/Third_Party/FreeRTOS/Source/list.o
                               0xab23 (size before relaxing)
 .debug_str     0x00165646      0x892 ./Middlewares/Third_Party/FreeRTOS/Source/queue.o
                               0xc663 (size before relaxing)
 .debug_str     0x00165ed8     0x1063 ./Middlewares/Third_Party/FreeRTOS/Source/tasks.o
                               0xd120 (size before relaxing)
 .debug_str     0x00166f3b      0x5af ./Middlewares/Third_Party/FreeRTOS/Source/timers.o
                               0xcb95 (size before relaxing)
 .debug_str     0x001674ea      0x783 ./Middlewares/Third_Party/FreeRTOS/Source/portable/GCC/ARM_CM4F/port.o
                               0x876c (size before relaxing)
 .debug_str     0x00167c6d      0x324 ./Middlewares/Third_Party/FreeRTOS/Source/portable/MemMang/heap_4.o
                               0xb465 (size before relaxing)

.comment        0x00000000       0x43
 .comment       0x00000000       0x43 ./Core/Src/freertos.o
                                 0x44 (size before relaxing)
 .comment       0x00000043       0x44 ./Core/Src/gpio.o
 .comment       0x00000043       0x44 ./Core/Src/main.o
 .comment       0x00000043       0x44 ./Core/Src/quadspi.o
 .comment       0x00000043       0x44 ./Core/Src/st77916_spec.o
 .comment       0x00000043       0x44 ./Core/Src/stm32h7xx_hal_msp.o
 .comment       0x00000043       0x44 ./Core/Src/stm32h7xx_hal_timebase_tim.o
 .comment       0x00000043       0x44 ./Core/Src/stm32h7xx_it.o
 .comment       0x00000043       0x44 ./Core/Src/system_stm32h7xx.o
 .comment       0x00000043       0x44 ./Drivers/STM32H7xx_HAL_Driver/Src/stm32h7xx_hal.o
 .comment       0x00000043       0x44 ./Drivers/STM32H7xx_HAL_Driver/Src/stm32h7xx_hal_cortex.o
 .comment       0x00000043       0x44 ./Drivers/STM32H7xx_HAL_Driver/Src/stm32h7xx_hal_gpio.o
 .comment       0x00000043       0x44 ./Drivers/STM32H7xx_HAL_Driver/Src/stm32h7xx_hal_mdma.o
 .comment       0x00000043       0x44 ./Drivers/STM32H7xx_HAL_Driver/Src/stm32h7xx_hal_pwr_ex.o
 .comment       0x00000043       0x44 ./Drivers/STM32H7xx_HAL_Driver/Src/stm32h7xx_hal_qspi.o
 .comment       0x00000043       0x44 ./Drivers/STM32H7xx_HAL_Driver/Src/stm32h7xx_hal_rcc.o
 .comment       0x00000043       0x44 ./Drivers/STM32H7xx_HAL_Driver/Src/stm32h7xx_hal_rcc_ex.o
 .comment       0x00000043       0x44 ./Drivers/STM32H7xx_HAL_Driver/Src/stm32h7xx_hal_tim.o
 .comment       0x00000043       0x44 ./Drivers/STM32H7xx_HAL_Driver/Src/stm32h7xx_hal_tim_ex.o
 .comment       0x00000043       0x44 ./Middlewares/Third_Party/FreeRTOS/Source/CMSIS_RTOS_V2/cmsis_os2.o
 .comment       0x00000043       0x44 ./Middlewares/Third_Party/FreeRTOS/Source/list.o
 .comment       0x00000043       0x44 ./Middlewares/Third_Party/FreeRTOS/Source/queue.o
 .comment       0x00000043       0x44 ./Middlewares/Third_Party/FreeRTOS/Source/tasks.o
 .comment       0x00000043       0x44 ./Middlewares/Third_Party/FreeRTOS/Source/timers.o
 .comment       0x00000043       0x44 ./Middlewares/Third_Party/FreeRTOS/Source/portable/GCC/ARM_CM4F/port.o
 .comment       0x00000043       0x44 ./Middlewares/Third_Party/FreeRTOS/Source/portable/MemMang/heap_4.o

.debug_frame    0x00000000     0x617c
 .debug_frame   0x00000000       0x4c ./Core/Src/freertos.o
 .debug_frame   0x0000004c       0x34 ./Core/Src/gpio.o
 .debug_frame   0x00000080       0xb4 ./Core/Src/main.o
 .debug_frame   0x00000134       0x78 ./Core/Src/quadspi.o
 .debug_frame   0x000001ac       0x74 ./Core/Src/st77916_spec.o
 .debug_frame   0x00000220       0x34 ./Core/Src/stm32h7xx_hal_msp.o
 .debug_frame   0x00000254       0x74 ./Core/Src/stm32h7xx_hal_timebase_tim.o
 .debug_frame   0x000002c8       0xe0 ./Core/Src/stm32h7xx_it.o
 .debug_frame   0x000003a8       0x58 ./Core/Src/system_stm32h7xx.o
 .debug_frame   0x00000400      0x690 ./Drivers/STM32H7xx_HAL_Driver/Src/stm32h7xx_hal.o
 .debug_frame   0x00000a90      0x508 ./Drivers/STM32H7xx_HAL_Driver/Src/stm32h7xx_hal_cortex.o
 .debug_frame   0x00000f98      0x14c ./Drivers/STM32H7xx_HAL_Driver/Src/stm32h7xx_hal_gpio.o
 .debug_frame   0x000010e4      0x34c ./Drivers/STM32H7xx_HAL_Driver/Src/stm32h7xx_hal_mdma.o
 .debug_frame   0x00001430      0x580 ./Drivers/STM32H7xx_HAL_Driver/Src/stm32h7xx_hal_pwr_ex.o
 .debug_frame   0x000019b0      0x5ec ./Drivers/STM32H7xx_HAL_Driver/Src/stm32h7xx_hal_qspi.o
 .debug_frame   0x00001f9c      0x1f8 ./Drivers/STM32H7xx_HAL_Driver/Src/stm32h7xx_hal_rcc.o
 .debug_frame   0x00002194      0x414 ./Drivers/STM32H7xx_HAL_Driver/Src/stm32h7xx_hal_rcc_ex.o
 .debug_frame   0x000025a8     0x121c ./Drivers/STM32H7xx_HAL_Driver/Src/stm32h7xx_hal_tim.o
 .debug_frame   0x000037c4      0x6d8 ./Drivers/STM32H7xx_HAL_Driver/Src/stm32h7xx_hal_tim_ex.o
 .debug_frame   0x00003e9c      0xbe4 ./Middlewares/Third_Party/FreeRTOS/Source/CMSIS_RTOS_V2/cmsis_os2.o
 .debug_frame   0x00004a80       0xd8 ./Middlewares/Third_Party/FreeRTOS/Source/list.o
 .debug_frame   0x00004b58      0x5ec ./Middlewares/Third_Party/FreeRTOS/Source/queue.o
 .debug_frame   0x00005144      0x8f0 ./Middlewares/Third_Party/FreeRTOS/Source/tasks.o
 .debug_frame   0x00005a34      0x400 ./Middlewares/Third_Party/FreeRTOS/Source/timers.o
 .debug_frame   0x00005e34      0x1a8 ./Middlewares/Third_Party/FreeRTOS/Source/portable/GCC/ARM_CM4F/port.o
 .debug_frame   0x00005fdc      0x12c ./Middlewares/Third_Party/FreeRTOS/Source/portable/MemMang/heap_4.o
 .debug_frame   0x00006108       0x20 C:/ST/STM32CubeIDE_1.16.0/STM32CubeIDE/plugins/com.st.stm32cube.ide.mcu.externaltools.gnu-tools-for-stm32.12.3.rel1.win32_1.0.200.202406191623/tools/bin/../lib/gcc/arm-none-eabi/12.3.1/../../../../arm-none-eabi/lib/thumb/v7e-m+dp/hard\libc_nano.a(libc_a-memset.o)
 .debug_frame   0x00006128       0x2c C:/ST/STM32CubeIDE_1.16.0/STM32CubeIDE/plugins/com.st.stm32cube.ide.mcu.externaltools.gnu-tools-for-stm32.12.3.rel1.win32_1.0.200.202406191623/tools/bin/../lib/gcc/arm-none-eabi/12.3.1/../../../../arm-none-eabi/lib/thumb/v7e-m+dp/hard\libc_nano.a(libc_a-init.o)
 .debug_frame   0x00006154       0x28 C:/ST/STM32CubeIDE_1.16.0/STM32CubeIDE/plugins/com.st.stm32cube.ide.mcu.externaltools.gnu-tools-for-stm32.12.3.rel1.win32_1.0.200.202406191623/tools/bin/../lib/gcc/arm-none-eabi/12.3.1/../../../../arm-none-eabi/lib/thumb/v7e-m+dp/hard\libc_nano.a(libc_a-memcpy-stub.o)

.debug_line_str
                0x00000000       0x57
 .debug_line_str
                0x00000000       0x57 ./Core/Startup/startup_stm32h743vitx.o
