../Middlewares/Third_Party/RTT/SEGGER_RTT.c:303:13:_DoInit	16	static,ignoring_inline_asm
../Middlewares/Third_Party/RTT/SEGGER_RTT.c:363:17:_WriteBlocking	48	static,ignoring_inline_asm
../Middlewares/Third_Party/RTT/SEGGER_RTT.c:425:13:_WriteNoCheck	40	static,ignoring_inline_asm
../Middlewares/Third_Party/RTT/SEGGER_RTT.c:493:13:_PostTerminalSwitch	24	static
../Middlewares/Third_Party/RTT/SEGGER_RTT.c:515:17:_GetAvailWriteSpace	32	static
../Middlewares/Third_Party/RTT/SEGGER_RTT.c:562:10:SEGGER_RTT_ReadUpBufferNoLock	56	static
../Middlewares/Third_Party/RTT/SEGGER_RTT.c:654:10:SEGGER_RTT_ReadNoLock	56	static
../Middlewares/Third_Party/RTT/SEGGER_RTT.c:751:10:SEGGER_RTT_ReadUpBuffer	32	static,ignoring_inline_asm
../Middlewares/Third_Party/RTT/SEGGER_RTT.c:783:10:SEGGER_RTT_Read	32	static,ignoring_inline_asm
../Middlewares/Third_Party/RTT/SEGGER_RTT.c:822:6:SEGGER_RTT_WriteWithOverwriteNoLock	40	static,ignoring_inline_asm
../Middlewares/Third_Party/RTT/SEGGER_RTT.c:1014:10:SEGGER_RTT_WriteDownBufferNoLock	40	static
../Middlewares/Third_Party/RTT/SEGGER_RTT.c:1089:10:SEGGER_RTT_WriteNoLock	40	static
../Middlewares/Third_Party/RTT/SEGGER_RTT.c:1165:10:SEGGER_RTT_WriteDownBuffer	40	static,ignoring_inline_asm
../Middlewares/Third_Party/RTT/SEGGER_RTT.c:1194:10:SEGGER_RTT_Write	40	static,ignoring_inline_asm
../Middlewares/Third_Party/RTT/SEGGER_RTT.c:1224:10:SEGGER_RTT_WriteString	24	static
../Middlewares/Third_Party/RTT/SEGGER_RTT.c:1254:10:SEGGER_RTT_PutCharSkipNoLock	32	static,ignoring_inline_asm
../Middlewares/Third_Party/RTT/SEGGER_RTT.c:1304:10:SEGGER_RTT_PutCharSkip	40	static,ignoring_inline_asm
../Middlewares/Third_Party/RTT/SEGGER_RTT.c:1363:10:SEGGER_RTT_PutChar	40	static,ignoring_inline_asm
../Middlewares/Third_Party/RTT/SEGGER_RTT.c:1426:5:SEGGER_RTT_GetKey	16	static
../Middlewares/Third_Party/RTT/SEGGER_RTT.c:1454:5:SEGGER_RTT_WaitKey	16	static
../Middlewares/Third_Party/RTT/SEGGER_RTT.c:1477:5:SEGGER_RTT_HasKey	24	static
../Middlewares/Third_Party/RTT/SEGGER_RTT.c:1505:10:SEGGER_RTT_HasData	24	static
../Middlewares/Third_Party/RTT/SEGGER_RTT.c:1526:10:SEGGER_RTT_HasDataUp	24	static
../Middlewares/Third_Party/RTT/SEGGER_RTT.c:1555:5:SEGGER_RTT_AllocDownBuffer	40	static,ignoring_inline_asm
../Middlewares/Third_Party/RTT/SEGGER_RTT.c:1604:5:SEGGER_RTT_AllocUpBuffer	40	static,ignoring_inline_asm
../Middlewares/Third_Party/RTT/SEGGER_RTT.c:1659:5:SEGGER_RTT_ConfigUpBuffer	48	static,ignoring_inline_asm
../Middlewares/Third_Party/RTT/SEGGER_RTT.c:1711:5:SEGGER_RTT_ConfigDownBuffer	48	static,ignoring_inline_asm
../Middlewares/Third_Party/RTT/SEGGER_RTT.c:1754:5:SEGGER_RTT_SetNameUpBuffer	40	static,ignoring_inline_asm
../Middlewares/Third_Party/RTT/SEGGER_RTT.c:1789:5:SEGGER_RTT_SetNameDownBuffer	40	static,ignoring_inline_asm
../Middlewares/Third_Party/RTT/SEGGER_RTT.c:1825:5:SEGGER_RTT_SetFlagsUpBuffer	40	static,ignoring_inline_asm
../Middlewares/Third_Party/RTT/SEGGER_RTT.c:1861:5:SEGGER_RTT_SetFlagsDownBuffer	40	static,ignoring_inline_asm
../Middlewares/Third_Party/RTT/SEGGER_RTT.c:1889:6:SEGGER_RTT_Init	8	static
../Middlewares/Third_Party/RTT/SEGGER_RTT.c:1910:5:SEGGER_RTT_SetTerminal	40	static,ignoring_inline_asm
../Middlewares/Third_Party/RTT/SEGGER_RTT.c:1959:5:SEGGER_RTT_TerminalOut	40	static,ignoring_inline_asm
../Middlewares/Third_Party/RTT/SEGGER_RTT.c:2047:10:SEGGER_RTT_GetAvailWriteSpace	24	static
../Middlewares/Third_Party/RTT/SEGGER_RTT.c:2068:10:SEGGER_RTT_GetBytesInBuffer	32	static
