Archive member included to satisfy reference by file (symbol)

C:/STMicroelectronics/STM32Cube/STM32CubeIDE/STM32CubeIDE_1.18.0/STM32CubeIDE/plugins/com.st.stm32cube.ide.mcu.externaltools.gnu-tools-for-stm32.13.3.rel1.win32_1.0.0.202411081344/tools/bin/../lib/gcc/arm-none-eabi/13.3.1/../../../../arm-none-eabi/lib/thumb/v7e-m+dp/hard\libc_nano.a(libc_a-assert.o)
                              ./Middlewares/Third_Party/EasyLogger/src/elog_utils.o (__assert_func)
C:/STMicroelectronics/STM32Cube/STM32CubeIDE/STM32CubeIDE_1.18.0/STM32CubeIDE/plugins/com.st.stm32cube.ide.mcu.externaltools.gnu-tools-for-stm32.13.3.rel1.win32_1.0.0.202411081344/tools/bin/../lib/gcc/arm-none-eabi/13.3.1/../../../../arm-none-eabi/lib/thumb/v7e-m+dp/hard\libc_nano.a(libc_a-exit.o)
                              C:/STMicroelectronics/STM32Cube/STM32CubeIDE/STM32CubeIDE_1.18.0/STM32CubeIDE/plugins/com.st.stm32cube.ide.mcu.externaltools.gnu-tools-for-stm32.13.3.rel1.win32_1.0.0.202411081344/tools/bin/../lib/gcc/arm-none-eabi/13.3.1/../../../../arm-none-eabi/lib/thumb/v7e-m+dp/hard/crt0.o (exit)
C:/STMicroelectronics/STM32Cube/STM32CubeIDE/STM32CubeIDE_1.18.0/STM32CubeIDE/plugins/com.st.stm32cube.ide.mcu.externaltools.gnu-tools-for-stm32.13.3.rel1.win32_1.0.0.202411081344/tools/bin/../lib/gcc/arm-none-eabi/13.3.1/../../../../arm-none-eabi/lib/thumb/v7e-m+dp/hard\libc_nano.a(libc_a-findfp.o)
                              ./Middlewares/Third_Party/FreeRTOS/Source/tasks.o (__sf)
C:/STMicroelectronics/STM32Cube/STM32CubeIDE/STM32CubeIDE_1.18.0/STM32CubeIDE/plugins/com.st.stm32cube.ide.mcu.externaltools.gnu-tools-for-stm32.13.3.rel1.win32_1.0.0.202411081344/tools/bin/../lib/gcc/arm-none-eabi/13.3.1/../../../../arm-none-eabi/lib/thumb/v7e-m+dp/hard\libc_nano.a(libc_a-fprintf.o)
                              C:/STMicroelectronics/STM32Cube/STM32CubeIDE/STM32CubeIDE_1.18.0/STM32CubeIDE/plugins/com.st.stm32cube.ide.mcu.externaltools.gnu-tools-for-stm32.13.3.rel1.win32_1.0.0.202411081344/tools/bin/../lib/gcc/arm-none-eabi/13.3.1/../../../../arm-none-eabi/lib/thumb/v7e-m+dp/hard\libc_nano.a(libc_a-assert.o) (fiprintf)
C:/STMicroelectronics/STM32Cube/STM32CubeIDE/STM32CubeIDE_1.18.0/STM32CubeIDE/plugins/com.st.stm32cube.ide.mcu.externaltools.gnu-tools-for-stm32.13.3.rel1.win32_1.0.0.202411081344/tools/bin/../lib/gcc/arm-none-eabi/13.3.1/../../../../arm-none-eabi/lib/thumb/v7e-m+dp/hard\libc_nano.a(libc_a-fwalk.o)
                              C:/STMicroelectronics/STM32Cube/STM32CubeIDE/STM32CubeIDE_1.18.0/STM32CubeIDE/plugins/com.st.stm32cube.ide.mcu.externaltools.gnu-tools-for-stm32.13.3.rel1.win32_1.0.0.202411081344/tools/bin/../lib/gcc/arm-none-eabi/13.3.1/../../../../arm-none-eabi/lib/thumb/v7e-m+dp/hard\libc_nano.a(libc_a-findfp.o) (_fwalk_sglue)
C:/STMicroelectronics/STM32Cube/STM32CubeIDE/STM32CubeIDE_1.18.0/STM32CubeIDE/plugins/com.st.stm32cube.ide.mcu.externaltools.gnu-tools-for-stm32.13.3.rel1.win32_1.0.0.202411081344/tools/bin/../lib/gcc/arm-none-eabi/13.3.1/../../../../arm-none-eabi/lib/thumb/v7e-m+dp/hard\libc_nano.a(libc_a-snprintf.o)
                              ./Middlewares/Third_Party/EasyLogger/src/elog.o (snprintf)
C:/STMicroelectronics/STM32Cube/STM32CubeIDE/STM32CubeIDE_1.18.0/STM32CubeIDE/plugins/com.st.stm32cube.ide.mcu.externaltools.gnu-tools-for-stm32.13.3.rel1.win32_1.0.0.202411081344/tools/bin/../lib/gcc/arm-none-eabi/13.3.1/../../../../arm-none-eabi/lib/thumb/v7e-m+dp/hard\libc_nano.a(libc_a-sprintf.o)
                              ./Middlewares/Third_Party/EasyLogger/port/elog_port.o (sprintf)
C:/STMicroelectronics/STM32Cube/STM32CubeIDE/STM32CubeIDE_1.18.0/STM32CubeIDE/plugins/com.st.stm32cube.ide.mcu.externaltools.gnu-tools-for-stm32.13.3.rel1.win32_1.0.0.202411081344/tools/bin/../lib/gcc/arm-none-eabi/13.3.1/../../../../arm-none-eabi/lib/thumb/v7e-m+dp/hard\libc_nano.a(libc_a-stdio.o)
                              C:/STMicroelectronics/STM32Cube/STM32CubeIDE/STM32CubeIDE_1.18.0/STM32CubeIDE/plugins/com.st.stm32cube.ide.mcu.externaltools.gnu-tools-for-stm32.13.3.rel1.win32_1.0.0.202411081344/tools/bin/../lib/gcc/arm-none-eabi/13.3.1/../../../../arm-none-eabi/lib/thumb/v7e-m+dp/hard\libc_nano.a(libc_a-findfp.o) (__sread)
C:/STMicroelectronics/STM32Cube/STM32CubeIDE/STM32CubeIDE_1.18.0/STM32CubeIDE/plugins/com.st.stm32cube.ide.mcu.externaltools.gnu-tools-for-stm32.13.3.rel1.win32_1.0.0.202411081344/tools/bin/../lib/gcc/arm-none-eabi/13.3.1/../../../../arm-none-eabi/lib/thumb/v7e-m+dp/hard\libc_nano.a(libc_a-vsnprintf.o)
                              ./Middlewares/Third_Party/EasyLogger/src/elog.o (vsnprintf)
C:/STMicroelectronics/STM32Cube/STM32CubeIDE/STM32CubeIDE_1.18.0/STM32CubeIDE/plugins/com.st.stm32cube.ide.mcu.externaltools.gnu-tools-for-stm32.13.3.rel1.win32_1.0.0.202411081344/tools/bin/../lib/gcc/arm-none-eabi/13.3.1/../../../../arm-none-eabi/lib/thumb/v7e-m+dp/hard\libc_nano.a(libc_a-memset.o)
[...]
Memory Configuration

Name             Origin             Length             Attributes
FLASH            0x08000000         0x00200000         xr
DTCMRAM          0x20000000         0x00020000         xrw
RAM_D1           0x24000000         0x00080000         xrw
RAM_D2           0x30000000         0x00048000         xrw
RAM_D3           0x38000000         0x00010000         xrw
ITCMRAM          0x00000000         0x00010000         xrw
*default*        0x00000000         0xffffffff

Linker script and memory map

LOAD C:/STMicroelectronics/STM32Cube/STM32CubeIDE/STM32CubeIDE_1.18.0/STM32CubeIDE/plugins/com.st.stm32cube.ide.mcu.externaltools.gnu-tools-for-stm32.13.3.rel1.win32_1.0.0.202411081344/tools/bin/../lib/gcc/arm-none-eabi/13.3.1/thumb/v7e-m+dp/hard/crti.o
LOAD C:/STMicroelectronics/STM32Cube/STM32CubeIDE/STM32CubeIDE_1.18.0/STM32CubeIDE/plugins/com.st.stm32cube.ide.mcu.externaltools.gnu-tools-for-stm32.13.3.rel1.win32_1.0.0.202411081344/tools/bin/../lib/gcc/arm-none-eabi/13.3.1/thumb/v7e-m+dp/hard/crtbegin.o
LOAD C:/STMicroelectronics/STM32Cube/STM32CubeIDE/STM32CubeIDE_1.18.0/STM32CubeIDE/plugins/com.st.stm32cube.ide.mcu.externaltools.gnu-tools-for-stm32.13.3.rel1.win32_1.0.0.202411081344/tools/bin/../lib/gcc/arm-none-eabi/13.3.1/../../../../arm-none-eabi/lib/thumb/v7e-m+dp/hard/crt0.o
LOAD ./BSP/led/bsp_led_driver.o
LOAD ./BSP/led/bsp_led_port.o
LOAD ./Core/Src/freertos.o
LOAD ./Core/Src/gpio.o
LOAD ./Core/Src/main.o
LOAD ./Core/Src/memorymap.o
LOAD ./Core/Src/rtc.o
LOAD ./Core/Src/stm32h7xx_hal_msp.o
LOAD ./Core/Src/stm32h7xx_hal_timebase_tim.o
LOAD ./Core/Src/stm32h7xx_it.o
LOAD ./Core/Src/syscalls.o
LOAD ./Core/Src/sysmem.o
LOAD ./Core/Src/system_stm32h7xx.o
LOAD ./Core/Startup/startup_stm32h743vitx.o
LOAD ./Drivers/STM32H7xx_HAL_Driver/Src/stm32h7xx_hal.o
LOAD ./Drivers/STM32H7xx_HAL_Driver/Src/stm32h7xx_hal_cortex.o
LOAD ./Drivers/STM32H7xx_HAL_Driver/Src/stm32h7xx_hal_dma.o
LOAD ./Drivers/STM32H7xx_HAL_Driver/Src/stm32h7xx_hal_dma_ex.o
LOAD ./Drivers/STM32H7xx_HAL_Driver/Src/stm32h7xx_hal_exti.o
LOAD ./Drivers/STM32H7xx_HAL_Driver/Src/stm32h7xx_hal_flash.o
LOAD ./Drivers/STM32H7xx_HAL_Driver/Src/stm32h7xx_hal_flash_ex.o
LOAD ./Drivers/STM32H7xx_HAL_Driver/Src/stm32h7xx_hal_gpio.o
LOAD ./Drivers/STM32H7xx_HAL_Driver/Src/stm32h7xx_hal_hsem.o
LOAD ./Drivers/STM32H7xx_HAL_Driver/Src/stm32h7xx_hal_i2c.o
LOAD ./Drivers/STM32H7xx_HAL_Driver/Src/stm32h7xx_hal_i2c_ex.o
LOAD ./Drivers/STM32H7xx_HAL_Driver/Src/stm32h7xx_hal_mdma.o
LOAD ./Drivers/STM32H7xx_HAL_Driver/Src/stm32h7xx_hal_pwr.o
LOAD ./Drivers/STM32H7xx_HAL_Driver/Src/stm32h7xx_hal_pwr_ex.o
LOAD ./Drivers/STM32H7xx_HAL_Driver/Src/stm32h7xx_hal_rcc.o
LOAD ./Drivers/STM32H7xx_HAL_Driver/Src/stm32h7xx_hal_rcc_ex.o
LOAD ./Drivers/STM32H7xx_HAL_Driver/Src/stm32h7xx_hal_rtc.o
LOAD ./Drivers/STM32H7xx_HAL_Driver/Src/stm32h7xx_hal_rtc_ex.o
LOAD ./Drivers/STM32H7xx_HAL_Driver/Src/stm32h7xx_hal_tim.o
LOAD ./Drivers/STM32H7xx_HAL_Driver/Src/stm32h7xx_hal_tim_ex.o
LOAD ./Middlewares/Third_Party/EasyLogger/port/elog_port.o
LOAD ./Middlewares/Third_Party/EasyLogger/src/elog.o
LOAD ./Middlewares/Third_Party/EasyLogger/src/elog_utils.o
LOAD ./Middlewares/Third_Party/FreeRTOS/Source/CMSIS_RTOS_V2/cmsis_os2.o
LOAD ./Middlewares/Third_Party/FreeRTOS/Source/croutine.o
LOAD ./Middlewares/Third_Party/FreeRTOS/Source/event_groups.o
LOAD ./Middlewares/Third_Party/FreeRTOS/Source/list.o
LOAD ./Middlewares/Third_Party/FreeRTOS/Source/queue.o
LOAD ./Middlewares/Third_Party/FreeRTOS/Source/stream_buffer.o
LOAD ./Middlewares/Third_Party/FreeRTOS/Source/tasks.o
LOAD ./Middlewares/Third_Party/FreeRTOS/Source/timers.o
LOAD ./Middlewares/Third_Party/FreeRTOS/Source/portable/GCC/ARM_CM4F/port.o
LOAD ./Middlewares/Third_Party/FreeRTOS/Source/portable/MemMang/heap_4.o
LOAD ./Middlewares/Third_Party/RTT/SEGGER_RTT.o
LOAD ./Middlewares/Third_Party/RTT/SEGGER_RTT_printf.o
START GROUP
LOAD C:/STMicroelectronics/STM32Cube/STM32CubeIDE/STM32CubeIDE_1.18.0/STM32CubeIDE/plugins/com.st.stm32cube.ide.mcu.externaltools.gnu-tools-for-stm32.13.3.rel1.win32_1.0.0.202411081344/tools/bin/../lib/gcc/arm-none-eabi/13.3.1/../../../../arm-none-eabi/lib/thumb/v7e-m+dp/hard\libc_nano.a
LOAD C:/STMicroelectronics/STM32Cube/STM32CubeIDE/STM32CubeIDE_1.18.0/STM32CubeIDE/plugins/com.st.stm32cube.ide.mcu.externaltools.gnu-tools-for-stm32.13.3.rel1.win32_1.0.0.202411081344/tools/bin/../lib/gcc/arm-none-eabi/13.3.1/../../../../arm-none-eabi/lib/thumb/v7e-m+dp/hard\libm.a
END GROUP
START GROUP
LOAD C:/STMicroelectronics/STM32Cube/STM32CubeIDE/STM32CubeIDE_1.18.0/STM32CubeIDE/plugins/com.st.stm32cube.ide.mcu.externaltools.gnu-tools-for-stm32.13.3.rel1.win32_1.0.0.202411081344/tools/bin/../lib/gcc/arm-none-eabi/13.3.1/thumb/v7e-m+dp/hard\libgcc.a
LOAD C:/STMicroelectronics/STM32Cube/STM32CubeIDE/STM32CubeIDE_1.18.0/STM32CubeIDE/plugins/com.st.stm32cube.ide.mcu.externaltools.gnu-tools-for-stm32.13.3.rel1.win32_1.0.0.202411081344/tools/bin/../lib/gcc/arm-none-eabi/13.3.1/../../../../arm-none-eabi/lib/thumb/v7e-m+dp/hard\libc_nano.a
END GROUP
START GROUP
LOAD C:/STMicroelectronics/STM32Cube/STM32CubeIDE/STM32CubeIDE_1.18.0/STM32CubeIDE/plugins/com.st.stm32cube.ide.mcu.externaltools.gnu-tools-for-stm32.13.3.rel1.win32_1.0.0.202411081344/tools/bin/../lib/gcc/arm-none-eabi/13.3.1/thumb/v7e-m+dp/hard\libgcc.a
LOAD C:/STMicroelectronics/STM32Cube/STM32CubeIDE/STM32CubeIDE_1.18.0/STM32CubeIDE/plugins/com.st.stm32cube.ide.mcu.externaltools.gnu-tools-for-stm32.13.3.rel1.win32_1.0.0.202411081344/tools/bin/../lib/gcc/arm-none-eabi/13.3.1/../../../../arm-none-eabi/lib/thumb/v7e-m+dp/hard\libc_nano.a
LOAD C:/STMicroelectronics/STM32Cube/STM32CubeIDE/STM32CubeIDE_1.18.0/STM32CubeIDE/plugins/com.st.stm32cube.ide.mcu.externaltools.gnu-tools-for-stm32.13.3.rel1.win32_1.0.0.202411081344/tools/bin/../lib/gcc/arm-none-eabi/13.3.1/../../../../arm-none-eabi/lib/thumb/v7e-m+dp/hard\libnosys.a
END GROUP
START GROUP
LOAD C:/STMicroelectronics/STM32Cube/STM32CubeIDE/STM32CubeIDE_1.18.0/STM32CubeIDE/plugins/com.st.stm32cube.ide.mcu.externaltools.gnu-tools-for-stm32.13.3.rel1.win32_1.0.0.202411081344/tools/bin/../lib/gcc/arm-none-eabi/13.3.1/thumb/v7e-m+dp/hard\libgcc.a
LOAD C:/STMicroelectronics/STM32Cube/STM32CubeIDE/STM32CubeIDE_1.18.0/STM32CubeIDE/plugins/com.st.stm32cube.ide.mcu.externaltools.gnu-tools-for-stm32.13.3.rel1.win32_1.0.0.202411081344/tools/bin/../lib/gcc/arm-none-eabi/13.3.1/../../../../arm-none-eabi/lib/thumb/v7e-m+dp/hard\libc_nano.a
LOAD C:/STMicroelectronics/STM32Cube/STM32CubeIDE/STM32CubeIDE_1.18.0/STM32CubeIDE/plugins/com.st.stm32cube.ide.mcu.externaltools.gnu-tools-for-stm32.13.3.rel1.win32_1.0.0.202411081344/tools/bin/../lib/gcc/arm-none-eabi/13.3.1/../../../../arm-none-eabi/lib/thumb/v7e-m+dp/hard\libnosys.a
END GROUP
LOAD C:/STMicroelectronics/STM32Cube/STM32CubeIDE/STM32CubeIDE_1.18.0/STM32CubeIDE/plugins/com.st.stm32cube.ide.mcu.externaltools.gnu-tools-for-stm32.13.3.rel1.win32_1.0.0.202411081344/tools/bin/../lib/gcc/arm-none-eabi/13.3.1/thumb/v7e-m+dp/hard/crtend.o
LOAD C:/STMicroelectronics/STM32Cube/STM32CubeIDE/STM32CubeIDE_1.18.0/STM32CubeIDE/plugins/com.st.stm32cube.ide.mcu.externaltools.gnu-tools-for-stm32.13.3.rel1.win32_1.0.0.202411081344/tools/bin/../lib/gcc/arm-none-eabi/13.3.1/thumb/v7e-m+dp/hard/crtn.o
                0x24080000                        _estack = (ORIGIN (RAM_D1) + LENGTH (RAM_D1))
                0x00000200                        _Min_Heap_Size = 0x200
                0x00000400                        _Min_Stack_Size = 0x400

.isr_vector     0x08000000      0x298
                0x08000000                        . = ALIGN (0x4)
 *(.isr_vector)
 .isr_vector    0x08000000      0x298 ./Core/Startup/startup_stm32h743vitx.o
                0x08000000                g_pfnVectors
                0x08000298                        . = ALIGN (0x4)

.text           0x080002a0     0x9cb0
                0x080002a0                        . = ALIGN (0x4)
 *(.text)
 .text          0x080002a0       0x40 C:/STMicroelectronics/STM32Cube/STM32CubeIDE/STM32CubeIDE_1.18.0/STM32CubeIDE/plugins/com.st.stm32cube.ide.mcu.externaltools.gnu-tools-for-stm32.13.3.rel1.win32_1.0.0.202411081344/tools/bin/../lib/gcc/arm-none-eabi/13.3.1/thumb/v7e-m+dp/hard/crtbegin.o
 .text          0x080002e0       0xa0 C:/STMicroelectronics/STM32Cube/STM32CubeIDE/STM32CubeIDE_1.18.0/STM32CubeIDE/plugins/com.st.stm32cube.ide.mcu.externaltools.gnu-tools-for-stm32.13.3.rel1.win32_1.0.0.202411081344/tools/bin/../lib/gcc/arm-none-eabi/13.3.1/../../../../arm-none-eabi/lib/thumb/v7e-m+dp/hard\libc_nano.a(libc_a-memchr.o)
                0x080002e0                memchr
 .text          0x08000380       0x10 C:/STMicroelectronics/STM32Cube/STM32CubeIDE/STM32CubeIDE_1.18.0/STM32CubeIDE/plugins/com.st.stm32cube.ide.mcu.externaltools.gnu-tools-for-stm32.13.3.rel1.win32_1.0.0.202411081344/tools/bin/../lib/gcc/arm-none-eabi/13.3.1/../../../../arm-none-eabi/lib/thumb/v7e-m+dp/hard\libc_nano.a(libc_a-strlen.o)
                0x08000380                strlen
 *(.text*)
 .text.led_driver_init
                0x08000390       0x48 ./BSP/led/bsp_led_driver.o
                0x08000390                led_driver_init
 .text.led_driver_ctrl
                0x080003d8       0x20 ./BSP/led/bsp_led_driver.o
                0x080003d8                led_driver_ctrl
 .text.led_driver_inst
                0x080003f8       0xf8 ./BSP/led/bsp_led_driver.o
                0x080003f8                led_driver_inst
 .text.led_led_on
                0x080004f0       0x24 ./BSP/led/bsp_led_port.o
                0x080004f0                led_led_on
 .text.led_led_off
                0x08000514       0x24 ./BSP/led/bsp_led_port.o
                0x08000514                led_led_off
 .text.led_get_tick
                0x08000538       0x24 ./BSP/led/bsp_led_port.o
                0x08000538                led_get_tick
 .text.led_delay_ms
                0x0800055c       0x3c ./BSP/led/bsp_led_port.o
                0x0800055c                led_delay_ms
 .text.MX_FREERTOS_Init
                0x08000598       0x3c ./Core/Src/freertos.o
                0x08000598                MX_FREERTOS_Init
 .text.task_default_start
                0x080005d4       0x48 ./Core/Src/freertos.o
                0x080005d4                task_default_start
 .text.MX_GPIO_Init
                0x0800061c       0xc4 ./Core/Src/gpio.o
                0x0800061c                MX_GPIO_Init
 .text.main     0x080006e0       0x2c ./Core/Src/main.o
                0x080006e0                main
 .text.SystemClock_Config
                0x0800070c       0xf8 ./Core/Src/main.o
                0x0800070c                SystemClock_Config
 .text.MPU_Config
                0x08000804       0x58 ./Core/Src/main.o
 .text.HAL_TIM_PeriodElapsedCallback
                0x0800085c       0x24 ./Core/Src/main.o
                0x0800085c                HAL_TIM_PeriodElapsedCallback
 .text.Error_Handler
                0x08000880        0xc ./Core/Src/main.o
                0x08000880                Error_Handler
 .text.MX_RTC_Init
                0x0800088c       0x50 ./Core/Src/rtc.o
                0x0800088c                MX_RTC_Init
 .text.HAL_RTC_MspInit
                0x080008dc       0x64 ./Core/Src/rtc.o
                0x080008dc                HAL_RTC_MspInit
 .text.HAL_MspInit
                0x08000940       0x3c ./Core/Src/stm32h7xx_hal_msp.o
                0x08000940                HAL_MspInit
 .text.HAL_InitTick
                0x0800097c       0xd8 ./Core/Src/stm32h7xx_hal_timebase_tim.o
                0x0800097c                HAL_InitTick
 .text.NMI_Handler
                0x08000a54        0x8 ./Core/Src/stm32h7xx_it.o
                0x08000a54                NMI_Handler
 .text.HardFault_Handler
                0x08000a5c        0x8 ./Core/Src/stm32h7xx_it.o
                0x08000a5c                HardFault_Handler
 .text.MemManage_Handler
                0x08000a64        0x8 ./Core/Src/stm32h7xx_it.o
                0x08000a64                MemManage_Handler
 .text.BusFault_Handler
                0x08000a6c        0x8 ./Core/Src/stm32h7xx_it.o
                0x08000a6c                BusFault_Handler
 .text.UsageFault_Handler
                0x08000a74        0x8 ./Core/Src/stm32h7xx_it.o
                0x08000a74                UsageFault_Handler
 .text.DebugMon_Handler
                0x08000a7c        0xe ./Core/Src/stm32h7xx_it.o
                0x08000a7c                DebugMon_Handler
 *fill*         0x08000a8a        0x2 
 .text.TIM6_DAC_IRQHandler
                0x08000a8c       0x14 ./Core/Src/stm32h7xx_it.o
                0x08000a8c                TIM6_DAC_IRQHandler
 .text._getpid  0x08000aa0       0x10 ./Core/Src/syscalls.o
                0x08000aa0                _getpid
 .text._kill    0x08000ab0       0x20 ./Core/Src/syscalls.o
                0x08000ab0                _kill
 .text._exit    0x08000ad0       0x16 ./Core/Src/syscalls.o
                0x08000ad0                _exit
 .text._read    0x08000ae6       0x3a ./Core/Src/syscalls.o
                0x08000ae6                _read
 .text._write   0x08000b20       0x38 ./Core/Src/syscalls.o
                0x08000b20                _write
 .text._close   0x08000b58       0x18 ./Core/Src/syscalls.o
                0x08000b58                _close
 .text._fstat   0x08000b70       0x20 ./Core/Src/syscalls.o
                0x08000b70                _fstat
 .text._isatty  0x08000b90       0x16 ./Core/Src/syscalls.o
                0x08000b90                _isatty
 .text._lseek   0x08000ba6       0x1a ./Core/Src/syscalls.o
                0x08000ba6                _lseek
 .text._sbrk    0x08000bc0       0x6c ./Core/Src/sysmem.o
                0x08000bc0                _sbrk
 .text.SystemInit
                0x08000c2c      0x140 ./Core/Src/system_stm32h7xx.o
                0x08000c2c                SystemInit
 .text.ExitRun0Mode
                0x08000d6c       0x30 ./Core/Src/system_stm32h7xx.o
                0x08000d6c                ExitRun0Mode
 .text.Reset_Handler
                0x08000d9c       0x54 ./Core/Startup/startup_stm32h743vitx.o
                0x08000d9c                Reset_Handler
 .text.Default_Handler
                0x08000df0        0x2 ./Core/Startup/startup_stm32h743vitx.o
                0x08000df0                RTC_Alarm_IRQHandler
                0x08000df0                EXTI2_IRQHandler
                0x08000df0                TIM8_CC_IRQHandler
                0x08000df0                HRTIM1_Master_IRQHandler
                0x08000df0                UART8_IRQHandler
                0x08000df0                SPI4_IRQHandler
                0x08000df0                TIM1_CC_IRQHandler
                0x08000df0                BDMA_Channel6_IRQHandler
                0x08000df0                DMA2_Stream5_IRQHandler
                0x08000df0                HRTIM1_FLT_IRQHandler
                0x08000df0                JPEG_IRQHandler
                0x08000df0                DMA1_Stream5_IRQHandler
                0x08000df0                BDMA_Channel1_IRQHandler
                0x08000df0                HRTIM1_TIMD_IRQHandler
                0x08000df0                TAMP_STAMP_IRQHandler
                0x08000df0                EXTI3_IRQHandler
                0x08000df0                LPTIM4_IRQHandler
                0x08000df0                TIM8_TRG_COM_TIM14_IRQHandler
                0x08000df0                LPTIM2_IRQHandler
                0x08000df0                DFSDM1_FLT1_IRQHandler
                0x08000df0                DMAMUX2_OVR_IRQHandler
                0x08000df0                TIM8_UP_TIM13_IRQHandler
                0x08000df0                I2C3_ER_IRQHandler
                0x08000df0                DFSDM1_FLT2_IRQHandler
                0x08000df0                MDMA_IRQHandler
                0x08000df0                LPTIM3_IRQHandler
                0x08000df0                HSEM1_IRQHandler
                0x08000df0                EXTI0_IRQHandler
                0x08000df0                I2C2_EV_IRQHandler
                0x08000df0                DMA1_Stream2_IRQHandler
                0x08000df0                FPU_IRQHandler
                0x08000df0                OTG_HS_WKUP_IRQHandler
                0x08000df0                FDCAN1_IT1_IRQHandler
                0x08000df0                LTDC_ER_IRQHandler
                0x08000df0                DMA2_Stream2_IRQHandler
                0x08000df0                HRTIM1_TIME_IRQHandler
                0x08000df0                SPI1_IRQHandler
                0x08000df0                DCMI_IRQHandler
                0x08000df0                HRTIM1_TIMC_IRQHandler
                0x08000df0                DMA2_Stream3_IRQHandler
                0x08000df0                SAI2_IRQHandler
                0x08000df0                DFSDM1_FLT3_IRQHandler
                0x08000df0                USART6_IRQHandler
                0x08000df0                TIM17_IRQHandler
                0x08000df0                USART3_IRQHandler
                0x08000df0                BDMA_Channel7_IRQHandler
                0x08000df0                LPTIM5_IRQHandler
                0x08000df0                UART5_IRQHandler
                0x08000df0                ADC3_IRQHandler
                0x08000df0                DMA2_Stream0_IRQHandler
                0x08000df0                TIM4_IRQHandler
                0x08000df0                BDMA_Channel2_IRQHandler
                0x08000df0                QUADSPI_IRQHandler
                0x08000df0                I2C1_EV_IRQHandler
                0x08000df0                DMA1_Stream6_IRQHandler
                0x08000df0                DMAMUX1_OVR_IRQHandler
                0x08000df0                DMA1_Stream1_IRQHandler
                0x08000df0                TIM16_IRQHandler
                0x08000df0                UART4_IRQHandler
                0x08000df0                BDMA_Channel5_IRQHandler
                0x08000df0                TIM3_IRQHandler
                0x08000df0                RCC_IRQHandler
                0x08000df0                TIM8_BRK_TIM12_IRQHandler
                0x08000df0                TIM1_TRG_COM_IRQHandler
                0x08000df0                Default_Handler
                0x08000df0                ECC_IRQHandler
                0x08000df0                CEC_IRQHandler
                0x08000df0                EXTI15_10_IRQHandler
                0x08000df0                BDMA_Channel0_IRQHandler
                0x08000df0                ADC_IRQHandler
                0x08000df0                DMA1_Stream7_IRQHandler
                0x08000df0                HRTIM1_TIMA_IRQHandler
                0x08000df0                SPI5_IRQHandler
                0x08000df0                TIM7_IRQHandler
                0x08000df0                SDMMC1_IRQHandler
                0x08000df0                TIM5_IRQHandler
                0x08000df0                DMA2_Stream7_IRQHandler
                0x08000df0                TIM15_IRQHandler
                0x08000df0                PVD_AVD_IRQHandler
                0x08000df0                I2C3_EV_IRQHandler
                0x08000df0                EXTI9_5_IRQHandler
                0x08000df0                RTC_WKUP_IRQHandler
                0x08000df0                LTDC_IRQHandler
                0x08000df0                SAI3_IRQHandler
                0x08000df0                ETH_WKUP_IRQHandler
                0x08000df0                SPDIF_RX_IRQHandler
                0x08000df0                SPI2_IRQHandler
                0x08000df0                OTG_HS_EP1_IN_IRQHandler
                0x08000df0                DMA1_Stream0_IRQHandler
                0x08000df0                CRS_IRQHandler
                0x08000df0                EXTI4_IRQHandler
                0x08000df0                RNG_IRQHandler
                0x08000df0                HRTIM1_TIMB_IRQHandler
                0x08000df0                FDCAN2_IT1_IRQHandler
                0x08000df0                ETH_IRQHandler
                0x08000df0                TIM1_UP_IRQHandler
                0x08000df0                BDMA_Channel4_IRQHandler
                0x08000df0                OTG_HS_EP1_OUT_IRQHandler
                0x08000df0                WWDG_IRQHandler
                0x08000df0                SPI6_IRQHandler
                0x08000df0                MDIOS_IRQHandler
                0x08000df0                I2C4_EV_IRQHandler
                0x08000df0                FDCAN2_IT0_IRQHandler
                0x08000df0                LPUART1_IRQHandler
                0x08000df0                FDCAN1_IT0_IRQHandler
                0x08000df0                TIM2_IRQHandler
                0x08000df0                OTG_FS_WKUP_IRQHandler
                0x08000df0                OTG_HS_IRQHandler
                0x08000df0                DMA2D_IRQHandler
                0x08000df0                TIM1_BRK_IRQHandler
                0x08000df0                EXTI1_IRQHandler
                0x08000df0                SDMMC2_IRQHandler
                0x08000df0                OTG_FS_EP1_OUT_IRQHandler
                0x08000df0                BDMA_Channel3_IRQHandler
                0x08000df0                UART7_IRQHandler
                0x08000df0                MDIOS_WKUP_IRQHandler
                0x08000df0                USART2_IRQHandler
                0x08000df0                DFSDM1_FLT0_IRQHandler
                0x08000df0                SAI4_IRQHandler
                0x08000df0                I2C2_ER_IRQHandler
                0x08000df0                DMA2_Stream1_IRQHandler
                0x08000df0                FLASH_IRQHandler
                0x08000df0                DMA2_Stream4_IRQHandler
                0x08000df0                USART1_IRQHandler
                0x08000df0                OTG_FS_IRQHandler
                0x08000df0                SPI3_IRQHandler
                0x08000df0                WAKEUP_PIN_IRQHandler
                0x08000df0                DMA1_Stream4_IRQHandler
                0x08000df0                OTG_FS_EP1_IN_IRQHandler
                0x08000df0                I2C1_ER_IRQHandler
                0x08000df0                FMC_IRQHandler
                0x08000df0                FDCAN_CAL_IRQHandler
                0x08000df0                SWPMI1_IRQHandler
                0x08000df0                COMP1_IRQHandler
                0x08000df0                LPTIM1_IRQHandler
                0x08000df0                I2C4_ER_IRQHandler
                0x08000df0                DMA2_Stream6_IRQHandler
                0x08000df0                SAI1_IRQHandler
                0x08000df0                DMA1_Stream3_IRQHandler
 *fill*         0x08000df2        0x2 
 .text.HAL_Init
                0x08000df4       0x78 ./Drivers/STM32H7xx_HAL_Driver/Src/stm32h7xx_hal.o
                0x08000df4                HAL_Init
 .text.HAL_IncTick
                0x08000e6c       0x28 ./Drivers/STM32H7xx_HAL_Driver/Src/stm32h7xx_hal.o
                0x08000e6c                HAL_IncTick
 .text.HAL_GetTick
                0x08000e94       0x18 ./Drivers/STM32H7xx_HAL_Driver/Src/stm32h7xx_hal.o
                0x08000e94                HAL_GetTick
 .text.HAL_GetREVID
                0x08000eac       0x18 ./Drivers/STM32H7xx_HAL_Driver/Src/stm32h7xx_hal.o
                0x08000eac                HAL_GetREVID
 .text.__NVIC_SetPriorityGrouping
                0x08000ec4       0x48 ./Drivers/STM32H7xx_HAL_Driver/Src/stm32h7xx_hal_cortex.o
 .text.__NVIC_GetPriorityGrouping
                0x08000f0c       0x1c ./Drivers/STM32H7xx_HAL_Driver/Src/stm32h7xx_hal_cortex.o
 .text.__NVIC_EnableIRQ
                0x08000f28       0x3c ./Drivers/STM32H7xx_HAL_Driver/Src/stm32h7xx_hal_cortex.o
 .text.__NVIC_SetPriority
                0x08000f64       0x54 ./Drivers/STM32H7xx_HAL_Driver/Src/stm32h7xx_hal_cortex.o
 .text.NVIC_EncodePriority
                0x08000fb8       0x66 ./Drivers/STM32H7xx_HAL_Driver/Src/stm32h7xx_hal_cortex.o
 .text.HAL_NVIC_SetPriorityGrouping
                0x0800101e       0x16 ./Drivers/STM32H7xx_HAL_Driver/Src/stm32h7xx_hal_cortex.o
                0x0800101e                HAL_NVIC_SetPriorityGrouping
 .text.HAL_NVIC_SetPriority
                0x08001034       0x34 ./Drivers/STM32H7xx_HAL_Driver/Src/stm32h7xx_hal_cortex.o
                0x08001034                HAL_NVIC_SetPriority
 .text.HAL_NVIC_EnableIRQ
                0x08001068       0x1c ./Drivers/STM32H7xx_HAL_Driver/Src/stm32h7xx_hal_cortex.o
                0x08001068                HAL_NVIC_EnableIRQ
 .text.HAL_MPU_Disable
                0x08001084       0x30 ./Drivers/STM32H7xx_HAL_Driver/Src/stm32h7xx_hal_cortex.o
                0x08001084                HAL_MPU_Disable
 .text.HAL_MPU_Enable
                0x080010b4       0x40 ./Drivers/STM32H7xx_HAL_Driver/Src/stm32h7xx_hal_cortex.o
                0x080010b4                HAL_MPU_Enable
 .text.HAL_MPU_ConfigRegion
                0x080010f4       0x80 ./Drivers/STM32H7xx_HAL_Driver/Src/stm32h7xx_hal_cortex.o
                0x080010f4                HAL_MPU_ConfigRegion
 .text.HAL_GPIO_Init
                0x08001174      0x360 ./Drivers/STM32H7xx_HAL_Driver/Src/stm32h7xx_hal_gpio.o
                0x08001174                HAL_GPIO_Init
 .text.HAL_GPIO_WritePin
                0x080014d4       0x32 ./Drivers/STM32H7xx_HAL_Driver/Src/stm32h7xx_hal_gpio.o
                0x080014d4                HAL_GPIO_WritePin
 *fill*         0x08001506        0x2 
 .text.HAL_PWREx_ConfigSupply
                0x08001508       0x74 ./Drivers/STM32H7xx_HAL_Driver/Src/stm32h7xx_hal_pwr_ex.o
                0x08001508                HAL_PWREx_ConfigSupply
 .text.HAL_RCC_OscConfig
                0x0800157c      0x8b4 ./Drivers/STM32H7xx_HAL_Driver/Src/stm32h7xx_hal_rcc.o
                0x0800157c                HAL_RCC_OscConfig
 .text.HAL_RCC_ClockConfig
                0x08001e30      0x36c ./Drivers/STM32H7xx_HAL_Driver/Src/stm32h7xx_hal_rcc.o
                0x08001e30                HAL_RCC_ClockConfig
 .text.HAL_RCC_GetSysClockFreq
                0x0800219c      0x2f4 ./Drivers/STM32H7xx_HAL_Driver/Src/stm32h7xx_hal_rcc.o
                0x0800219c                HAL_RCC_GetSysClockFreq
 .text.HAL_RCC_GetHCLKFreq
                0x08002490       0x60 ./Drivers/STM32H7xx_HAL_Driver/Src/stm32h7xx_hal_rcc.o
                0x08002490                HAL_RCC_GetHCLKFreq
 .text.HAL_RCC_GetPCLK1Freq
                0x080024f0       0x2c ./Drivers/STM32H7xx_HAL_Driver/Src/stm32h7xx_hal_rcc.o
                0x080024f0                HAL_RCC_GetPCLK1Freq
 .text.HAL_RCC_GetClockConfig
                0x0800251c       0x84 ./Drivers/STM32H7xx_HAL_Driver/Src/stm32h7xx_hal_rcc.o
                0x0800251c                HAL_RCC_GetClockConfig
 .text.HAL_RCCEx_PeriphCLKConfig
                0x080025a0     0x1414 ./Drivers/STM32H7xx_HAL_Driver/Src/stm32h7xx_hal_rcc_ex.o
                0x080025a0                HAL_RCCEx_PeriphCLKConfig
 .text.RCCEx_PLL2_Config
                0x080039b4      0x164 ./Drivers/STM32H7xx_HAL_Driver/Src/stm32h7xx_hal_rcc_ex.o
 .text.RCCEx_PLL3_Config
                0x08003b18      0x164 ./Drivers/STM32H7xx_HAL_Driver/Src/stm32h7xx_hal_rcc_ex.o
 .text.HAL_RTC_Init
                0x08003c7c      0x104 ./Drivers/STM32H7xx_HAL_Driver/Src/stm32h7xx_hal_rtc.o
                0x08003c7c                HAL_RTC_Init
 .text.HAL_RTC_GetTime
                0x08003d80       0xb8 ./Drivers/STM32H7xx_HAL_Driver/Src/stm32h7xx_hal_rtc.o
                0x08003d80                HAL_RTC_GetTime
 .text.HAL_RTC_GetDate
                0x08003e38       0x9c ./Drivers/STM32H7xx_HAL_Driver/Src/stm32h7xx_hal_rtc.o
                0x08003e38                HAL_RTC_GetDate
 .text.HAL_RTC_WaitForSynchro
                0x08003ed4       0x48 ./Drivers/STM32H7xx_HAL_Driver/Src/stm32h7xx_hal_rtc.o
                0x08003ed4                HAL_RTC_WaitForSynchro
 .text.RTC_EnterInitMode
                0x08003f1c       0x66 ./Drivers/STM32H7xx_HAL_Driver/Src/stm32h7xx_hal_rtc.o
                0x08003f1c                RTC_EnterInitMode
 *fill*         0x08003f82        0x2 
 .text.RTC_ExitInitMode
                0x08003f84       0x7c ./Drivers/STM32H7xx_HAL_Driver/Src/stm32h7xx_hal_rtc.o
                0x08003f84                RTC_ExitInitMode
 .text.RTC_Bcd2ToByte
                0x08004000       0x34 ./Drivers/STM32H7xx_HAL_Driver/Src/stm32h7xx_hal_rtc.o
                0x08004000                RTC_Bcd2ToByte
 .text.HAL_TIM_Base_Init
                0x08004034       0xae ./Drivers/STM32H7xx_HAL_Driver/Src/stm32h7xx_hal_tim.o
                0x08004034                HAL_TIM_Base_Init
 .text.HAL_TIM_Base_MspInit
                0x080040e2       0x14 ./Drivers/STM32H7xx_HAL_Driver/Src/stm32h7xx_hal_tim.o
                0x080040e2                HAL_TIM_Base_MspInit
 *fill*         0x080040f6        0x2 
 .text.HAL_TIM_Base_Start_IT
                0x080040f8       0xf0 ./Drivers/STM32H7xx_HAL_Driver/Src/stm32h7xx_hal_tim.o
                0x080040f8                HAL_TIM_Base_Start_IT
 .text.HAL_TIM_IRQHandler
                0x080041e8      0x20e ./Drivers/STM32H7xx_HAL_Driver/Src/stm32h7xx_hal_tim.o
                0x080041e8                HAL_TIM_IRQHandler
 .text.HAL_TIM_OC_DelayElapsedCallback
                0x080043f6       0x14 ./Drivers/STM32H7xx_HAL_Driver/Src/stm32h7xx_hal_tim.o
                0x080043f6                HAL_TIM_OC_DelayElapsedCallback
 .text.HAL_TIM_IC_CaptureCallback
                0x0800440a       0x14 ./Drivers/STM32H7xx_HAL_Driver/Src/stm32h7xx_hal_tim.o
                0x0800440a                HAL_TIM_IC_CaptureCallback
 .text.HAL_TIM_PWM_PulseFinishedCallback
                0x0800441e       0x14 ./Drivers/STM32H7xx_HAL_Driver/Src/stm32h7xx_hal_tim.o
                0x0800441e                HAL_TIM_PWM_PulseFinishedCallback
 .text.HAL_TIM_TriggerCallback
                0x08004432       0x14 ./Drivers/STM32H7xx_HAL_Driver/Src/stm32h7xx_hal_tim.o
                0x08004432                HAL_TIM_TriggerCallback
 *fill*         0x08004446        0x2 
 .text.TIM_Base_SetConfig
                0x08004448      0x140 ./Drivers/STM32H7xx_HAL_Driver/Src/stm32h7xx_hal_tim.o
                0x08004448                TIM_Base_SetConfig
 .text.HAL_TIMEx_CommutCallback
                0x08004588       0x14 ./Drivers/STM32H7xx_HAL_Driver/Src/stm32h7xx_hal_tim_ex.o
                0x08004588                HAL_TIMEx_CommutCallback
 .text.HAL_TIMEx_BreakCallback
                0x0800459c       0x14 ./Drivers/STM32H7xx_HAL_Driver/Src/stm32h7xx_hal_tim_ex.o
                0x0800459c                HAL_TIMEx_BreakCallback
 .text.HAL_TIMEx_Break2Callback
                0x080045b0       0x14 ./Drivers/STM32H7xx_HAL_Driver/Src/stm32h7xx_hal_tim_ex.o
                0x080045b0                HAL_TIMEx_Break2Callback
 .text.elog_port_init
                0x080045c4       0x18 ./Middlewares/Third_Party/EasyLogger/port/elog_port.o
                0x080045c4                elog_port_init
 .text.elog_port_output
                0x080045dc       0x1c ./Middlewares/Third_Party/EasyLogger/port/elog_port.o
                0x080045dc                elog_port_output
 .text.elog_port_output_lock
                0x080045f8       0x12 ./Middlewares/Third_Party/EasyLogger/port/elog_port.o
                0x080045f8                elog_port_output_lock
 .text.elog_port_output_unlock
                0x0800460a       0x12 ./Middlewares/Third_Party/EasyLogger/port/elog_port.o
                0x0800460a                elog_port_output_unlock
 .text.elog_port_get_time
                0x0800461c       0x4c ./Middlewares/Third_Party/EasyLogger/port/elog_port.o
                0x0800461c                elog_port_get_time
 .text.elog_port_get_p_info
                0x08004668       0x14 ./Middlewares/Third_Party/EasyLogger/port/elog_port.o
                0x08004668                elog_port_get_p_info
 .text.elog_port_get_t_info
                0x0800467c       0x14 ./Middlewares/Third_Party/EasyLogger/port/elog_port.o
                0x0800467c                elog_port_get_t_info
 .text.elog_init
                0x08004690       0x68 ./Middlewares/Third_Party/EasyLogger/src/elog.o
                0x08004690                elog_init
 .text.elog_start
                0x080046f8       0x54 ./Middlewares/Third_Party/EasyLogger/src/elog.o
                0x080046f8                elog_start
 .text.elog_set_output_enabled
                0x0800474c       0x88 ./Middlewares/Third_Party/EasyLogger/src/elog.o
                0x0800474c                elog_set_output_enabled
 .text.elog_set_text_color_enabled
                0x080047d4       0x88 ./Middlewares/Third_Party/EasyLogger/src/elog.o
                0x080047d4                elog_set_text_color_enabled
 .text.elog_set_fmt
                0x0800485c       0x80 ./Middlewares/Third_Party/EasyLogger/src/elog.o
                0x0800485c                elog_set_fmt
 .text.elog_set_filter_lvl
                0x080048dc       0x78 ./Middlewares/Third_Party/EasyLogger/src/elog.o
                0x080048dc                elog_set_filter_lvl
 .text.elog_output_lock
                0x08004954       0x2c ./Middlewares/Third_Party/EasyLogger/src/elog.o
                0x08004954                elog_output_lock
 .text.elog_output_unlock
                0x08004980       0x2c ./Middlewares/Third_Party/EasyLogger/src/elog.o
                0x08004980                elog_output_unlock
 .text.elog_set_filter_tag_lvl_default
                0x080049ac       0x68 ./Middlewares/Third_Party/EasyLogger/src/elog.o
 .text.elog_get_filter_tag_lvl
                0x08004a14       0xf0 ./Middlewares/Third_Party/EasyLogger/src/elog.o
                0x08004a14                elog_get_filter_tag_lvl
 .text.elog_output
                0x08004b04      0x588 ./Middlewares/Third_Party/EasyLogger/src/elog.o
                0x08004b04                elog_output
 .text.get_fmt_enabled
                0x0800508c       0x8c ./Middlewares/Third_Party/EasyLogger/src/elog.o
 .text.get_fmt_used_and_enabled_u32
                0x08005118       0x38 ./Middlewares/Third_Party/EasyLogger/src/elog.o
 .text.get_fmt_used_and_enabled_ptr
                0x08005150       0x38 ./Middlewares/Third_Party/EasyLogger/src/elog.o
 .text.elog_output_lock_enabled
                0x08005188       0x68 ./Middlewares/Third_Party/EasyLogger/src/elog.o
                0x08005188                elog_output_lock_enabled
 .text.app_elog_init
                0x080051f0       0x46 ./Middlewares/Third_Party/EasyLogger/src/elog.o
                0x080051f0                app_elog_init
 *fill*         0x08005236        0x2 
 .text.elog_strcpy
                0x08005238       0x7c ./Middlewares/Third_Party/EasyLogger/src/elog_utils.o
                0x08005238                elog_strcpy
 .text.__NVIC_SetPriority
                0x080052b4       0x54 ./Middlewares/Third_Party/FreeRTOS/Source/CMSIS_RTOS_V2/cmsis_os2.o
 .text.SysTick_Handler
                0x08005308       0x20 ./Middlewares/Third_Party/FreeRTOS/Source/CMSIS_RTOS_V2/cmsis_os2.o
                0x08005308                SysTick_Handler
 .text.SVC_Setup
                0x08005328       0x12 ./Middlewares/Third_Party/FreeRTOS/Source/CMSIS_RTOS_V2/cmsis_os2.o
 *fill*         0x0800533a        0x2 
 .text.osKernelInitialize
                0x0800533c       0x48 ./Middlewares/Third_Party/FreeRTOS/Source/CMSIS_RTOS_V2/cmsis_os2.o
                0x0800533c                osKernelInitialize
 .text.osKernelStart
                0x08005384       0x4c ./Middlewares/Third_Party/FreeRTOS/Source/CMSIS_RTOS_V2/cmsis_os2.o
                0x08005384                osKernelStart
 .text.osThreadNew
                0x080053d0      0x124 ./Middlewares/Third_Party/FreeRTOS/Source/CMSIS_RTOS_V2/cmsis_os2.o
                0x080053d0                osThreadNew
 .text.osMessageQueueNew
                0x080054f4       0xe6 ./Middlewares/Third_Party/FreeRTOS/Source/CMSIS_RTOS_V2/cmsis_os2.o
                0x080054f4                osMessageQueueNew
 *fill*         0x080055da        0x2 
 .text.vApplicationGetIdleTaskMemory
                0x080055dc       0x34 ./Middlewares/Third_Party/FreeRTOS/Source/CMSIS_RTOS_V2/cmsis_os2.o
                0x080055dc                vApplicationGetIdleTaskMemory
 .text.vApplicationGetTimerTaskMemory
                0x08005610       0x34 ./Middlewares/Third_Party/FreeRTOS/Source/CMSIS_RTOS_V2/cmsis_os2.o
                0x08005610                vApplicationGetTimerTaskMemory
 .text.vListInitialise
                0x08005644       0x40 ./Middlewares/Third_Party/FreeRTOS/Source/list.o
                0x08005644                vListInitialise
 .text.vListInitialiseItem
                0x08005684       0x1a ./Middlewares/Third_Party/FreeRTOS/Source/list.o
                0x08005684                vListInitialiseItem
 .text.vListInsertEnd
                0x0800569e       0x48 ./Middlewares/Third_Party/FreeRTOS/Source/list.o
                0x0800569e                vListInsertEnd
 .text.vListInsert
                0x080056e6       0x72 ./Middlewares/Third_Party/FreeRTOS/Source/list.o
                0x080056e6                vListInsert
 .text.uxListRemove
                0x08005758       0x54 ./Middlewares/Third_Party/FreeRTOS/Source/list.o
                0x08005758                uxListRemove
 .text.xQueueGenericReset
                0x080057ac       0xd4 ./Middlewares/Third_Party/FreeRTOS/Source/queue.o
                0x080057ac                xQueueGenericReset
 .text.xQueueGenericCreateStatic
                0x08005880       0xfa ./Middlewares/Third_Party/FreeRTOS/Source/queue.o
                0x08005880                xQueueGenericCreateStatic
 .text.xQueueGenericCreate
                0x0800597a       0x76 ./Middlewares/Third_Party/FreeRTOS/Source/queue.o
                0x0800597a                xQueueGenericCreate
 .text.prvInitialiseNewQueue
                0x080059f0       0x46 ./Middlewares/Third_Party/FreeRTOS/Source/queue.o
 *fill*         0x08005a36        0x2 
 .text.xQueueGenericSend
                0x08005a38      0x204 ./Middlewares/Third_Party/FreeRTOS/Source/queue.o
                0x08005a38                xQueueGenericSend
 .text.xQueueGenericSendFromISR
                0x08005c3c      0x13c ./Middlewares/Third_Party/FreeRTOS/Source/queue.o
                0x08005c3c                xQueueGenericSendFromISR
 .text.xQueueReceive
                0x08005d78      0x1c4 ./Middlewares/Third_Party/FreeRTOS/Source/queue.o
                0x08005d78                xQueueReceive
 .text.prvCopyDataToQueue
                0x08005f3c       0xd4 ./Middlewares/Third_Party/FreeRTOS/Source/queue.o
 .text.prvCopyDataFromQueue
                0x08006010       0x4c ./Middlewares/Third_Party/FreeRTOS/Source/queue.o
 .text.prvUnlockQueue
                0x0800605c       0xa4 ./Middlewares/Third_Party/FreeRTOS/Source/queue.o
 .text.prvIsQueueEmpty
                0x08006100       0x2c ./Middlewares/Third_Party/FreeRTOS/Source/queue.o
 .text.prvIsQueueFull
                0x0800612c       0x30 ./Middlewares/Third_Party/FreeRTOS/Source/queue.o
 .text.vQueueAddToRegistry
                0x0800615c       0x54 ./Middlewares/Third_Party/FreeRTOS/Source/queue.o
                0x0800615c                vQueueAddToRegistry
 .text.vQueueWaitForMessageRestricted
                0x080061b0       0x68 ./Middlewares/Third_Party/FreeRTOS/Source/queue.o
                0x080061b0                vQueueWaitForMessageRestricted
 .text.xTaskCreateStatic
                0x08006218       0xc0 ./Middlewares/Third_Party/FreeRTOS/Source/tasks.o
                0x08006218                xTaskCreateStatic
 .text.xTaskCreate
                0x080062d8       0x8a ./Middlewares/Third_Party/FreeRTOS/Source/tasks.o
                0x080062d8                xTaskCreate
 *fill*         0x08006362        0x2 
 .text.prvInitialiseNewTask
                0x08006364      0x150 ./Middlewares/Third_Party/FreeRTOS/Source/tasks.o
 .text.prvAddNewTaskToReadyList
                0x080064b4       0xe0 ./Middlewares/Third_Party/FreeRTOS/Source/tasks.o
 .text.vTaskDelay
                0x08006594       0x6c ./Middlewares/Third_Party/FreeRTOS/Source/tasks.o
                0x08006594                vTaskDelay
 .text.vTaskStartScheduler
                0x08006600       0xe0 ./Middlewares/Third_Party/FreeRTOS/Source/tasks.o
                0x08006600                vTaskStartScheduler
 .text.vTaskSuspendAll
                0x080066e0       0x1c ./Middlewares/Third_Party/FreeRTOS/Source/tasks.o
                0x080066e0                vTaskSuspendAll
 .text.xTaskResumeAll
                0x080066fc      0x13c ./Middlewares/Third_Party/FreeRTOS/Source/tasks.o
                0x080066fc                xTaskResumeAll
 .text.xTaskGetTickCount
                0x08006838       0x20 ./Middlewares/Third_Party/FreeRTOS/Source/tasks.o
                0x08006838                xTaskGetTickCount
 .text.xTaskIncrementTick
                0x08006858      0x174 ./Middlewares/Third_Party/FreeRTOS/Source/tasks.o
                0x08006858                xTaskIncrementTick
 .text.vTaskSwitchContext
                0x080069cc       0xcc ./Middlewares/Third_Party/FreeRTOS/Source/tasks.o
                0x080069cc                vTaskSwitchContext
 .text.vTaskPlaceOnEventList
                0x08006a98       0x4c ./Middlewares/Third_Party/FreeRTOS/Source/tasks.o
                0x08006a98                vTaskPlaceOnEventList
 .text.vTaskPlaceOnEventListRestricted
                0x08006ae4       0x58 ./Middlewares/Third_Party/FreeRTOS/Source/tasks.o
                0x08006ae4                vTaskPlaceOnEventListRestricted
 .text.xTaskRemoveFromEventList
                0x08006b3c       0xc8 ./Middlewares/Third_Party/FreeRTOS/Source/tasks.o
                0x08006b3c                xTaskRemoveFromEventList
 .text.vTaskInternalSetTimeOutState
                0x08006c04       0x2c ./Middlewares/Third_Party/FreeRTOS/Source/tasks.o
                0x08006c04                vTaskInternalSetTimeOutState
 .text.xTaskCheckForTimeOut
                0x08006c30       0xc8 ./Middlewares/Third_Party/FreeRTOS/Source/tasks.o
                0x08006c30                xTaskCheckForTimeOut
 .text.vTaskMissedYield
                0x08006cf8       0x18 ./Middlewares/Third_Party/FreeRTOS/Source/tasks.o
                0x08006cf8                vTaskMissedYield
 .text.prvIdleTask
                0x08006d10       0x30 ./Middlewares/Third_Party/FreeRTOS/Source/tasks.o
 .text.prvInitialiseTaskLists
                0x08006d40       0x80 ./Middlewares/Third_Party/FreeRTOS/Source/tasks.o
 .text.prvCheckTasksWaitingTermination
                0x08006dc0       0x5c ./Middlewares/Third_Party/FreeRTOS/Source/tasks.o
 .text.prvDeleteTCB
                0x08006e1c       0x6a ./Middlewares/Third_Party/FreeRTOS/Source/tasks.o
 *fill*         0x08006e86        0x2 
 .text.prvResetNextTaskUnblockTime
                0x08006e88       0x40 ./Middlewares/Third_Party/FreeRTOS/Source/tasks.o
 .text.xTaskGetSchedulerState
                0x08006ec8       0x3c ./Middlewares/Third_Party/FreeRTOS/Source/tasks.o
                0x08006ec8                xTaskGetSchedulerState
 .text.xTaskPriorityDisinherit
                0x08006f04       0xe0 ./Middlewares/Third_Party/FreeRTOS/Source/tasks.o
                0x08006f04                xTaskPriorityDisinherit
 .text.prvAddCurrentTaskToDelayedList
                0x08006fe4       0xa8 ./Middlewares/Third_Party/FreeRTOS/Source/tasks.o
 .text.xTimerCreateTimerTask
                0x0800708c       0x94 ./Middlewares/Third_Party/FreeRTOS/Source/timers.o
                0x0800708c                xTimerCreateTimerTask
 .text.xTimerGenericCommand
                0x08007120       0x9c ./Middlewares/Third_Party/FreeRTOS/Source/timers.o
                0x08007120                xTimerGenericCommand
 .text.prvProcessExpiredTimer
                0x080071bc       0x9c ./Middlewares/Third_Party/FreeRTOS/Source/timers.o
 .text.prvTimerTask
                0x08007258       0x26 ./Middlewares/Third_Party/FreeRTOS/Source/timers.o
 *fill*         0x0800727e        0x2 
 .text.prvProcessTimerOrBlockTask
                0x08007280       0x9c ./Middlewares/Third_Party/FreeRTOS/Source/timers.o
 .text.prvGetNextExpireTime
                0x0800731c       0x48 ./Middlewares/Third_Party/FreeRTOS/Source/timers.o
 .text.prvSampleTimeNow
                0x08007364       0x40 ./Middlewares/Third_Party/FreeRTOS/Source/timers.o
 .text.prvInsertTimerInActiveList
                0x080073a4       0x84 ./Middlewares/Third_Party/FreeRTOS/Source/timers.o
 .text.prvProcessReceivedCommands
                0x08007428      0x1cc ./Middlewares/Third_Party/FreeRTOS/Source/timers.o
 .text.prvSwitchTimerLists
                0x080075f4       0xcc ./Middlewares/Third_Party/FreeRTOS/Source/timers.o
 .text.prvCheckForValidListAndQueue
                0x080076c0       0x80 ./Middlewares/Third_Party/FreeRTOS/Source/timers.o
 .text.pxPortInitialiseStack
                0x08007740       0x68 ./Middlewares/Third_Party/FreeRTOS/Source/portable/GCC/ARM_CM4F/port.o
                0x08007740                pxPortInitialiseStack
 .text.prvTaskExitError
                0x080077a8       0x5c ./Middlewares/Third_Party/FreeRTOS/Source/portable/GCC/ARM_CM4F/port.o
 *fill*         0x08007804        0xc 
 .text.SVC_Handler
                0x08007810       0x28 ./Middlewares/Third_Party/FreeRTOS/Source/portable/GCC/ARM_CM4F/port.o
                0x08007810                SVC_Handler
 .text.prvPortStartFirstTask
                0x08007838       0x28 ./Middlewares/Third_Party/FreeRTOS/Source/portable/GCC/ARM_CM4F/port.o
 .text.xPortStartScheduler
                0x08007860      0x148 ./Middlewares/Third_Party/FreeRTOS/Source/portable/GCC/ARM_CM4F/port.o
                0x08007860                xPortStartScheduler
 .text.vPortEnterCritical
                0x080079a8       0x64 ./Middlewares/Third_Party/FreeRTOS/Source/portable/GCC/ARM_CM4F/port.o
                0x080079a8                vPortEnterCritical
 .text.vPortExitCritical
                0x08007a0c       0x54 ./Middlewares/Third_Party/FreeRTOS/Source/portable/GCC/ARM_CM4F/port.o
                0x08007a0c                vPortExitCritical
 .text.PendSV_Handler
                0x08007a60       0x68 ./Middlewares/Third_Party/FreeRTOS/Source/portable/GCC/ARM_CM4F/port.o
                0x08007a60                PendSV_Handler
 .text.xPortSysTickHandler
                0x08007ac8       0x44 ./Middlewares/Third_Party/FreeRTOS/Source/portable/GCC/ARM_CM4F/port.o
                0x08007ac8                xPortSysTickHandler
 .text.vPortSetupTimerInterrupt
                0x08007b0c       0x48 ./Middlewares/Third_Party/FreeRTOS/Source/portable/GCC/ARM_CM4F/port.o
                0x08007b0c                vPortSetupTimerInterrupt
 .text.vPortEnableVFP
                0x08007b54       0x14 ./Middlewares/Third_Party/FreeRTOS/Source/portable/GCC/ARM_CM4F/port.o
 .text.vPortValidateInterruptPriority
                0x08007b68       0x84 ./Middlewares/Third_Party/FreeRTOS/Source/portable/GCC/ARM_CM4F/port.o
                0x08007b68                vPortValidateInterruptPriority
 .text.pvPortMalloc
                0x08007bec      0x19c ./Middlewares/Third_Party/FreeRTOS/Source/portable/MemMang/heap_4.o
                0x08007bec                pvPortMalloc
 .text.vPortFree
                0x08007d88       0xc8 ./Middlewares/Third_Party/FreeRTOS/Source/portable/MemMang/heap_4.o
                0x08007d88                vPortFree
 .text.prvHeapInit
                0x08007e50       0xc4 ./Middlewares/Third_Party/FreeRTOS/Source/portable/MemMang/heap_4.o
 .text.prvInsertBlockIntoFreeList
                0x08007f14       0xb4 ./Middlewares/Third_Party/FreeRTOS/Source/portable/MemMang/heap_4.o
 .text._DoInit  0x08007fc8       0xb4 ./Middlewares/Third_Party/RTT/SEGGER_RTT.o
 .text._WriteBlocking
                0x0800807c       0xba ./Middlewares/Third_Party/RTT/SEGGER_RTT.o
 .text._WriteNoCheck
                0x08008136       0x90 ./Middlewares/Third_Party/RTT/SEGGER_RTT.o
 .text._GetAvailWriteSpace
                0x080081c6       0x46 ./Middlewares/Third_Party/RTT/SEGGER_RTT.o
 .text.SEGGER_RTT_WriteNoLock
                0x0800820c       0xa0 ./Middlewares/Third_Party/RTT/SEGGER_RTT.o
                0x0800820c                SEGGER_RTT_WriteNoLock
 .text.SEGGER_RTT_Write
                0x080082ac       0x4c ./Middlewares/Third_Party/RTT/SEGGER_RTT.o
                0x080082ac                SEGGER_RTT_Write
 .text._StoreChar
                0x080082f8       0x7c ./Middlewares/Third_Party/RTT/SEGGER_RTT_printf.o
 .text._PrintUnsigned
                0x08008374      0x158 ./Middlewares/Third_Party/RTT/SEGGER_RTT_printf.o
 .text._PrintInt
                0x080084cc      0x14e ./Middlewares/Third_Party/RTT/SEGGER_RTT_printf.o
 *fill*         0x0800861a        0x2 
 .text.SEGGER_RTT_vprintf
                0x0800861c      0x420 ./Middlewares/Third_Party/RTT/SEGGER_RTT_printf.o
                0x0800861c                SEGGER_RTT_vprintf
 .text.SEGGER_RTT_printf
                0x08008a3c       0x30 ./Middlewares/Third_Party/RTT/SEGGER_RTT_printf.o
                0x08008a3c                SEGGER_RTT_printf
 .text.__assert_func
                0x08008a6c       0x3c C:/STMicroelectronics/STM32Cube/STM32CubeIDE/STM32CubeIDE_1.18.0/STM32CubeIDE/plugins/com.st.stm32cube.ide.mcu.externaltools.gnu-tools-for-stm32.13.3.rel1.win32_1.0.0.202411081344/tools/bin/../lib/gcc/arm-none-eabi/13.3.1/../../../../arm-none-eabi/lib/thumb/v7e-m+dp/hard\libc_nano.a(libc_a-assert.o)
                0x08008a6c                __assert_func
 .text.std      0x08008aa8       0x6c C:/STMicroelectronics/STM32Cube/STM32CubeIDE/STM32CubeIDE_1.18.0/STM32CubeIDE/plugins/com.st.stm32cube.ide.mcu.externaltools.gnu-tools-for-stm32.13.3.rel1.win32_1.0.0.202411081344/tools/bin/../lib/gcc/arm-none-eabi/13.3.1/../../../../arm-none-eabi/lib/thumb/v7e-m+dp/hard\libc_nano.a(libc_a-findfp.o)
 .text.stdio_exit_handler
                0x08008b14       0x18 C:/STMicroelectronics/STM32Cube/STM32CubeIDE/STM32CubeIDE_1.18.0/STM32CubeIDE/plugins/com.st.stm32cube.ide.mcu.externaltools.gnu-tools-for-stm32.13.3.rel1.win32_1.0.0.202411081344/tools/bin/../lib/gcc/arm-none-eabi/13.3.1/../../../../arm-none-eabi/lib/thumb/v7e-m+dp/hard\libc_nano.a(libc_a-findfp.o)
 .text.cleanup_stdio
                0x08008b2c       0x40 C:/STMicroelectronics/STM32Cube/STM32CubeIDE/STM32CubeIDE_1.18.0/STM32CubeIDE/plugins/com.st.stm32cube.ide.mcu.externaltools.gnu-tools-for-stm32.13.3.rel1.win32_1.0.0.202411081344/tools/bin/../lib/gcc/arm-none-eabi/13.3.1/../../../../arm-none-eabi/lib/thumb/v7e-m+dp/hard\libc_nano.a(libc_a-findfp.o)
 .text.global_stdio_init.part.0
                0x08008b6c       0x3c C:/STMicroelectronics/STM32Cube/STM32CubeIDE/STM32CubeIDE_1.18.0/STM32CubeIDE/plugins/com.st.stm32cube.ide.mcu.externaltools.gnu-tools-for-stm32.13.3.rel1.win32_1.0.0.202411081344/tools/bin/../lib/gcc/arm-none-eabi/13.3.1/../../../../arm-none-eabi/lib/thumb/v7e-m+dp/hard\libc_nano.a(libc_a-findfp.o)
 .text.__sfp_lock_acquire
                0x08008ba8        0xc C:/STMicroelectronics/STM32Cube/STM32CubeIDE/STM32CubeIDE_1.18.0/STM32CubeIDE/plugins/com.st.stm32cube.ide.mcu.externaltools.gnu-tools-for-stm32.13.3.rel1.win32_1.0.0.202411081344/tools/bin/../lib/gcc/arm-none-eabi/13.3.1/../../../../arm-none-eabi/lib/thumb/v7e-m+dp/hard\libc_nano.a(libc_a-findfp.o)
                0x08008ba8                __sfp_lock_acquire
 .text.__sfp_lock_release
                0x08008bb4        0xc C:/STMicroelectronics/STM32Cube/STM32CubeIDE/STM32CubeIDE_1.18.0/STM32CubeIDE/plugins/com.st.stm32cube.ide.mcu.externaltools.gnu-tools-for-stm32.13.3.rel1.win32_1.0.0.202411081344/tools/bin/../lib/gcc/arm-none-eabi/13.3.1/../../../../arm-none-eabi/lib/thumb/v7e-m+dp/hard\libc_nano.a(libc_a-findfp.o)
                0x08008bb4                __sfp_lock_release
 .text.__sinit  0x08008bc0       0x30 C:/STMicroelectronics/STM32Cube/STM32CubeIDE/STM32CubeIDE_1.18.0/STM32CubeIDE/plugins/com.st.stm32cube.ide.mcu.externaltools.gnu-tools-for-stm32.13.3.rel1.win32_1.0.0.202411081344/tools/bin/../lib/gcc/arm-none-eabi/13.3.1/../../../../arm-none-eabi/lib/thumb/v7e-m+dp/hard\libc_nano.a(libc_a-findfp.o)
                0x08008bc0                __sinit
 .text.fprintf  0x08008bf0       0x24 C:/STMicroelectronics/STM32Cube/STM32CubeIDE/STM32CubeIDE_1.18.0/STM32CubeIDE/plugins/com.st.stm32cube.ide.mcu.externaltools.gnu-tools-for-stm32.13.3.rel1.win32_1.0.0.202411081344/tools/bin/../lib/gcc/arm-none-eabi/13.3.1/../../../../arm-none-eabi/lib/thumb/v7e-m+dp/hard\libc_nano.a(libc_a-fprintf.o)
                0x08008bf0                fiprintf
                0x08008bf0                fprintf
 .text._fwalk_sglue
                0x08008c14       0x3c C:/STMicroelectronics/STM32Cube/STM32CubeIDE/STM32CubeIDE_1.18.0/STM32CubeIDE/plugins/com.st.stm32cube.ide.mcu.externaltools.gnu-tools-for-stm32.13.3.rel1.win32_1.0.0.202411081344/tools/bin/../lib/gcc/arm-none-eabi/13.3.1/../../../../arm-none-eabi/lib/thumb/v7e-m+dp/hard\libc_nano.a(libc_a-fwalk.o)
                0x08008c14                _fwalk_sglue
 .text.snprintf
                0x08008c50       0x6c C:/STMicroelectronics/STM32Cube/STM32CubeIDE/STM32CubeIDE_1.18.0/STM32CubeIDE/plugins/com.st.stm32cube.ide.mcu.externaltools.gnu-tools-for-stm32.13.3.rel1.win32_1.0.0.202411081344/tools/bin/../lib/gcc/arm-none-eabi/13.3.1/../../../../arm-none-eabi/lib/thumb/v7e-m+dp/hard\libc_nano.a(libc_a-snprintf.o)
                0x08008c50                sniprintf
                0x08008c50                snprintf
 .text.sprintf  0x08008cbc       0x44 C:/STMicroelectronics/STM32Cube/STM32CubeIDE/STM32CubeIDE_1.18.0/STM32CubeIDE/plugins/com.st.stm32cube.ide.mcu.externaltools.gnu-tools-for-stm32.13.3.rel1.win32_1.0.0.202411081344/tools/bin/../lib/gcc/arm-none-eabi/13.3.1/../../../../arm-none-eabi/lib/thumb/v7e-m+dp/hard\libc_nano.a(libc_a-sprintf.o)
                0x08008cbc                siprintf
                0x08008cbc                sprintf
 .text.__sread  0x08008d00       0x22 C:/STMicroelectronics/STM32Cube/STM32CubeIDE/STM32CubeIDE_1.18.0/STM32CubeIDE/plugins/com.st.stm32cube.ide.mcu.externaltools.gnu-tools-for-stm32.13.3.rel1.win32_1.0.0.202411081344/tools/bin/../lib/gcc/arm-none-eabi/13.3.1/../../../../arm-none-eabi/lib/thumb/v7e-m+dp/hard\libc_nano.a(libc_a-stdio.o)
                0x08008d00                __sread
 .text.__swrite
                0x08008d22       0x38 C:/STMicroelectronics/STM32Cube/STM32CubeIDE/STM32CubeIDE_1.18.0/STM32CubeIDE/plugins/com.st.stm32cube.ide.mcu.externaltools.gnu-tools-for-stm32.13.3.rel1.win32_1.0.0.202411081344/tools/bin/../lib/gcc/arm-none-eabi/13.3.1/../../../../arm-none-eabi/lib/thumb/v7e-m+dp/hard\libc_nano.a(libc_a-stdio.o)
                0x08008d22                __swrite
 .text.__sseek  0x08008d5a       0x24 C:/STMicroelectronics/STM32Cube/STM32CubeIDE/STM32CubeIDE_1.18.0/STM32CubeIDE/plugins/com.st.stm32cube.ide.mcu.externaltools.gnu-tools-for-stm32.13.3.rel1.win32_1.0.0.202411081344/tools/bin/../lib/gcc/arm-none-eabi/13.3.1/../../../../arm-none-eabi/lib/thumb/v7e-m+dp/hard\libc_nano.a(libc_a-stdio.o)
                0x08008d5a                __sseek
 .text.__sclose
                0x08008d7e        0x8 C:/STMicroelectronics/STM32Cube/STM32CubeIDE/STM32CubeIDE_1.18.0/STM32CubeIDE/plugins/com.st.stm32cube.ide.mcu.externaltools.gnu-tools-for-stm32.13.3.rel1.win32_1.0.0.202411081344/tools/bin/../lib/gcc/arm-none-eabi/13.3.1/../../../../arm-none-eabi/lib/thumb/v7e-m+dp/hard\libc_nano.a(libc_a-stdio.o)
                0x08008d7e                __sclose
 .text._vsnprintf_r
                0x08008d86       0x5c C:/STMicroelectronics/STM32Cube/STM32CubeIDE/STM32CubeIDE_1.18.0/STM32CubeIDE/plugins/com.st.stm32cube.ide.mcu.externaltools.gnu-tools-for-stm32.13.3.rel1.win32_1.0.0.202411081344/tools/bin/../lib/gcc/arm-none-eabi/13.3.1/../../../../arm-none-eabi/lib/thumb/v7e-m+dp/hard\libc_nano.a(libc_a-vsnprintf.o)
                0x08008d86                _vsniprintf_r
                0x08008d86                _vsnprintf_r
 *fill*         0x08008de2        0x2 
 .text.vsnprintf
                0x08008de4       0x1c C:/STMicroelectronics/STM32Cube/STM32CubeIDE/STM32CubeIDE_1.18.0/STM32CubeIDE/plugins/com.st.stm32cube.ide.mcu.externaltools.gnu-tools-for-stm32.13.3.rel1.win32_1.0.0.202411081344/tools/bin/../lib/gcc/arm-none-eabi/13.3.1/../../../../arm-none-eabi/lib/thumb/v7e-m+dp/hard\libc_nano.a(libc_a-vsnprintf.o)
                0x08008de4                vsniprintf
                0x08008de4                vsnprintf
 .text.memset   0x08008e00       0x10 C:/STMicroelectronics/STM32Cube/STM32CubeIDE/STM32CubeIDE_1.18.0/STM32CubeIDE/plugins/com.st.stm32cube.ide.mcu.externaltools.gnu-tools-for-stm32.13.3.rel1.win32_1.0.0.202411081344/tools/bin/../lib/gcc/arm-none-eabi/13.3.1/../../../../arm-none-eabi/lib/thumb/v7e-m+dp/hard\libc_nano.a(libc_a-memset.o)
                0x08008e00                memset
 .text.strncmp  0x08008e10       0x24 C:/STMicroelectronics/STM32Cube/STM32CubeIDE/STM32CubeIDE_1.18.0/STM32CubeIDE/plugins/com.st.stm32cube.ide.mcu.externaltools.gnu-tools-for-stm32.13.3.rel1.win32_1.0.0.202411081344/tools/bin/../lib/gcc/arm-none-eabi/13.3.1/../../../../arm-none-eabi/lib/thumb/v7e-m+dp/hard\libc_nano.a(libc_a-strncmp.o)
                0x08008e10                strncmp
 .text.strstr   0x08008e34       0x2c C:/STMicroelectronics/STM32Cube/STM32CubeIDE/STM32CubeIDE_1.18.0/STM32CubeIDE/plugins/com.st.stm32cube.ide.mcu.externaltools.gnu-tools-for-stm32.13.3.rel1.win32_1.0.0.202411081344/tools/bin/../lib/gcc/arm-none-eabi/13.3.1/../../../../arm-none-eabi/lib/thumb/v7e-m+dp/hard\libc_nano.a(libc_a-strstr.o)
                0x08008e34                strstr
 .text._close_r
                0x08008e60       0x20 C:/STMicroelectronics/STM32Cube/STM32CubeIDE/STM32CubeIDE_1.18.0/STM32CubeIDE/plugins/com.st.stm32cube.ide.mcu.externaltools.gnu-tools-for-stm32.13.3.rel1.win32_1.0.0.202411081344/tools/bin/../lib/gcc/arm-none-eabi/13.3.1/../../../../arm-none-eabi/lib/thumb/v7e-m+dp/hard\libc_nano.a(libc_a-closer.o)
                0x08008e60                _close_r
 .text._reclaim_reent
                0x08008e80       0xbc C:/STMicroelectronics/STM32Cube/STM32CubeIDE/STM32CubeIDE_1.18.0/STM32CubeIDE/plugins/com.st.stm32cube.ide.mcu.externaltools.gnu-tools-for-stm32.13.3.rel1.win32_1.0.0.202411081344/tools/bin/../lib/gcc/arm-none-eabi/13.3.1/../../../../arm-none-eabi/lib/thumb/v7e-m+dp/hard\libc_nano.a(libc_a-reent.o)
                0x08008e80                _reclaim_reent
 .text._lseek_r
                0x08008f3c       0x24 C:/STMicroelectronics/STM32Cube/STM32CubeIDE/STM32CubeIDE_1.18.0/STM32CubeIDE/plugins/com.st.stm32cube.ide.mcu.externaltools.gnu-tools-for-stm32.13.3.rel1.win32_1.0.0.202411081344/tools/bin/../lib/gcc/arm-none-eabi/13.3.1/../../../../arm-none-eabi/lib/thumb/v7e-m+dp/hard\libc_nano.a(libc_a-lseekr.o)
                0x08008f3c                _lseek_r
 .text._read_r  0x08008f60       0x24 C:/STMicroelectronics/STM32Cube/STM32CubeIDE/STM32CubeIDE_1.18.0/STM32CubeIDE/plugins/com.st.stm32cube.ide.mcu.externaltools.gnu-tools-for-stm32.13.3.rel1.win32_1.0.0.202411081344/tools/bin/../lib/gcc/arm-none-eabi/13.3.1/../../../../arm-none-eabi/lib/thumb/v7e-m+dp/hard\libc_nano.a(libc_a-readr.o)
                0x08008f60                _read_r
 .text._write_r
                0x08008f84       0x24 C:/STMicroelectronics/STM32Cube/STM32CubeIDE/STM32CubeIDE_1.18.0/STM32CubeIDE/plugins/com.st.stm32cube.ide.mcu.externaltools.gnu-tools-for-stm32.13.3.rel1.win32_1.0.0.202411081344/tools/bin/../lib/gcc/arm-none-eabi/13.3.1/../../../../arm-none-eabi/lib/thumb/v7e-m+dp/hard\libc_nano.a(libc_a-writer.o)
                0x08008f84                _write_r
 .text.__errno  0x08008fa8        0xc C:/STMicroelectronics/STM32Cube/STM32CubeIDE/STM32CubeIDE_1.18.0/STM32CubeIDE/plugins/com.st.stm32cube.ide.mcu.externaltools.gnu-tools-for-stm32.13.3.rel1.win32_1.0.0.202411081344/tools/bin/../lib/gcc/arm-none-eabi/13.3.1/../../../../arm-none-eabi/lib/thumb/v7e-m+dp/hard\libc_nano.a(libc_a-errno.o)
                0x08008fa8                __errno
 .text.__libc_init_array
                0x08008fb4       0x48 C:/STMicroelectronics/STM32Cube/STM32CubeIDE/STM32CubeIDE_1.18.0/STM32CubeIDE/plugins/com.st.stm32cube.ide.mcu.externaltools.gnu-tools-for-stm32.13.3.rel1.win32_1.0.0.202411081344/tools/bin/../lib/gcc/arm-none-eabi/13.3.1/../../../../arm-none-eabi/lib/thumb/v7e-m+dp/hard\libc_nano.a(libc_a-init.o)
                0x08008fb4                __libc_init_array
 .text.__retarget_lock_init_recursive
                0x08008ffc        0x2 C:/STMicroelectronics/STM32Cube/STM32CubeIDE/STM32CubeIDE_1.18.0/STM32CubeIDE/plugins/com.st.stm32cube.ide.mcu.externaltools.gnu-tools-for-stm32.13.3.rel1.win32_1.0.0.202411081344/tools/bin/../lib/gcc/arm-none-eabi/13.3.1/../../../../arm-none-eabi/lib/thumb/v7e-m+dp/hard\libc_nano.a(libc_a-lock.o)
                0x08008ffc                __retarget_lock_init_recursive
 .text.__retarget_lock_acquire_recursive
                0x08008ffe        0x2 C:/STMicroelectronics/STM32Cube/STM32CubeIDE/STM32CubeIDE_1.18.0/STM32CubeIDE/plugins/com.st.stm32cube.ide.mcu.externaltools.gnu-tools-for-stm32.13.3.rel1.win32_1.0.0.202411081344/tools/bin/../lib/gcc/arm-none-eabi/13.3.1/../../../../arm-none-eabi/lib/thumb/v7e-m+dp/hard\libc_nano.a(libc_a-lock.o)
                0x08008ffe                __retarget_lock_acquire_recursive
 .text.__retarget_lock_release_recursive
                0x08009000        0x2 C:/STMicroelectronics/STM32Cube/STM32CubeIDE/STM32CubeIDE_1.18.0/STM32CubeIDE/plugins/com.st.stm32cube.ide.mcu.externaltools.gnu-tools-for-stm32.13.3.rel1.win32_1.0.0.202411081344/tools/bin/../lib/gcc/arm-none-eabi/13.3.1/../../../../arm-none-eabi/lib/thumb/v7e-m+dp/hard\libc_nano.a(libc_a-lock.o)
                0x08009000                __retarget_lock_release_recursive
 .text.memcpy   0x08009002       0x1c C:/STMicroelectronics/STM32Cube/STM32CubeIDE/STM32CubeIDE_1.18.0/STM32CubeIDE/plugins/com.st.stm32cube.ide.mcu.externaltools.gnu-tools-for-stm32.13.3.rel1.win32_1.0.0.202411081344/tools/bin/../lib/gcc/arm-none-eabi/13.3.1/../../../../arm-none-eabi/lib/thumb/v7e-m+dp/hard\libc_nano.a(libc_a-memcpy-stub.o)
                0x08009002                memcpy
 .text.abort    0x0800901e        0xe C:/STMicroelectronics/STM32Cube/STM32CubeIDE/STM32CubeIDE_1.18.0/STM32CubeIDE/plugins/com.st.stm32cube.ide.mcu.externaltools.gnu-tools-for-stm32.13.3.rel1.win32_1.0.0.202411081344/tools/bin/../lib/gcc/arm-none-eabi/13.3.1/../../../../arm-none-eabi/lib/thumb/v7e-m+dp/hard\libc_nano.a(libc_a-abort.o)
                0x0800901e                abort
 .text._free_r  0x0800902c       0x94 C:/STMicroelectronics/STM32Cube/STM32CubeIDE/STM32CubeIDE_1.18.0/STM32CubeIDE/plugins/com.st.stm32cube.ide.mcu.externaltools.gnu-tools-for-stm32.13.3.rel1.win32_1.0.0.202411081344/tools/bin/../lib/gcc/arm-none-eabi/13.3.1/../../../../arm-none-eabi/lib/thumb/v7e-m+dp/hard\libc_nano.a(libc_a-freer.o)
                0x0800902c                _free_r
 .text.sbrk_aligned
                0x080090c0       0x44 C:/STMicroelectronics/STM32Cube/STM32CubeIDE/STM32CubeIDE_1.18.0/STM32CubeIDE/plugins/com.st.stm32cube.ide.mcu.externaltools.gnu-tools-for-stm32.13.3.rel1.win32_1.0.0.202411081344/tools/bin/../lib/gcc/arm-none-eabi/13.3.1/../../../../arm-none-eabi/lib/thumb/v7e-m+dp/hard\libc_nano.a(libc_a-mallocr.o)
 .text._malloc_r
                0x08009104      0x100 C:/STMicroelectronics/STM32Cube/STM32CubeIDE/STM32CubeIDE_1.18.0/STM32CubeIDE/plugins/com.st.stm32cube.ide.mcu.externaltools.gnu-tools-for-stm32.13.3.rel1.win32_1.0.0.202411081344/tools/bin/../lib/gcc/arm-none-eabi/13.3.1/../../../../arm-none-eabi/lib/thumb/v7e-m+dp/hard\libc_nano.a(libc_a-mallocr.o)
                0x08009104                _malloc_r
 .text.__malloc_lock
                0x08009204        0xc C:/STMicroelectronics/STM32Cube/STM32CubeIDE/STM32CubeIDE_1.18.0/STM32CubeIDE/plugins/com.st.stm32cube.ide.mcu.externaltools.gnu-tools-for-stm32.13.3.rel1.win32_1.0.0.202411081344/tools/bin/../lib/gcc/arm-none-eabi/13.3.1/../../../../arm-none-eabi/lib/thumb/v7e-m+dp/hard\libc_nano.a(libc_a-mlock.o)
                0x08009204                __malloc_lock
 .text.__malloc_unlock
                0x08009210        0xc C:/STMicroelectronics/STM32Cube/STM32CubeIDE/STM32CubeIDE_1.18.0/STM32CubeIDE/plugins/com.st.stm32cube.ide.mcu.externaltools.gnu-tools-for-stm32.13.3.rel1.win32_1.0.0.202411081344/tools/bin/../lib/gcc/arm-none-eabi/13.3.1/../../../../arm-none-eabi/lib/thumb/v7e-m+dp/hard\libc_nano.a(libc_a-mlock.o)
                0x08009210                __malloc_unlock
 .text.__ssputs_r
                0x0800921c       0xb6 C:/STMicroelectronics/STM32Cube/STM32CubeIDE/STM32CubeIDE_1.18.0/STM32CubeIDE/plugins/com.st.stm32cube.ide.mcu.externaltools.gnu-tools-for-stm32.13.3.rel1.win32_1.0.0.202411081344/tools/bin/../lib/gcc/arm-none-eabi/13.3.1/../../../../arm-none-eabi/lib/thumb/v7e-m+dp/hard\libc_nano.a(libc_a-nano-svfprintf.o)
                0x0800921c                __ssputs_r
 *fill*         0x080092d2        0x2 
 .text._svfprintf_r
                0x080092d4      0x1f8 C:/STMicroelectronics/STM32Cube/STM32CubeIDE/STM32CubeIDE_1.18.0/STM32CubeIDE/plugins/com.st.stm32cube.ide.mcu.externaltools.gnu-tools-for-stm32.13.3.rel1.win32_1.0.0.202411081344/tools/bin/../lib/gcc/arm-none-eabi/13.3.1/../../../../arm-none-eabi/lib/thumb/v7e-m+dp/hard\libc_nano.a(libc_a-nano-svfprintf.o)
                0x080092d4                _svfiprintf_r
                0x080092d4                _svfprintf_r
 .text.__sfputc_r
                0x080094cc       0x2e C:/STMicroelectronics/STM32Cube/STM32CubeIDE/STM32CubeIDE_1.18.0/STM32CubeIDE/plugins/com.st.stm32cube.ide.mcu.externaltools.gnu-tools-for-stm32.13.3.rel1.win32_1.0.0.202411081344/tools/bin/../lib/gcc/arm-none-eabi/13.3.1/../../../../arm-none-eabi/lib/thumb/v7e-m+dp/hard\libc_nano.a(libc_a-nano-vfprintf.o)
 .text.__sfputs_r
                0x080094fa       0x24 C:/STMicroelectronics/STM32Cube/STM32CubeIDE/STM32CubeIDE_1.18.0/STM32CubeIDE/plugins/com.st.stm32cube.ide.mcu.externaltools.gnu-tools-for-stm32.13.3.rel1.win32_1.0.0.202411081344/tools/bin/../lib/gcc/arm-none-eabi/13.3.1/../../../../arm-none-eabi/lib/thumb/v7e-m+dp/hard\libc_nano.a(libc_a-nano-vfprintf.o)
                0x080094fa                __sfputs_r
 *fill*         0x0800951e        0x2 
 .text._vfprintf_r
                0x08009520      0x230 C:/STMicroelectronics/STM32Cube/STM32CubeIDE/STM32CubeIDE_1.18.0/STM32CubeIDE/plugins/com.st.stm32cube.ide.mcu.externaltools.gnu-tools-for-stm32.13.3.rel1.win32_1.0.0.202411081344/tools/bin/../lib/gcc/arm-none-eabi/13.3.1/../../../../arm-none-eabi/lib/thumb/v7e-m+dp/hard\libc_nano.a(libc_a-nano-vfprintf.o)
                0x08009520                _vfprintf_r
                0x08009520                _vfiprintf_r
 .text._printf_common
                0x08009750       0xda C:/STMicroelectronics/STM32Cube/STM32CubeIDE/STM32CubeIDE_1.18.0/STM32CubeIDE/plugins/com.st.stm32cube.ide.mcu.externaltools.gnu-tools-for-stm32.13.3.rel1.win32_1.0.0.202411081344/tools/bin/../lib/gcc/arm-none-eabi/13.3.1/../../../../arm-none-eabi/lib/thumb/v7e-m+dp/hard\libc_nano.a(libc_a-nano-vfprintf_i.o)
                0x08009750                _printf_common
 *fill*         0x0800982a        0x2 
 .text._printf_i
                0x0800982c      0x23c C:/STMicroelectronics/STM32Cube/STM32CubeIDE/STM32CubeIDE_1.18.0/STM32CubeIDE/plugins/com.st.stm32cube.ide.mcu.externaltools.gnu-tools-for-stm32.13.3.rel1.win32_1.0.0.202411081344/tools/bin/../lib/gcc/arm-none-eabi/13.3.1/../../../../arm-none-eabi/lib/thumb/v7e-m+dp/hard\libc_nano.a(libc_a-nano-vfprintf_i.o)
                0x0800982c                _printf_i
 .text.__sflush_r
                0x08009a68      0x108 C:/STMicroelectronics/STM32Cube/STM32CubeIDE/STM32CubeIDE_1.18.0/STM32CubeIDE/plugins/com.st.stm32cube.ide.mcu.externaltools.gnu-tools-for-stm32.13.3.rel1.win32_1.0.0.202411081344/tools/bin/../lib/gcc/arm-none-eabi/13.3.1/../../../../arm-none-eabi/lib/thumb/v7e-m+dp/hard\libc_nano.a(libc_a-fflush.o)
                0x08009a68                __sflush_r
 .text._fflush_r
                0x08009b70       0x50 C:/STMicroelectronics/STM32Cube/STM32CubeIDE/STM32CubeIDE_1.18.0/STM32CubeIDE/plugins/com.st.stm32cube.ide.mcu.externaltools.gnu-tools-for-stm32.13.3.rel1.win32_1.0.0.202411081344/tools/bin/../lib/gcc/arm-none-eabi/13.3.1/../../../../arm-none-eabi/lib/thumb/v7e-m+dp/hard\libc_nano.a(libc_a-fflush.o)
                0x08009b70                _fflush_r
 .text.__swbuf_r
                0x08009bc0       0x7c C:/STMicroelectronics/STM32Cube/STM32CubeIDE/STM32CubeIDE_1.18.0/STM32CubeIDE/plugins/com.st.stm32cube.ide.mcu.externaltools.gnu-tools-for-stm32.13.3.rel1.win32_1.0.0.202411081344/tools/bin/../lib/gcc/arm-none-eabi/13.3.1/../../../../arm-none-eabi/lib/thumb/v7e-m+dp/hard\libc_nano.a(libc_a-wbuf.o)
                0x08009bc0                __swbuf_r
 .text.__swsetup_r
                0x08009c3c       0xac C:/STMicroelectronics/STM32Cube/STM32CubeIDE/STM32CubeIDE_1.18.0/STM32CubeIDE/plugins/com.st.stm32cube.ide.mcu.externaltools.gnu-tools-for-stm32.13.3.rel1.win32_1.0.0.202411081344/tools/bin/../lib/gcc/arm-none-eabi/13.3.1/../../../../arm-none-eabi/lib/thumb/v7e-m+dp/hard\libc_nano.a(libc_a-wsetup.o)
                0x08009c3c                __swsetup_r
 .text.memmove  0x08009ce8       0x34 C:/STMicroelectronics/STM32Cube/STM32CubeIDE/STM32CubeIDE_1.18.0/STM32CubeIDE/plugins/com.st.stm32cube.ide.mcu.externaltools.gnu-tools-for-stm32.13.3.rel1.win32_1.0.0.202411081344/tools/bin/../lib/gcc/arm-none-eabi/13.3.1/../../../../arm-none-eabi/lib/thumb/v7e-m+dp/hard\libc_nano.a(libc_a-memmove.o)
                0x08009ce8                memmove
 .text._raise_r
                0x08009d1c       0x50 C:/STMicroelectronics/STM32Cube/STM32CubeIDE/STM32CubeIDE_1.18.0/STM32CubeIDE/plugins/com.st.stm32cube.ide.mcu.externaltools.gnu-tools-for-stm32.13.3.rel1.win32_1.0.0.202411081344/tools/bin/../lib/gcc/arm-none-eabi/13.3.1/../../../../arm-none-eabi/lib/thumb/v7e-m+dp/hard\libc_nano.a(libc_a-signal.o)
                0x08009d1c                _raise_r
 .text.raise    0x08009d6c       0x10 C:/STMicroelectronics/STM32Cube/STM32CubeIDE/STM32CubeIDE_1.18.0/STM32CubeIDE/plugins/com.st.stm32cube.ide.mcu.externaltools.gnu-tools-for-stm32.13.3.rel1.win32_1.0.0.202411081344/tools/bin/../lib/gcc/arm-none-eabi/13.3.1/../../../../arm-none-eabi/lib/thumb/v7e-m+dp/hard\libc_nano.a(libc_a-signal.o)
                0x08009d6c                raise
 .text._kill_r  0x08009d7c       0x24 C:/STMicroelectronics/STM32Cube/STM32CubeIDE/STM32CubeIDE_1.18.0/STM32CubeIDE/plugins/com.st.stm32cube.ide.mcu.externaltools.gnu-tools-for-stm32.13.3.rel1.win32_1.0.0.202411081344/tools/bin/../lib/gcc/arm-none-eabi/13.3.1/../../../../arm-none-eabi/lib/thumb/v7e-m+dp/hard\libc_nano.a(libc_a-signalr.o)
                0x08009d7c                _kill_r
 .text._getpid_r
                0x08009da0        0x4 C:/STMicroelectronics/STM32Cube/STM32CubeIDE/STM32CubeIDE_1.18.0/STM32CubeIDE/plugins/com.st.stm32cube.ide.mcu.externaltools.gnu-tools-for-stm32.13.3.rel1.win32_1.0.0.202411081344/tools/bin/../lib/gcc/arm-none-eabi/13.3.1/../../../../arm-none-eabi/lib/thumb/v7e-m+dp/hard\libc_nano.a(libc_a-signalr.o)
                0x08009da0                _getpid_r
 .text._sbrk_r  0x08009da4       0x20 C:/STMicroelectronics/STM32Cube/STM32CubeIDE/STM32CubeIDE_1.18.0/STM32CubeIDE/plugins/com.st.stm32cube.ide.mcu.externaltools.gnu-tools-for-stm32.13.3.rel1.win32_1.0.0.202411081344/tools/bin/../lib/gcc/arm-none-eabi/13.3.1/../../../../arm-none-eabi/lib/thumb/v7e-m+dp/hard\libc_nano.a(libc_a-sbrkr.o)
                0x08009da4                _sbrk_r
 .text._realloc_r
                0x08009dc4       0x5c C:/STMicroelectronics/STM32Cube/STM32CubeIDE/STM32CubeIDE_1.18.0/STM32CubeIDE/plugins/com.st.stm32cube.ide.mcu.externaltools.gnu-tools-for-stm32.13.3.rel1.win32_1.0.0.202411081344/tools/bin/../lib/gcc/arm-none-eabi/13.3.1/../../../../arm-none-eabi/lib/thumb/v7e-m+dp/hard\libc_nano.a(libc_a-reallocr.o)
                0x08009dc4                _realloc_r
 .text.__swhatbuf_r
                0x08009e20       0x4c C:/STMicroelectronics/STM32Cube/STM32CubeIDE/STM32CubeIDE_1.18.0/STM32CubeIDE/plugins/com.st.stm32cube.ide.mcu.externaltools.gnu-tools-for-stm32.13.3.rel1.win32_1.0.0.202411081344/tools/bin/../lib/gcc/arm-none-eabi/13.3.1/../../../../arm-none-eabi/lib/thumb/v7e-m+dp/hard\libc_nano.a(libc_a-makebuf.o)
                0x08009e20                __swhatbuf_r
 .text.__smakebuf_r
                0x08009e6c       0x78 C:/STMicroelectronics/STM32Cube/STM32CubeIDE/STM32CubeIDE_1.18.0/STM32CubeIDE/plugins/com.st.stm32cube.ide.mcu.externaltools.gnu-tools-for-stm32.13.3.rel1.win32_1.0.0.202411081344/tools/bin/../lib/gcc/arm-none-eabi/13.3.1/../../../../arm-none-eabi/lib/thumb/v7e-m+dp/hard\libc_nano.a(libc_a-makebuf.o)
                0x08009e6c                __smakebuf_r
 .text._fstat_r
                0x08009ee4       0x24 C:/STMicroelectronics/STM32Cube/STM32CubeIDE/STM32CubeIDE_1.18.0/STM32CubeIDE/plugins/com.st.stm32cube.ide.mcu.externaltools.gnu-tools-for-stm32.13.3.rel1.win32_1.0.0.202411081344/tools/bin/../lib/gcc/arm-none-eabi/13.3.1/../../../../arm-none-eabi/lib/thumb/v7e-m+dp/hard\libc_nano.a(libc_a-fstatr.o)
                0x08009ee4                _fstat_r
 .text._isatty_r
                0x08009f08       0x20 C:/STMicroelectronics/STM32Cube/STM32CubeIDE/STM32CubeIDE_1.18.0/STM32CubeIDE/plugins/com.st.stm32cube.ide.mcu.externaltools.gnu-tools-for-stm32.13.3.rel1.win32_1.0.0.202411081344/tools/bin/../lib/gcc/arm-none-eabi/13.3.1/../../../../arm-none-eabi/lib/thumb/v7e-m+dp/hard\libc_nano.a(libc_a-isattyr.o)
                0x08009f08                _isatty_r
 .text._malloc_usable_size_r
                0x08009f28       0x10 C:/STMicroelectronics/STM32Cube/STM32CubeIDE/STM32CubeIDE_1.18.0/STM32CubeIDE/plugins/com.st.stm32cube.ide.mcu.externaltools.gnu-tools-for-stm32.13.3.rel1.win32_1.0.0.202411081344/tools/bin/../lib/gcc/arm-none-eabi/13.3.1/../../../../arm-none-eabi/lib/thumb/v7e-m+dp/hard\libc_nano.a(libc_a-msizer.o)
                0x08009f28                _malloc_usable_size_r
 *(.glue_7)
 .glue_7        0x08009f38        0x0 linker stubs
 *(.glue_7t)
 .glue_7t       0x08009f38        0x0 linker stubs
 *(.eh_frame)
 .eh_frame      0x08009f38        0x0 C:/STMicroelectronics/STM32Cube/STM32CubeIDE/STM32CubeIDE_1.18.0/STM32CubeIDE/plugins/com.st.stm32cube.ide.mcu.externaltools.gnu-tools-for-stm32.13.3.rel1.win32_1.0.0.202411081344/tools/bin/../lib/gcc/arm-none-eabi/13.3.1/thumb/v7e-m+dp/hard/crtbegin.o
 *(.init)
 .init          0x08009f38        0x4 C:/STMicroelectronics/STM32Cube/STM32CubeIDE/STM32CubeIDE_1.18.0/STM32CubeIDE/plugins/com.st.stm32cube.ide.mcu.externaltools.gnu-tools-for-stm32.13.3.rel1.win32_1.0.0.202411081344/tools/bin/../lib/gcc/arm-none-eabi/13.3.1/thumb/v7e-m+dp/hard/crti.o
                0x08009f38                _init
 .init          0x08009f3c        0x8 C:/STMicroelectronics/STM32Cube/STM32CubeIDE/STM32CubeIDE_1.18.0/STM32CubeIDE/plugins/com.st.stm32cube.ide.mcu.externaltools.gnu-tools-for-stm32.13.3.rel1.win32_1.0.0.202411081344/tools/bin/../lib/gcc/arm-none-eabi/13.3.1/thumb/v7e-m+dp/hard/crtn.o
 *(.fini)
 .fini          0x08009f44        0x4 C:/STMicroelectronics/STM32Cube/STM32CubeIDE/STM32CubeIDE_1.18.0/STM32CubeIDE/plugins/com.st.stm32cube.ide.mcu.externaltools.gnu-tools-for-stm32.13.3.rel1.win32_1.0.0.202411081344/tools/bin/../lib/gcc/arm-none-eabi/13.3.1/thumb/v7e-m+dp/hard/crti.o
                0x08009f44                _fini
 .fini          0x08009f48        0x8 C:/STMicroelectronics/STM32Cube/STM32CubeIDE/STM32CubeIDE_1.18.0/STM32CubeIDE/plugins/com.st.stm32cube.ide.mcu.externaltools.gnu-tools-for-stm32.13.3.rel1.win32_1.0.0.202411081344/tools/bin/../lib/gcc/arm-none-eabi/13.3.1/thumb/v7e-m+dp/hard/crtn.o
                0x08009f50                        . = ALIGN (0x4)
                0x08009f50                        _etext = .

.vfp11_veneer   0x08009f50        0x0
 .vfp11_veneer  0x08009f50        0x0 linker stubs

.v4_bx          0x08009f50        0x0
 .v4_bx         0x08009f50        0x0 linker stubs

.iplt           0x08009f50        0x0
 .iplt          0x08009f50        0x0 C:/STMicroelectronics/STM32Cube/STM32CubeIDE/STM32CubeIDE_1.18.0/STM32CubeIDE/plugins/com.st.stm32cube.ide.mcu.externaltools.gnu-tools-for-stm32.13.3.rel1.win32_1.0.0.202411081344/tools/bin/../lib/gcc/arm-none-eabi/13.3.1/thumb/v7e-m+dp/hard/crtbegin.o

.rodata         0x08009f50      0x660
                0x08009f50                        . = ALIGN (0x4)
 *(.rodata)
 .rodata        0x08009f50       0x8d ./BSP/led/bsp_led_driver.o
 *fill*         0x08009fdd        0x3 
 .rodata        0x08009fe0       0x4d ./BSP/led/bsp_led_port.o
 *fill*         0x0800a02d        0x3 
 .rodata        0x0800a030       0x28 ./Core/Src/freertos.o
 .rodata        0x0800a058       0x11 ./Middlewares/Third_Party/EasyLogger/port/elog_port.o
 *fill*         0x0800a069        0x3 
 .rodata        0x0800a06c      0x343 ./Middlewares/Third_Party/EasyLogger/src/elog.o
 *fill*         0x0800a3af        0x1 
 .rodata        0x0800a3b0       0x4e ./Middlewares/Third_Party/EasyLogger/src/elog_utils.o
 *fill*         0x0800a3fe        0x2 
 .rodata        0x0800a400        0x5 ./Middlewares/Third_Party/FreeRTOS/Source/tasks.o
 *fill*         0x0800a405        0x3 
 .rodata        0x0800a408        0xd ./Middlewares/Third_Party/FreeRTOS/Source/timers.o
 *fill*         0x0800a415        0x3 
 .rodata        0x0800a418        0x9 ./Middlewares/Third_Party/RTT/SEGGER_RTT.o
 *fill*         0x0800a421        0x3 
 .rodata        0x0800a424        0x7 ./Middlewares/Third_Party/RTT/SEGGER_RTT_printf.o
 *(.rodata*)
 *fill*         0x0800a42b        0x1 
 .rodata.task_default_attributes
                0x0800a42c       0x24 ./Core/Src/freertos.o
                0x0800a42c                task_default_attributes
 .rodata.queue_default_attributes
                0x0800a450       0x18 ./Core/Src/freertos.o
                0x0800a450                queue_default_attributes
 .rodata.D1CorePrescTable
                0x0800a468       0x10 ./Core/Src/system_stm32h7xx.o
                0x0800a468                D1CorePrescTable
 .rodata.__FUNCTION__.12
                0x0800a478        0xb ./Middlewares/Third_Party/EasyLogger/src/elog.o
 *fill*         0x0800a483        0x1 
 .rodata.__FUNCTION__.10
                0x0800a484       0x18 ./Middlewares/Third_Party/EasyLogger/src/elog.o
 .rodata.__FUNCTION__.9
                0x0800a49c       0x1c ./Middlewares/Third_Party/EasyLogger/src/elog.o
 .rodata.__FUNCTION__.8
                0x0800a4b8        0xd ./Middlewares/Third_Party/EasyLogger/src/elog.o
 *fill*         0x0800a4c5        0x3 
 .rodata.__FUNCTION__.6
                0x0800a4c8       0x14 ./Middlewares/Third_Party/EasyLogger/src/elog.o
 .rodata.__FUNCTION__.4
                0x0800a4dc       0x18 ./Middlewares/Third_Party/EasyLogger/src/elog.o
 .rodata.__FUNCTION__.3
                0x0800a4f4        0xc ./Middlewares/Third_Party/EasyLogger/src/elog.o
 .rodata.__FUNCTION__.2
                0x0800a500       0x10 ./Middlewares/Third_Party/EasyLogger/src/elog.o
 .rodata.__func__.2
                0x0800a510        0xc ./Middlewares/Third_Party/EasyLogger/src/elog_utils.o
 .rodata._aInitStr.0
                0x0800a51c       0x11 ./Middlewares/Third_Party/RTT/SEGGER_RTT.o
 *fill*         0x0800a52d        0x3 
 .rodata._aV2C.0
                0x0800a530       0x10 ./Middlewares/Third_Party/RTT/SEGGER_RTT_printf.o
 .rodata.__assert_func.str1.1
                0x0800a540       0x6f C:/STMicroelectronics/STM32Cube/STM32CubeIDE/STM32CubeIDE_1.18.0/STM32CubeIDE/plugins/com.st.stm32cube.ide.mcu.externaltools.gnu-tools-for-stm32.13.3.rel1.win32_1.0.0.202411081344/tools/bin/../lib/gcc/arm-none-eabi/13.3.1/../../../../arm-none-eabi/lib/thumb/v7e-m+dp/hard\libc_nano.a(libc_a-assert.o)
                                 0x3d (size before relaxing)
 .rodata._svfprintf_r.str1.1
                0x0800a5af       0x11 C:/STMicroelectronics/STM32Cube/STM32CubeIDE/STM32CubeIDE_1.18.0/STM32CubeIDE/plugins/com.st.stm32cube.ide.mcu.externaltools.gnu-tools-for-stm32.13.3.rel1.win32_1.0.0.202411081344/tools/bin/../lib/gcc/arm-none-eabi/13.3.1/../../../../arm-none-eabi/lib/thumb/v7e-m+dp/hard\libc_nano.a(libc_a-nano-svfprintf.o)
 .rodata._vfprintf_r.str1.1
                0x0800a5af       0x11 C:/STMicroelectronics/STM32Cube/STM32CubeIDE/STM32CubeIDE_1.18.0/STM32CubeIDE/plugins/com.st.stm32cube.ide.mcu.externaltools.gnu-tools-for-stm32.13.3.rel1.win32_1.0.0.202411081344/tools/bin/../lib/gcc/arm-none-eabi/13.3.1/../../../../arm-none-eabi/lib/thumb/v7e-m+dp/hard\libc_nano.a(libc_a-nano-vfprintf.o)
 .rodata._printf_i.str1.1
                0x0800a5af       0x22 C:/STMicroelectronics/STM32Cube/STM32CubeIDE/STM32CubeIDE_1.18.0/STM32CubeIDE/plugins/com.st.stm32cube.ide.mcu.externaltools.gnu-tools-for-stm32.13.3.rel1.win32_1.0.0.202411081344/tools/bin/../lib/gcc/arm-none-eabi/13.3.1/../../../../arm-none-eabi/lib/thumb/v7e-m+dp/hard\libc_nano.a(libc_a-nano-vfprintf_i.o)
                0x0800a5d4                        . = ALIGN (0x4)
 *fill*         0x0800a5af        0x1 

.ARM.extab
 *(.ARM.extab* .gnu.linkonce.armextab.*)

.ARM            0x0800a5b0        0x8
                0x0800a5b0                        __exidx_start = .
 *(.ARM.exidx*)
 .ARM.exidx     0x0800a5b0        0x8 C:/STMicroelectronics/STM32Cube/STM32CubeIDE/STM32CubeIDE_1.18.0/STM32CubeIDE/plugins/com.st.stm32cube.ide.mcu.externaltools.gnu-tools-for-stm32.13.3.rel1.win32_1.0.0.202411081344/tools/bin/../lib/gcc/arm-none-eabi/13.3.1/../../../../arm-none-eabi/lib/thumb/v7e-m+dp/hard\libc_nano.a(libc_a-memchr.o)
 .ARM.exidx     0x0800a5b8        0x0 C:/STMicroelectronics/STM32Cube/STM32CubeIDE/STM32CubeIDE_1.18.0/STM32CubeIDE/plugins/com.st.stm32cube.ide.mcu.externaltools.gnu-tools-for-stm32.13.3.rel1.win32_1.0.0.202411081344/tools/bin/../lib/gcc/arm-none-eabi/13.3.1/../../../../arm-none-eabi/lib/thumb/v7e-m+dp/hard\libc_nano.a(libc_a-strlen.o)
                                  0x8 (size before relaxing)
                0x0800a5b8                        __exidx_end = .

.preinit_array  0x0800a5b8        0x0
                0x0800a5b8                        PROVIDE (__preinit_array_start = .)
 *(.preinit_array*)
                0x0800a5b8                        PROVIDE (__preinit_array_end = .)

.init_array     0x0800a5b8        0x4
                0x0800a5b8                        PROVIDE (__init_array_start = .)
 *(SORT_BY_NAME(.init_array.*))
 *(.init_array*)
 .init_array    0x0800a5b8        0x4 C:/STMicroelectronics/STM32Cube/STM32CubeIDE/STM32CubeIDE_1.18.0/STM32CubeIDE/plugins/com.st.stm32cube.ide.mcu.externaltools.gnu-tools-for-stm32.13.3.rel1.win32_1.0.0.202411081344/tools/bin/../lib/gcc/arm-none-eabi/13.3.1/thumb/v7e-m+dp/hard/crtbegin.o
                0x0800a5bc                        PROVIDE (__init_array_end = .)

.fini_array     0x0800a5bc        0x4
                [!provide]                        PROVIDE (__fini_array_start = .)
 *(SORT_BY_NAME(.fini_array.*))
 *(.fini_array*)
 .fini_array    0x0800a5bc        0x4 C:/STMicroelectronics/STM32Cube/STM32CubeIDE/STM32CubeIDE_1.18.0/STM32CubeIDE/plugins/com.st.stm32cube.ide.mcu.externaltools.gnu-tools-for-stm32.13.3.rel1.win32_1.0.0.202411081344/tools/bin/../lib/gcc/arm-none-eabi/13.3.1/thumb/v7e-m+dp/hard/crtbegin.o
                [!provide]                        PROVIDE (__fini_array_end = .)
                0x0800a5c0                        _sidata = LOADADDR (.data)

.rel.dyn        0x0800a5c0        0x0
 .rel.iplt      0x0800a5c0        0x0 C:/STMicroelectronics/STM32Cube/STM32CubeIDE/STM32CubeIDE_1.18.0/STM32CubeIDE/plugins/com.st.stm32cube.ide.mcu.externaltools.gnu-tools-for-stm32.13.3.rel1.win32_1.0.0.202411081344/tools/bin/../lib/gcc/arm-none-eabi/13.3.1/thumb/v7e-m+dp/hard/crtbegin.o

.data           0x24000000       0xa0 load address 0x0800a5c0
                0x24000000                        . = ALIGN (0x4)
                0x24000000                        _sdata = .
 *(.data)
 *(.data*)
 .data.SystemCoreClock
                0x24000000        0x4 ./Core/Src/system_stm32h7xx.o
                0x24000000                SystemCoreClock
 .data.SystemD2Clock
                0x24000004        0x4 ./Core/Src/system_stm32h7xx.o
                0x24000004                SystemD2Clock
 .data.uwTickPrio
                0x24000008        0x4 ./Drivers/STM32H7xx_HAL_Driver/Src/stm32h7xx_hal.o
                0x24000008                uwTickPrio
 .data.uwTickFreq
                0x2400000c        0x1 ./Drivers/STM32H7xx_HAL_Driver/Src/stm32h7xx_hal.o
                0x2400000c                uwTickFreq
 *fill*         0x2400000d        0x3 
 .data.level_output_info
                0x24000010       0x18 ./Middlewares/Third_Party/EasyLogger/src/elog.o
 .data.color_output_info
                0x24000028       0x18 ./Middlewares/Third_Party/EasyLogger/src/elog.o
 .data.uxCriticalNesting
                0x24000040        0x4 ./Middlewares/Third_Party/FreeRTOS/Source/portable/GCC/ARM_CM4F/port.o
 .data.__sglue  0x24000044        0xc C:/STMicroelectronics/STM32Cube/STM32CubeIDE/STM32CubeIDE_1.18.0/STM32CubeIDE/plugins/com.st.stm32cube.ide.mcu.externaltools.gnu-tools-for-stm32.13.3.rel1.win32_1.0.0.202411081344/tools/bin/../lib/gcc/arm-none-eabi/13.3.1/../../../../arm-none-eabi/lib/thumb/v7e-m+dp/hard\libc_nano.a(libc_a-findfp.o)
                0x24000044                __sglue
 .data._impure_ptr
                0x24000050        0x4 C:/STMicroelectronics/STM32Cube/STM32CubeIDE/STM32CubeIDE_1.18.0/STM32CubeIDE/plugins/com.st.stm32cube.ide.mcu.externaltools.gnu-tools-for-stm32.13.3.rel1.win32_1.0.0.202411081344/tools/bin/../lib/gcc/arm-none-eabi/13.3.1/../../../../arm-none-eabi/lib/thumb/v7e-m+dp/hard\libc_nano.a(libc_a-impure.o)
                0x24000050                _impure_ptr
 .data._impure_data
                0x24000054       0x4c C:/STMicroelectronics/STM32Cube/STM32CubeIDE/STM32CubeIDE_1.18.0/STM32CubeIDE/plugins/com.st.stm32cube.ide.mcu.externaltools.gnu-tools-for-stm32.13.3.rel1.win32_1.0.0.202411081344/tools/bin/../lib/gcc/arm-none-eabi/13.3.1/../../../../arm-none-eabi/lib/thumb/v7e-m+dp/hard\libc_nano.a(libc_a-impure.o)
                0x24000054                _impure_data
 *(.RamFunc)
 *(.RamFunc*)
                0x240000a0                        . = ALIGN (0x4)
                0x240000a0                        _edata = .

.igot.plt       0x240000a0        0x0 load address 0x0800a660
 .igot.plt      0x240000a0        0x0 C:/STMicroelectronics/STM32Cube/STM32CubeIDE/STM32CubeIDE_1.18.0/STM32CubeIDE/plugins/com.st.stm32cube.ide.mcu.externaltools.gnu-tools-for-stm32.13.3.rel1.win32_1.0.0.202411081344/tools/bin/../lib/gcc/arm-none-eabi/13.3.1/thumb/v7e-m+dp/hard/crtbegin.o
                0x240000a0                        . = ALIGN (0x4)

.bss            0x240000a0     0x5598 load address 0x0800a660
                0x240000a0                        _sbss = .
                0x240000a0                        __bss_start__ = _sbss
 *(.bss)
 .bss           0x240000a0       0x1c C:/STMicroelectronics/STM32Cube/STM32CubeIDE/STM32CubeIDE_1.18.0/STM32CubeIDE/plugins/com.st.stm32cube.ide.mcu.externaltools.gnu-tools-for-stm32.13.3.rel1.win32_1.0.0.202411081344/tools/bin/../lib/gcc/arm-none-eabi/13.3.1/thumb/v7e-m+dp/hard/crtbegin.o
 *(.bss*)
 .bss.task_defaultHandle
                0x240000bc        0x4 ./Core/Src/freertos.o
                0x240000bc                task_defaultHandle
 .bss.queue_defaultHandle
                0x240000c0        0x4 ./Core/Src/freertos.o
                0x240000c0                queue_defaultHandle
 .bss.hrtc      0x240000c4       0x24 ./Core/Src/rtc.o
                0x240000c4                hrtc
 .bss.htim6     0x240000e8       0x4c ./Core/Src/stm32h7xx_hal_timebase_tim.o
                0x240000e8                htim6
 .bss.__sbrk_heap_end
                0x24000134        0x4 ./Core/Src/sysmem.o
 .bss.uwTick    0x24000138        0x4 ./Drivers/STM32H7xx_HAL_Driver/Src/stm32h7xx_hal.o
                0x24000138                uwTick
 .bss.time_str  0x2400013c       0x14 ./Middlewares/Third_Party/EasyLogger/port/elog_port.o
                0x2400013c                time_str
 .bss.elog      0x24000150       0xf8 ./Middlewares/Third_Party/EasyLogger/src/elog.o
 .bss.log_buf   0x24000248      0x400 ./Middlewares/Third_Party/EasyLogger/src/elog.o
 .bss.elog_assert_hook
                0x24000648        0x4 ./Middlewares/Third_Party/EasyLogger/src/elog.o
                0x24000648                elog_assert_hook
 .bss.KernelState
                0x2400064c        0x4 ./Middlewares/Third_Party/FreeRTOS/Source/CMSIS_RTOS_V2/cmsis_os2.o
 .bss.Idle_TCB.3
                0x24000650       0xa8 ./Middlewares/Third_Party/FreeRTOS/Source/CMSIS_RTOS_V2/cmsis_os2.o
 .bss.Idle_Stack.2
                0x240006f8      0x200 ./Middlewares/Third_Party/FreeRTOS/Source/CMSIS_RTOS_V2/cmsis_os2.o
 .bss.Timer_TCB.1
                0x240008f8       0xa8 ./Middlewares/Third_Party/FreeRTOS/Source/CMSIS_RTOS_V2/cmsis_os2.o
 .bss.Timer_Stack.0
                0x240009a0      0x400 ./Middlewares/Third_Party/FreeRTOS/Source/CMSIS_RTOS_V2/cmsis_os2.o
 .bss.xQueueRegistry
                0x24000da0       0x40 ./Middlewares/Third_Party/FreeRTOS/Source/queue.o
                0x24000da0                xQueueRegistry
 .bss.pxCurrentTCB
                0x24000de0        0x4 ./Middlewares/Third_Party/FreeRTOS/Source/tasks.o
                0x24000de0                pxCurrentTCB
 .bss.pxReadyTasksLists
                0x24000de4      0x460 ./Middlewares/Third_Party/FreeRTOS/Source/tasks.o
 .bss.xDelayedTaskList1
                0x24001244       0x14 ./Middlewares/Third_Party/FreeRTOS/Source/tasks.o
 .bss.xDelayedTaskList2
                0x24001258       0x14 ./Middlewares/Third_Party/FreeRTOS/Source/tasks.o
 .bss.pxDelayedTaskList
                0x2400126c        0x4 ./Middlewares/Third_Party/FreeRTOS/Source/tasks.o
 .bss.pxOverflowDelayedTaskList
                0x24001270        0x4 ./Middlewares/Third_Party/FreeRTOS/Source/tasks.o
 .bss.xPendingReadyList
                0x24001274       0x14 ./Middlewares/Third_Party/FreeRTOS/Source/tasks.o
 .bss.xTasksWaitingTermination
                0x24001288       0x14 ./Middlewares/Third_Party/FreeRTOS/Source/tasks.o
 .bss.uxDeletedTasksWaitingCleanUp
                0x2400129c        0x4 ./Middlewares/Third_Party/FreeRTOS/Source/tasks.o
 .bss.xSuspendedTaskList
                0x240012a0       0x14 ./Middlewares/Third_Party/FreeRTOS/Source/tasks.o
 .bss.uxCurrentNumberOfTasks
                0x240012b4        0x4 ./Middlewares/Third_Party/FreeRTOS/Source/tasks.o
 .bss.xTickCount
                0x240012b8        0x4 ./Middlewares/Third_Party/FreeRTOS/Source/tasks.o
 .bss.uxTopReadyPriority
                0x240012bc        0x4 ./Middlewares/Third_Party/FreeRTOS/Source/tasks.o
 .bss.xSchedulerRunning
                0x240012c0        0x4 ./Middlewares/Third_Party/FreeRTOS/Source/tasks.o
 .bss.xPendedTicks
                0x240012c4        0x4 ./Middlewares/Third_Party/FreeRTOS/Source/tasks.o
 .bss.xYieldPending
                0x240012c8        0x4 ./Middlewares/Third_Party/FreeRTOS/Source/tasks.o
 .bss.xNumOfOverflows
                0x240012cc        0x4 ./Middlewares/Third_Party/FreeRTOS/Source/tasks.o
 .bss.uxTaskNumber
                0x240012d0        0x4 ./Middlewares/Third_Party/FreeRTOS/Source/tasks.o
 .bss.xNextTaskUnblockTime
                0x240012d4        0x4 ./Middlewares/Third_Party/FreeRTOS/Source/tasks.o
 .bss.xIdleTaskHandle
                0x240012d8        0x4 ./Middlewares/Third_Party/FreeRTOS/Source/tasks.o
 .bss.uxSchedulerSuspended
                0x240012dc        0x4 ./Middlewares/Third_Party/FreeRTOS/Source/tasks.o
 .bss.xActiveTimerList1
                0x240012e0       0x14 ./Middlewares/Third_Party/FreeRTOS/Source/timers.o
 .bss.xActiveTimerList2
                0x240012f4       0x14 ./Middlewares/Third_Party/FreeRTOS/Source/timers.o
 .bss.pxCurrentTimerList
                0x24001308        0x4 ./Middlewares/Third_Party/FreeRTOS/Source/timers.o
 .bss.pxOverflowTimerList
                0x2400130c        0x4 ./Middlewares/Third_Party/FreeRTOS/Source/timers.o
 .bss.xTimerQueue
                0x24001310        0x4 ./Middlewares/Third_Party/FreeRTOS/Source/timers.o
 .bss.xTimerTaskHandle
                0x24001314        0x4 ./Middlewares/Third_Party/FreeRTOS/Source/timers.o
 .bss.xLastTime.2
                0x24001318        0x4 ./Middlewares/Third_Party/FreeRTOS/Source/timers.o
 .bss.ucStaticTimerQueueStorage.1
                0x2400131c       0xa0 ./Middlewares/Third_Party/FreeRTOS/Source/timers.o
 .bss.xStaticTimerQueue.0
                0x240013bc       0x50 ./Middlewares/Third_Party/FreeRTOS/Source/timers.o
 .bss.ucMaxSysCallPriority
                0x2400140c        0x1 ./Middlewares/Third_Party/FreeRTOS/Source/portable/GCC/ARM_CM4F/port.o
 *fill*         0x2400140d        0x3 
 .bss.ulMaxPRIGROUPValue
                0x24001410        0x4 ./Middlewares/Third_Party/FreeRTOS/Source/portable/GCC/ARM_CM4F/port.o
 .bss.ucHeap    0x24001414     0x3c00 ./Middlewares/Third_Party/FreeRTOS/Source/portable/MemMang/heap_4.o
 .bss.xStart    0x24005014        0x8 ./Middlewares/Third_Party/FreeRTOS/Source/portable/MemMang/heap_4.o
 .bss.pxEnd     0x2400501c        0x4 ./Middlewares/Third_Party/FreeRTOS/Source/portable/MemMang/heap_4.o
 .bss.xFreeBytesRemaining
                0x24005020        0x4 ./Middlewares/Third_Party/FreeRTOS/Source/portable/MemMang/heap_4.o
 .bss.xMinimumEverFreeBytesRemaining
                0x24005024        0x4 ./Middlewares/Third_Party/FreeRTOS/Source/portable/MemMang/heap_4.o
 .bss.xNumberOfSuccessfulAllocations
                0x24005028        0x4 ./Middlewares/Third_Party/FreeRTOS/Source/portable/MemMang/heap_4.o
 .bss.xNumberOfSuccessfulFrees
                0x2400502c        0x4 ./Middlewares/Third_Party/FreeRTOS/Source/portable/MemMang/heap_4.o
 .bss.xBlockAllocatedBit
                0x24005030        0x4 ./Middlewares/Third_Party/FreeRTOS/Source/portable/MemMang/heap_4.o
 .bss._SEGGER_RTT
                0x24005034       0xa8 ./Middlewares/Third_Party/RTT/SEGGER_RTT.o
                0x24005034                _SEGGER_RTT
 .bss._acUpBuffer
                0x240050dc      0x400 ./Middlewares/Third_Party/RTT/SEGGER_RTT.o